Day in Week @ 1.1.1970 : [4,7]
Day in Week @ 18.4.1848 : [6,7]
Day in Week @ 1.1.2000 : [2,7]
Day in Week @ 31.12.2000 : [1,7]
Day in Week @ 28.2.2020 : [3,7]
Day in Week @ 29.2.2020 : [2,7]
Day in Week @ 30.2.2020 : [1,7]
Day in Week @ 1.3.2020 : [1,7]
Day in Week @ 28.2.2100 : [1,7]
Day in Week @ 29.2.2100 : [7,7]
Day in Week @ 31.3.2019 : [1,7]
