Week  @ 1.1.1970 12:00:00 : 29.12.1969 0:00:00 - 604800.0
WeekOfMonth  @ 1.1.1970 12:00:00 : 29.12.1969 0:00:00 - 604800.0
---
Week  @ 18.4.1848 18:48:00 : 17.4.1848 0:00:00 - 604800.0
WeekOfMonth  @ 18.4.1848 18:48:00 : 17.4.1848 0:00:00 - 604800.0
---
Week  @ 1.1.2000 12:00:00 : 27.12.1999 0:00:00 - 604800.0
WeekOfMonth  @ 1.1.2000 12:00:00 : 27.12.1999 0:00:00 - 604800.0
---
Week  @ 31.12.2000 23:59:59 : 25.12.2000 0:00:00 - 604800.0
WeekOfMonth  @ 31.12.2000 23:59:59 : 25.12.2000 0:00:00 - 604800.0
---
Week  @ 28.2.2020 23:59:59 : 24.2.2020 0:00:00 - 604800.0
WeekOfMonth  @ 28.2.2020 23:59:59 : 24.2.2020 0:00:00 - 604800.0
---
Week  @ 29.2.2020 0:00:00 : 24.2.2020 0:00:00 - 604800.0
WeekOfMonth  @ 29.2.2020 0:00:00 : 24.2.2020 0:00:00 - 604800.0
---
Week  @ 29.2.2020 23:59:59 : 24.2.2020 0:00:00 - 604800.0
WeekOfMonth  @ 29.2.2020 23:59:59 : 24.2.2020 0:00:00 - 604800.0
---
Week  @ 30.2.2020 0:00:00 : 24.2.2020 0:00:00 - 604800.0
WeekOfMonth  @ 30.2.2020 0:00:00 : 24.2.2020 0:00:00 - 604800.0
---
Week  @ 1.3.2020 0:00:00 : 24.2.2020 0:00:00 - 604800.0
WeekOfMonth  @ 1.3.2020 0:00:00 : 24.2.2020 0:00:00 - 604800.0
---
Week  @ 28.2.2100 23:59:59 : 22.2.2100 0:00:00 - 604800.0
WeekOfMonth  @ 28.2.2100 23:59:59 : 22.2.2100 0:00:00 - 604800.0
---
Week  @ 29.2.2100 23:59:59 : 1.3.2100 0:00:00 - 604800.0
WeekOfMonth  @ 29.2.2100 23:59:59 : 1.3.2100 0:00:00 - 604800.0
---
Week  @ 31.3.2019 1:59:59 : 25.3.2019 0:00:00 - 604800.0
WeekOfMonth  @ 31.3.2019 1:59:59 : 25.3.2019 0:00:00 - 604800.0
---
Week  @ 31.3.2019 2:00:00 : 25.3.2019 0:00:00 - 604800.0
WeekOfMonth  @ 31.3.2019 2:00:00 : 25.3.2019 0:00:00 - 604800.0
---
Week  @ 31.3.2019 2:59:59 : 25.3.2019 0:00:00 - 604800.0
WeekOfMonth  @ 31.3.2019 2:59:59 : 25.3.2019 0:00:00 - 604800.0
---
Week  @ 31.3.2019 3:00:00 : 25.3.2019 0:00:00 - 604800.0
WeekOfMonth  @ 31.3.2019 3:00:00 : 25.3.2019 0:00:00 - 604800.0
