WeekdayOrdinal in Year @ 1.1.1970 : [1,5]
WeekdayOrdinal in Year @ 18.4.1848 : [1,5]
WeekdayOrdinal in Year @ 1.1.2000 : [1,5]
WeekdayOrdinal in Year @ 31.12.2000 : [1,5]
WeekdayOrdinal in Year @ 28.2.2020 : [1,5]
WeekdayOrdinal in Year @ 29.2.2020 : [1,5]
WeekdayOrdinal in Year @ 30.2.2020 : [1,5]
WeekdayOrdinal in Year @ 1.3.2020 : [1,5]
WeekdayOrdinal in Year @ 28.2.2100 : [1,4]
WeekdayOrdinal in Year @ 29.2.2100 : [1,5]
WeekdayOrdinal in Year @ 31.3.2019 : [1,5]
