WeekOfMonth in Era @ 1.1.1970 12:00:00 : [1,5]
---
WeekOfMonth in Year @ 1.1.1970 12:00:00 : [1,5]
---
WeekOfMonth in Month @ 1.1.1970 12:00:00 : [1,5]
---
WeekOfMonth in Day @ 1.1.1970 12:00:00 : [NSNotFound,NSNotFound]
---
WeekOfMonth in Hour @ 1.1.1970 12:00:00 : [NSNotFound,NSNotFound]
---
WeekOfMonth in Minute @ 1.1.1970 12:00:00 : [NSNotFound,NSNotFound]
---
WeekOfMonth in Second @ 1.1.1970 12:00:00 : [NSNotFound,NSNotFound]
---
WeekOfMonth in Weekday @ 1.1.1970 12:00:00 : [NSNotFound,NSNotFound]
---
WeekOfMonth in WeekdayOrdinal @ 1.1.1970 12:00:00 : [NSNotFound,NSNotFound]
---
WeekOfMonth in WeekOfMonth @ 1.1.1970 12:00:00 : [NSNotFound,NSNotFound]
---
WeekOfMonth in WeekOfYear @ 1.1.1970 12:00:00 : [NSNotFound,NSNotFound]
===
WeekOfMonth in Era @ 18.4.1848 18:48:00 : [1,6]
---
WeekOfMonth in Year @ 18.4.1848 18:48:00 : [1,6]
---
WeekOfMonth in Month @ 18.4.1848 18:48:00 : [4,6]
---
WeekOfMonth in Day @ 18.4.1848 18:48:00 : [NSNotFound,NSNotFound]
---
WeekOfMonth in Hour @ 18.4.1848 18:48:00 : [NSNotFound,NSNotFound]
---
WeekOfMonth in Minute @ 18.4.1848 18:48:00 : [NSNotFound,NSNotFound]
---
WeekOfMonth in Second @ 18.4.1848 18:48:00 : [NSNotFound,NSNotFound]
---
WeekOfMonth in Weekday @ 18.4.1848 18:48:00 : [NSNotFound,NSNotFound]
---
WeekOfMonth in WeekdayOrdinal @ 18.4.1848 18:48:00 : [NSNotFound,NSNotFound]
---
WeekOfMonth in WeekOfMonth @ 18.4.1848 18:48:00 : [NSNotFound,NSNotFound]
---
WeekOfMonth in WeekOfYear @ 18.4.1848 18:48:00 : [NSNotFound,NSNotFound]
===
WeekOfMonth in Era @ 1.1.2000 12:00:00 : [1,6]
---
WeekOfMonth in Year @ 1.1.2000 12:00:00 : [1,6]
---
WeekOfMonth in Month @ 1.1.2000 12:00:00 : [1,6]
---
WeekOfMonth in Day @ 1.1.2000 12:00:00 : [NSNotFound,NSNotFound]
---
WeekOfMonth in Hour @ 1.1.2000 12:00:00 : [NSNotFound,NSNotFound]
---
WeekOfMonth in Minute @ 1.1.2000 12:00:00 : [NSNotFound,NSNotFound]
---
WeekOfMonth in Second @ 1.1.2000 12:00:00 : [NSNotFound,NSNotFound]
---
WeekOfMonth in Weekday @ 1.1.2000 12:00:00 : [NSNotFound,NSNotFound]
---
WeekOfMonth in WeekdayOrdinal @ 1.1.2000 12:00:00 : [NSNotFound,NSNotFound]
---
WeekOfMonth in WeekOfMonth @ 1.1.2000 12:00:00 : [NSNotFound,NSNotFound]
---
WeekOfMonth in WeekOfYear @ 1.1.2000 12:00:00 : [NSNotFound,NSNotFound]
===
WeekOfMonth in Era @ 31.12.2000 23:59:59 : [1,6]
---
WeekOfMonth in Year @ 31.12.2000 23:59:59 : [1,6]
---
WeekOfMonth in Month @ 31.12.2000 23:59:59 : [6,6]
---
WeekOfMonth in Day @ 31.12.2000 23:59:59 : [NSNotFound,NSNotFound]
---
WeekOfMonth in Hour @ 31.12.2000 23:59:59 : [NSNotFound,NSNotFound]
---
WeekOfMonth in Minute @ 31.12.2000 23:59:59 : [NSNotFound,NSNotFound]
---
WeekOfMonth in Second @ 31.12.2000 23:59:59 : [NSNotFound,NSNotFound]
---
WeekOfMonth in Weekday @ 31.12.2000 23:59:59 : [NSNotFound,NSNotFound]
---
WeekOfMonth in WeekdayOrdinal @ 31.12.2000 23:59:59 : [NSNotFound,NSNotFound]
---
WeekOfMonth in WeekOfMonth @ 31.12.2000 23:59:59 : [NSNotFound,NSNotFound]
---
WeekOfMonth in WeekOfYear @ 31.12.2000 23:59:59 : [NSNotFound,NSNotFound]
===
WeekOfMonth in Era @ 28.2.2020 23:59:59 : [1,5]
---
WeekOfMonth in Year @ 28.2.2020 23:59:59 : [1,5]
---
WeekOfMonth in Month @ 28.2.2020 23:59:59 : [5,5]
---
WeekOfMonth in Day @ 28.2.2020 23:59:59 : [NSNotFound,NSNotFound]
---
WeekOfMonth in Hour @ 28.2.2020 23:59:59 : [NSNotFound,NSNotFound]
---
WeekOfMonth in Minute @ 28.2.2020 23:59:59 : [NSNotFound,NSNotFound]
---
WeekOfMonth in Second @ 28.2.2020 23:59:59 : [NSNotFound,NSNotFound]
---
WeekOfMonth in Weekday @ 28.2.2020 23:59:59 : [NSNotFound,NSNotFound]
---
WeekOfMonth in WeekdayOrdinal @ 28.2.2020 23:59:59 : [NSNotFound,NSNotFound]
---
WeekOfMonth in WeekOfMonth @ 28.2.2020 23:59:59 : [NSNotFound,NSNotFound]
---
WeekOfMonth in WeekOfYear @ 28.2.2020 23:59:59 : [NSNotFound,NSNotFound]
===
WeekOfMonth in Era @ 29.2.2020 0:00:00 : [1,5]
---
WeekOfMonth in Year @ 29.2.2020 0:00:00 : [1,5]
---
WeekOfMonth in Month @ 29.2.2020 0:00:00 : [5,5]
---
WeekOfMonth in Day @ 29.2.2020 0:00:00 : [NSNotFound,NSNotFound]
---
WeekOfMonth in Hour @ 29.2.2020 0:00:00 : [NSNotFound,NSNotFound]
---
WeekOfMonth in Minute @ 29.2.2020 0:00:00 : [NSNotFound,NSNotFound]
---
WeekOfMonth in Second @ 29.2.2020 0:00:00 : [NSNotFound,NSNotFound]
---
WeekOfMonth in Weekday @ 29.2.2020 0:00:00 : [NSNotFound,NSNotFound]
---
WeekOfMonth in WeekdayOrdinal @ 29.2.2020 0:00:00 : [NSNotFound,NSNotFound]
---
WeekOfMonth in WeekOfMonth @ 29.2.2020 0:00:00 : [NSNotFound,NSNotFound]
---
WeekOfMonth in WeekOfYear @ 29.2.2020 0:00:00 : [NSNotFound,NSNotFound]
===
WeekOfMonth in Era @ 29.2.2020 23:59:59 : [1,5]
---
WeekOfMonth in Year @ 29.2.2020 23:59:59 : [1,5]
---
WeekOfMonth in Month @ 29.2.2020 23:59:59 : [5,5]
---
WeekOfMonth in Day @ 29.2.2020 23:59:59 : [NSNotFound,NSNotFound]
---
WeekOfMonth in Hour @ 29.2.2020 23:59:59 : [NSNotFound,NSNotFound]
---
WeekOfMonth in Minute @ 29.2.2020 23:59:59 : [NSNotFound,NSNotFound]
---
WeekOfMonth in Second @ 29.2.2020 23:59:59 : [NSNotFound,NSNotFound]
---
WeekOfMonth in Weekday @ 29.2.2020 23:59:59 : [NSNotFound,NSNotFound]
---
WeekOfMonth in WeekdayOrdinal @ 29.2.2020 23:59:59 : [NSNotFound,NSNotFound]
---
WeekOfMonth in WeekOfMonth @ 29.2.2020 23:59:59 : [NSNotFound,NSNotFound]
---
WeekOfMonth in WeekOfYear @ 29.2.2020 23:59:59 : [NSNotFound,NSNotFound]
===
WeekOfMonth in Era @ 30.2.2020 0:00:00 : [1,5]
---
WeekOfMonth in Year @ 30.2.2020 0:00:00 : [1,5]
---
WeekOfMonth in Month @ 30.2.2020 0:00:00 : [1,5]
---
WeekOfMonth in Day @ 30.2.2020 0:00:00 : [NSNotFound,NSNotFound]
---
WeekOfMonth in Hour @ 30.2.2020 0:00:00 : [NSNotFound,NSNotFound]
---
WeekOfMonth in Minute @ 30.2.2020 0:00:00 : [NSNotFound,NSNotFound]
---
WeekOfMonth in Second @ 30.2.2020 0:00:00 : [NSNotFound,NSNotFound]
---
WeekOfMonth in Weekday @ 30.2.2020 0:00:00 : [NSNotFound,NSNotFound]
---
WeekOfMonth in WeekdayOrdinal @ 30.2.2020 0:00:00 : [NSNotFound,NSNotFound]
---
WeekOfMonth in WeekOfMonth @ 30.2.2020 0:00:00 : [NSNotFound,NSNotFound]
---
WeekOfMonth in WeekOfYear @ 30.2.2020 0:00:00 : [NSNotFound,NSNotFound]
===
WeekOfMonth in Era @ 1.3.2020 0:00:00 : [1,5]
---
WeekOfMonth in Year @ 1.3.2020 0:00:00 : [1,5]
---
WeekOfMonth in Month @ 1.3.2020 0:00:00 : [1,5]
---
WeekOfMonth in Day @ 1.3.2020 0:00:00 : [NSNotFound,NSNotFound]
---
WeekOfMonth in Hour @ 1.3.2020 0:00:00 : [NSNotFound,NSNotFound]
---
WeekOfMonth in Minute @ 1.3.2020 0:00:00 : [NSNotFound,NSNotFound]
---
WeekOfMonth in Second @ 1.3.2020 0:00:00 : [NSNotFound,NSNotFound]
---
WeekOfMonth in Weekday @ 1.3.2020 0:00:00 : [NSNotFound,NSNotFound]
---
WeekOfMonth in WeekdayOrdinal @ 1.3.2020 0:00:00 : [NSNotFound,NSNotFound]
---
WeekOfMonth in WeekOfMonth @ 1.3.2020 0:00:00 : [NSNotFound,NSNotFound]
---
WeekOfMonth in WeekOfYear @ 1.3.2020 0:00:00 : [NSNotFound,NSNotFound]
===
WeekOfMonth in Era @ 28.2.2100 23:59:59 : [1,4]
---
WeekOfMonth in Year @ 28.2.2100 23:59:59 : [1,4]
---
WeekOfMonth in Month @ 28.2.2100 23:59:59 : [5,4]
---
WeekOfMonth in Day @ 28.2.2100 23:59:59 : [NSNotFound,NSNotFound]
---
WeekOfMonth in Hour @ 28.2.2100 23:59:59 : [NSNotFound,NSNotFound]
---
WeekOfMonth in Minute @ 28.2.2100 23:59:59 : [NSNotFound,NSNotFound]
---
WeekOfMonth in Second @ 28.2.2100 23:59:59 : [NSNotFound,NSNotFound]
---
WeekOfMonth in Weekday @ 28.2.2100 23:59:59 : [NSNotFound,NSNotFound]
---
WeekOfMonth in WeekdayOrdinal @ 28.2.2100 23:59:59 : [NSNotFound,NSNotFound]
---
WeekOfMonth in WeekOfMonth @ 28.2.2100 23:59:59 : [NSNotFound,NSNotFound]
---
WeekOfMonth in WeekOfYear @ 28.2.2100 23:59:59 : [NSNotFound,NSNotFound]
===
WeekOfMonth in Era @ 29.2.2100 23:59:59 : [1,5]
---
WeekOfMonth in Year @ 29.2.2100 23:59:59 : [1,5]
---
WeekOfMonth in Month @ 29.2.2100 23:59:59 : [1,5]
---
WeekOfMonth in Day @ 29.2.2100 23:59:59 : [NSNotFound,NSNotFound]
---
WeekOfMonth in Hour @ 29.2.2100 23:59:59 : [NSNotFound,NSNotFound]
---
WeekOfMonth in Minute @ 29.2.2100 23:59:59 : [NSNotFound,NSNotFound]
---
WeekOfMonth in Second @ 29.2.2100 23:59:59 : [NSNotFound,NSNotFound]
---
WeekOfMonth in Weekday @ 29.2.2100 23:59:59 : [NSNotFound,NSNotFound]
---
WeekOfMonth in WeekdayOrdinal @ 29.2.2100 23:59:59 : [NSNotFound,NSNotFound]
---
WeekOfMonth in WeekOfMonth @ 29.2.2100 23:59:59 : [NSNotFound,NSNotFound]
---
WeekOfMonth in WeekOfYear @ 29.2.2100 23:59:59 : [NSNotFound,NSNotFound]
===
WeekOfMonth in Era @ 31.3.2019 1:59:59 : [1,6]
---
WeekOfMonth in Year @ 31.3.2019 1:59:59 : [1,6]
---
WeekOfMonth in Month @ 31.3.2019 1:59:59 : [6,6]
---
WeekOfMonth in Day @ 31.3.2019 1:59:59 : [NSNotFound,NSNotFound]
---
WeekOfMonth in Hour @ 31.3.2019 1:59:59 : [NSNotFound,NSNotFound]
---
WeekOfMonth in Minute @ 31.3.2019 1:59:59 : [NSNotFound,NSNotFound]
---
WeekOfMonth in Second @ 31.3.2019 1:59:59 : [NSNotFound,NSNotFound]
---
WeekOfMonth in Weekday @ 31.3.2019 1:59:59 : [NSNotFound,NSNotFound]
---
WeekOfMonth in WeekdayOrdinal @ 31.3.2019 1:59:59 : [NSNotFound,NSNotFound]
---
WeekOfMonth in WeekOfMonth @ 31.3.2019 1:59:59 : [NSNotFound,NSNotFound]
---
WeekOfMonth in WeekOfYear @ 31.3.2019 1:59:59 : [NSNotFound,NSNotFound]
===
WeekOfMonth in Era @ 31.3.2019 2:00:00 : [1,6]
---
WeekOfMonth in Year @ 31.3.2019 2:00:00 : [1,6]
---
WeekOfMonth in Month @ 31.3.2019 2:00:00 : [6,6]
---
WeekOfMonth in Day @ 31.3.2019 2:00:00 : [NSNotFound,NSNotFound]
---
WeekOfMonth in Hour @ 31.3.2019 2:00:00 : [NSNotFound,NSNotFound]
---
WeekOfMonth in Minute @ 31.3.2019 2:00:00 : [NSNotFound,NSNotFound]
---
WeekOfMonth in Second @ 31.3.2019 2:00:00 : [NSNotFound,NSNotFound]
---
WeekOfMonth in Weekday @ 31.3.2019 2:00:00 : [NSNotFound,NSNotFound]
---
WeekOfMonth in WeekdayOrdinal @ 31.3.2019 2:00:00 : [NSNotFound,NSNotFound]
---
WeekOfMonth in WeekOfMonth @ 31.3.2019 2:00:00 : [NSNotFound,NSNotFound]
---
WeekOfMonth in WeekOfYear @ 31.3.2019 2:00:00 : [NSNotFound,NSNotFound]
===
WeekOfMonth in Era @ 31.3.2019 2:59:59 : [1,6]
---
WeekOfMonth in Year @ 31.3.2019 2:59:59 : [1,6]
---
WeekOfMonth in Month @ 31.3.2019 2:59:59 : [6,6]
---
WeekOfMonth in Day @ 31.3.2019 2:59:59 : [NSNotFound,NSNotFound]
---
WeekOfMonth in Hour @ 31.3.2019 2:59:59 : [NSNotFound,NSNotFound]
---
WeekOfMonth in Minute @ 31.3.2019 2:59:59 : [NSNotFound,NSNotFound]
---
WeekOfMonth in Second @ 31.3.2019 2:59:59 : [NSNotFound,NSNotFound]
---
WeekOfMonth in Weekday @ 31.3.2019 2:59:59 : [NSNotFound,NSNotFound]
---
WeekOfMonth in WeekdayOrdinal @ 31.3.2019 2:59:59 : [NSNotFound,NSNotFound]
---
WeekOfMonth in WeekOfMonth @ 31.3.2019 2:59:59 : [NSNotFound,NSNotFound]
---
WeekOfMonth in WeekOfYear @ 31.3.2019 2:59:59 : [NSNotFound,NSNotFound]
===
WeekOfMonth in Era @ 31.3.2019 3:00:00 : [1,6]
---
WeekOfMonth in Year @ 31.3.2019 3:00:00 : [1,6]
---
WeekOfMonth in Month @ 31.3.2019 3:00:00 : [6,6]
---
WeekOfMonth in Day @ 31.3.2019 3:00:00 : [NSNotFound,NSNotFound]
---
WeekOfMonth in Hour @ 31.3.2019 3:00:00 : [NSNotFound,NSNotFound]
---
WeekOfMonth in Minute @ 31.3.2019 3:00:00 : [NSNotFound,NSNotFound]
---
WeekOfMonth in Second @ 31.3.2019 3:00:00 : [NSNotFound,NSNotFound]
---
WeekOfMonth in Weekday @ 31.3.2019 3:00:00 : [NSNotFound,NSNotFound]
---
WeekOfMonth in WeekdayOrdinal @ 31.3.2019 3:00:00 : [NSNotFound,NSNotFound]
---
WeekOfMonth in WeekOfMonth @ 31.3.2019 3:00:00 : [NSNotFound,NSNotFound]
---
WeekOfMonth in WeekOfYear @ 31.3.2019 3:00:00 : [NSNotFound,NSNotFound]
