WeekOfYear in Era @ 1.1.1970 12:00:00 : [1,53]
---
WeekOfYear in Year @ 1.1.1970 12:00:00 : [1,53]
---
WeekOfYear in Month @ 1.1.1970 12:00:00 : [1,5]
---
WeekOfYear in Day @ 1.1.1970 12:00:00 : [NSNotFound,NSNotFound]
---
WeekOfYear in Hour @ 1.1.1970 12:00:00 : [NSNotFound,NSNotFound]
---
WeekOfYear in Minute @ 1.1.1970 12:00:00 : [NSNotFound,NSNotFound]
---
WeekOfYear in Second @ 1.1.1970 12:00:00 : [NSNotFound,NSNotFound]
---
WeekOfYear in Weekday @ 1.1.1970 12:00:00 : [NSNotFound,NSNotFound]
---
WeekOfYear in WeekdayOrdinal @ 1.1.1970 12:00:00 : [NSNotFound,NSNotFound]
---
WeekOfYear in WeekOfMonth @ 1.1.1970 12:00:00 : [NSNotFound,NSNotFound]
---
WeekOfYear in WeekOfYear @ 1.1.1970 12:00:00 : [NSNotFound,NSNotFound]
===
WeekOfYear in Era @ 18.4.1848 18:48:00 : [1,54]
---
WeekOfYear in Year @ 18.4.1848 18:48:00 : [1,54]
---
WeekOfYear in Month @ 18.4.1848 18:48:00 : [4,6]
---
WeekOfYear in Day @ 18.4.1848 18:48:00 : [NSNotFound,NSNotFound]
---
WeekOfYear in Hour @ 18.4.1848 18:48:00 : [NSNotFound,NSNotFound]
---
WeekOfYear in Minute @ 18.4.1848 18:48:00 : [NSNotFound,NSNotFound]
---
WeekOfYear in Second @ 18.4.1848 18:48:00 : [NSNotFound,NSNotFound]
---
WeekOfYear in Weekday @ 18.4.1848 18:48:00 : [NSNotFound,NSNotFound]
---
WeekOfYear in WeekdayOrdinal @ 18.4.1848 18:48:00 : [NSNotFound,NSNotFound]
---
WeekOfYear in WeekOfMonth @ 18.4.1848 18:48:00 : [NSNotFound,NSNotFound]
---
WeekOfYear in WeekOfYear @ 18.4.1848 18:48:00 : [NSNotFound,NSNotFound]
===
WeekOfYear in Era @ 1.1.2000 12:00:00 : [1,54]
---
WeekOfYear in Year @ 1.1.2000 12:00:00 : [1,54]
---
WeekOfYear in Month @ 1.1.2000 12:00:00 : [1,6]
---
WeekOfYear in Day @ 1.1.2000 12:00:00 : [NSNotFound,NSNotFound]
---
WeekOfYear in Hour @ 1.1.2000 12:00:00 : [NSNotFound,NSNotFound]
---
WeekOfYear in Minute @ 1.1.2000 12:00:00 : [NSNotFound,NSNotFound]
---
WeekOfYear in Second @ 1.1.2000 12:00:00 : [NSNotFound,NSNotFound]
---
WeekOfYear in Weekday @ 1.1.2000 12:00:00 : [NSNotFound,NSNotFound]
---
WeekOfYear in WeekdayOrdinal @ 1.1.2000 12:00:00 : [NSNotFound,NSNotFound]
---
WeekOfYear in WeekOfMonth @ 1.1.2000 12:00:00 : [NSNotFound,NSNotFound]
---
WeekOfYear in WeekOfYear @ 1.1.2000 12:00:00 : [NSNotFound,NSNotFound]
===
WeekOfYear in Era @ 31.12.2000 23:59:59 : [1,54]
---
WeekOfYear in Year @ 31.12.2000 23:59:59 : [1,54]
---
WeekOfYear in Month @ 31.12.2000 23:59:59 : [6,6]
---
WeekOfYear in Day @ 31.12.2000 23:59:59 : [NSNotFound,NSNotFound]
---
WeekOfYear in Hour @ 31.12.2000 23:59:59 : [NSNotFound,NSNotFound]
---
WeekOfYear in Minute @ 31.12.2000 23:59:59 : [NSNotFound,NSNotFound]
---
WeekOfYear in Second @ 31.12.2000 23:59:59 : [NSNotFound,NSNotFound]
---
WeekOfYear in Weekday @ 31.12.2000 23:59:59 : [NSNotFound,NSNotFound]
---
WeekOfYear in WeekdayOrdinal @ 31.12.2000 23:59:59 : [NSNotFound,NSNotFound]
---
WeekOfYear in WeekOfMonth @ 31.12.2000 23:59:59 : [NSNotFound,NSNotFound]
---
WeekOfYear in WeekOfYear @ 31.12.2000 23:59:59 : [NSNotFound,NSNotFound]
===
WeekOfYear in Era @ 28.2.2020 23:59:59 : [1,53]
---
WeekOfYear in Year @ 28.2.2020 23:59:59 : [1,53]
---
WeekOfYear in Month @ 28.2.2020 23:59:59 : [5,5]
---
WeekOfYear in Day @ 28.2.2020 23:59:59 : [NSNotFound,NSNotFound]
---
WeekOfYear in Hour @ 28.2.2020 23:59:59 : [NSNotFound,NSNotFound]
---
WeekOfYear in Minute @ 28.2.2020 23:59:59 : [NSNotFound,NSNotFound]
---
WeekOfYear in Second @ 28.2.2020 23:59:59 : [NSNotFound,NSNotFound]
---
WeekOfYear in Weekday @ 28.2.2020 23:59:59 : [NSNotFound,NSNotFound]
---
WeekOfYear in WeekdayOrdinal @ 28.2.2020 23:59:59 : [NSNotFound,NSNotFound]
---
WeekOfYear in WeekOfMonth @ 28.2.2020 23:59:59 : [NSNotFound,NSNotFound]
---
WeekOfYear in WeekOfYear @ 28.2.2020 23:59:59 : [NSNotFound,NSNotFound]
===
WeekOfYear in Era @ 29.2.2020 0:00:00 : [1,53]
---
WeekOfYear in Year @ 29.2.2020 0:00:00 : [1,53]
---
WeekOfYear in Month @ 29.2.2020 0:00:00 : [5,5]
---
WeekOfYear in Day @ 29.2.2020 0:00:00 : [NSNotFound,NSNotFound]
---
WeekOfYear in Hour @ 29.2.2020 0:00:00 : [NSNotFound,NSNotFound]
---
WeekOfYear in Minute @ 29.2.2020 0:00:00 : [NSNotFound,NSNotFound]
---
WeekOfYear in Second @ 29.2.2020 0:00:00 : [NSNotFound,NSNotFound]
---
WeekOfYear in Weekday @ 29.2.2020 0:00:00 : [NSNotFound,NSNotFound]
---
WeekOfYear in WeekdayOrdinal @ 29.2.2020 0:00:00 : [NSNotFound,NSNotFound]
---
WeekOfYear in WeekOfMonth @ 29.2.2020 0:00:00 : [NSNotFound,NSNotFound]
---
WeekOfYear in WeekOfYear @ 29.2.2020 0:00:00 : [NSNotFound,NSNotFound]
===
WeekOfYear in Era @ 29.2.2020 23:59:59 : [1,53]
---
WeekOfYear in Year @ 29.2.2020 23:59:59 : [1,53]
---
WeekOfYear in Month @ 29.2.2020 23:59:59 : [5,5]
---
WeekOfYear in Day @ 29.2.2020 23:59:59 : [NSNotFound,NSNotFound]
---
WeekOfYear in Hour @ 29.2.2020 23:59:59 : [NSNotFound,NSNotFound]
---
WeekOfYear in Minute @ 29.2.2020 23:59:59 : [NSNotFound,NSNotFound]
---
WeekOfYear in Second @ 29.2.2020 23:59:59 : [NSNotFound,NSNotFound]
---
WeekOfYear in Weekday @ 29.2.2020 23:59:59 : [NSNotFound,NSNotFound]
---
WeekOfYear in WeekdayOrdinal @ 29.2.2020 23:59:59 : [NSNotFound,NSNotFound]
---
WeekOfYear in WeekOfMonth @ 29.2.2020 23:59:59 : [NSNotFound,NSNotFound]
---
WeekOfYear in WeekOfYear @ 29.2.2020 23:59:59 : [NSNotFound,NSNotFound]
===
WeekOfYear in Era @ 30.2.2020 0:00:00 : [1,53]
---
WeekOfYear in Year @ 30.2.2020 0:00:00 : [1,53]
---
WeekOfYear in Month @ 30.2.2020 0:00:00 : [1,5]
---
WeekOfYear in Day @ 30.2.2020 0:00:00 : [NSNotFound,NSNotFound]
---
WeekOfYear in Hour @ 30.2.2020 0:00:00 : [NSNotFound,NSNotFound]
---
WeekOfYear in Minute @ 30.2.2020 0:00:00 : [NSNotFound,NSNotFound]
---
WeekOfYear in Second @ 30.2.2020 0:00:00 : [NSNotFound,NSNotFound]
---
WeekOfYear in Weekday @ 30.2.2020 0:00:00 : [NSNotFound,NSNotFound]
---
WeekOfYear in WeekdayOrdinal @ 30.2.2020 0:00:00 : [NSNotFound,NSNotFound]
---
WeekOfYear in WeekOfMonth @ 30.2.2020 0:00:00 : [NSNotFound,NSNotFound]
---
WeekOfYear in WeekOfYear @ 30.2.2020 0:00:00 : [NSNotFound,NSNotFound]
===
WeekOfYear in Era @ 1.3.2020 0:00:00 : [1,53]
---
WeekOfYear in Year @ 1.3.2020 0:00:00 : [1,53]
---
WeekOfYear in Month @ 1.3.2020 0:00:00 : [1,5]
---
WeekOfYear in Day @ 1.3.2020 0:00:00 : [NSNotFound,NSNotFound]
---
WeekOfYear in Hour @ 1.3.2020 0:00:00 : [NSNotFound,NSNotFound]
---
WeekOfYear in Minute @ 1.3.2020 0:00:00 : [NSNotFound,NSNotFound]
---
WeekOfYear in Second @ 1.3.2020 0:00:00 : [NSNotFound,NSNotFound]
---
WeekOfYear in Weekday @ 1.3.2020 0:00:00 : [NSNotFound,NSNotFound]
---
WeekOfYear in WeekdayOrdinal @ 1.3.2020 0:00:00 : [NSNotFound,NSNotFound]
---
WeekOfYear in WeekOfMonth @ 1.3.2020 0:00:00 : [NSNotFound,NSNotFound]
---
WeekOfYear in WeekOfYear @ 1.3.2020 0:00:00 : [NSNotFound,NSNotFound]
===
WeekOfYear in Era @ 28.2.2100 23:59:59 : [1,53]
---
WeekOfYear in Year @ 28.2.2100 23:59:59 : [1,53]
---
WeekOfYear in Month @ 28.2.2100 23:59:59 : [5,4]
---
WeekOfYear in Day @ 28.2.2100 23:59:59 : [NSNotFound,NSNotFound]
---
WeekOfYear in Hour @ 28.2.2100 23:59:59 : [NSNotFound,NSNotFound]
---
WeekOfYear in Minute @ 28.2.2100 23:59:59 : [NSNotFound,NSNotFound]
---
WeekOfYear in Second @ 28.2.2100 23:59:59 : [NSNotFound,NSNotFound]
---
WeekOfYear in Weekday @ 28.2.2100 23:59:59 : [NSNotFound,NSNotFound]
---
WeekOfYear in WeekdayOrdinal @ 28.2.2100 23:59:59 : [NSNotFound,NSNotFound]
---
WeekOfYear in WeekOfMonth @ 28.2.2100 23:59:59 : [NSNotFound,NSNotFound]
---
WeekOfYear in WeekOfYear @ 28.2.2100 23:59:59 : [NSNotFound,NSNotFound]
===
WeekOfYear in Era @ 29.2.2100 23:59:59 : [1,53]
---
WeekOfYear in Year @ 29.2.2100 23:59:59 : [1,53]
---
WeekOfYear in Month @ 29.2.2100 23:59:59 : [1,5]
---
WeekOfYear in Day @ 29.2.2100 23:59:59 : [NSNotFound,NSNotFound]
---
WeekOfYear in Hour @ 29.2.2100 23:59:59 : [NSNotFound,NSNotFound]
---
WeekOfYear in Minute @ 29.2.2100 23:59:59 : [NSNotFound,NSNotFound]
---
WeekOfYear in Second @ 29.2.2100 23:59:59 : [NSNotFound,NSNotFound]
---
WeekOfYear in Weekday @ 29.2.2100 23:59:59 : [NSNotFound,NSNotFound]
---
WeekOfYear in WeekdayOrdinal @ 29.2.2100 23:59:59 : [NSNotFound,NSNotFound]
---
WeekOfYear in WeekOfMonth @ 29.2.2100 23:59:59 : [NSNotFound,NSNotFound]
---
WeekOfYear in WeekOfYear @ 29.2.2100 23:59:59 : [NSNotFound,NSNotFound]
===
WeekOfYear in Era @ 31.3.2019 1:59:59 : [1,53]
---
WeekOfYear in Year @ 31.3.2019 1:59:59 : [1,53]
---
WeekOfYear in Month @ 31.3.2019 1:59:59 : [6,6]
---
WeekOfYear in Day @ 31.3.2019 1:59:59 : [NSNotFound,NSNotFound]
---
WeekOfYear in Hour @ 31.3.2019 1:59:59 : [NSNotFound,NSNotFound]
---
WeekOfYear in Minute @ 31.3.2019 1:59:59 : [NSNotFound,NSNotFound]
---
WeekOfYear in Second @ 31.3.2019 1:59:59 : [NSNotFound,NSNotFound]
---
WeekOfYear in Weekday @ 31.3.2019 1:59:59 : [NSNotFound,NSNotFound]
---
WeekOfYear in WeekdayOrdinal @ 31.3.2019 1:59:59 : [NSNotFound,NSNotFound]
---
WeekOfYear in WeekOfMonth @ 31.3.2019 1:59:59 : [NSNotFound,NSNotFound]
---
WeekOfYear in WeekOfYear @ 31.3.2019 1:59:59 : [NSNotFound,NSNotFound]
===
WeekOfYear in Era @ 31.3.2019 2:00:00 : [1,53]
---
WeekOfYear in Year @ 31.3.2019 2:00:00 : [1,53]
---
WeekOfYear in Month @ 31.3.2019 2:00:00 : [6,6]
---
WeekOfYear in Day @ 31.3.2019 2:00:00 : [NSNotFound,NSNotFound]
---
WeekOfYear in Hour @ 31.3.2019 2:00:00 : [NSNotFound,NSNotFound]
---
WeekOfYear in Minute @ 31.3.2019 2:00:00 : [NSNotFound,NSNotFound]
---
WeekOfYear in Second @ 31.3.2019 2:00:00 : [NSNotFound,NSNotFound]
---
WeekOfYear in Weekday @ 31.3.2019 2:00:00 : [NSNotFound,NSNotFound]
---
WeekOfYear in WeekdayOrdinal @ 31.3.2019 2:00:00 : [NSNotFound,NSNotFound]
---
WeekOfYear in WeekOfMonth @ 31.3.2019 2:00:00 : [NSNotFound,NSNotFound]
---
WeekOfYear in WeekOfYear @ 31.3.2019 2:00:00 : [NSNotFound,NSNotFound]
===
WeekOfYear in Era @ 31.3.2019 2:59:59 : [1,53]
---
WeekOfYear in Year @ 31.3.2019 2:59:59 : [1,53]
---
WeekOfYear in Month @ 31.3.2019 2:59:59 : [6,6]
---
WeekOfYear in Day @ 31.3.2019 2:59:59 : [NSNotFound,NSNotFound]
---
WeekOfYear in Hour @ 31.3.2019 2:59:59 : [NSNotFound,NSNotFound]
---
WeekOfYear in Minute @ 31.3.2019 2:59:59 : [NSNotFound,NSNotFound]
---
WeekOfYear in Second @ 31.3.2019 2:59:59 : [NSNotFound,NSNotFound]
---
WeekOfYear in Weekday @ 31.3.2019 2:59:59 : [NSNotFound,NSNotFound]
---
WeekOfYear in WeekdayOrdinal @ 31.3.2019 2:59:59 : [NSNotFound,NSNotFound]
---
WeekOfYear in WeekOfMonth @ 31.3.2019 2:59:59 : [NSNotFound,NSNotFound]
---
WeekOfYear in WeekOfYear @ 31.3.2019 2:59:59 : [NSNotFound,NSNotFound]
===
WeekOfYear in Era @ 31.3.2019 3:00:00 : [1,53]
---
WeekOfYear in Year @ 31.3.2019 3:00:00 : [1,53]
---
WeekOfYear in Month @ 31.3.2019 3:00:00 : [6,6]
---
WeekOfYear in Day @ 31.3.2019 3:00:00 : [NSNotFound,NSNotFound]
---
WeekOfYear in Hour @ 31.3.2019 3:00:00 : [NSNotFound,NSNotFound]
---
WeekOfYear in Minute @ 31.3.2019 3:00:00 : [NSNotFound,NSNotFound]
---
WeekOfYear in Second @ 31.3.2019 3:00:00 : [NSNotFound,NSNotFound]
---
WeekOfYear in Weekday @ 31.3.2019 3:00:00 : [NSNotFound,NSNotFound]
---
WeekOfYear in WeekdayOrdinal @ 31.3.2019 3:00:00 : [NSNotFound,NSNotFound]
---
WeekOfYear in WeekOfMonth @ 31.3.2019 3:00:00 : [NSNotFound,NSNotFound]
---
WeekOfYear in WeekOfYear @ 31.3.2019 3:00:00 : [NSNotFound,NSNotFound]
