NSWeekCalendarUnit in NSMonthCalendarUnit @ 1.1.1970 12:00:00 : [1,5]
NSWeekCalendarUnit in NSMonthCalendarUnit @ 18.4.1848 18:48:00 : [4,6]
NSWeekCalendarUnit in NSMonthCalendarUnit @ 1.1.2000 12:00:00 : [1,6]
NSWeekCalendarUnit in NSMonthCalendarUnit @ 31.12.2000 23:59:59 : [6,6]
NSWeekCalendarUnit in NSMonthCalendarUnit @ 28.2.2020 23:59:59 : [5,5]
NSWeekCalendarUnit in NSMonthCalendarUnit @ 29.2.2020 0:00:00 : [5,5]
NSWeekCalendarUnit in NSMonthCalendarUnit @ 29.2.2020 23:59:59 : [5,5]
NSWeekCalendarUnit in NSMonthCalendarUnit @ 30.2.2020 0:00:00 : [1,5]
NSWeekCalendarUnit in NSMonthCalendarUnit @ 1.3.2020 0:00:00 : [1,5]
NSWeekCalendarUnit in NSMonthCalendarUnit @ 28.2.2100 23:59:59 : [5,4]
NSWeekCalendarUnit in NSMonthCalendarUnit @ 29.2.2100 23:59:59 : [1,5]
NSWeekCalendarUnit in NSMonthCalendarUnit @ 31.3.2019 1:59:59 : [6,6]
NSWeekCalendarUnit in NSMonthCalendarUnit @ 31.3.2019 2:00:00 : [6,6]
NSWeekCalendarUnit in NSMonthCalendarUnit @ 31.3.2019 2:59:59 : [6,6]
NSWeekCalendarUnit in NSMonthCalendarUnit @ 31.3.2019 3:00:00 : [6,6]
