firstWeekday           : 1
minimumDaysInFirstWeek : 1
