16.12.2014  firstWeekday: Mi
21.12.2014  firstWeekday: Mi
26.12.2014  firstWeekday: Mi
31.12.2014  firstWeekday: Mi
5.1.2015  firstWeekday: Do
10.1.2015  firstWeekday: Do
16.12.2015  firstWeekday: Do
21.12.2015  firstWeekday: Do
26.12.2015  firstWeekday: Do
31.12.2015  firstWeekday: Do
5.1.2016  firstWeekday: Fr
10.1.2016  firstWeekday: Fr
16.12.2016  firstWeekday: Fr
21.12.2016  firstWeekday: Fr
26.12.2016  firstWeekday: Fr
31.12.2016  firstWeekday: Fr
5.1.2017  firstWeekday: So
10.1.2017  firstWeekday: So
16.12.2017  firstWeekday: So
21.12.2017  firstWeekday: So
26.12.2017  firstWeekday: So
31.12.2017  firstWeekday: So
5.1.2018  firstWeekday: Mo
10.1.2018  firstWeekday: Mo
16.12.2018  firstWeekday: Mo
21.12.2018  firstWeekday: Mo
26.12.2018  firstWeekday: Mo
31.12.2018  firstWeekday: Mo
5.1.2019  firstWeekday: Di
10.1.2019  firstWeekday: Di
16.12.2019  firstWeekday: Di
21.12.2019  firstWeekday: Di
26.12.2019  firstWeekday: Di
31.12.2019  firstWeekday: Di
5.1.2020  firstWeekday: Mi
10.1.2020  firstWeekday: Mi
