30.12.2009  week: 53
31.12.2009  week: 53
1.1.2010  week: 53
2.1.2010  week: 53
3.1.2010  week: 53
4.1.2010  week: 1
5.1.2010  week: 1
6.1.2010  week: 1
7.1.2010  week: 1
8.1.2010  week: 1
9.1.2010  week: 1
10.1.2010  week: 1
11.1.2010  week: 2
12.1.2010  week: 2
13.1.2010  week: 2
14.1.2010  week: 2
30.12.2010  week: 52
31.12.2010  week: 52
1.1.2011  week: 52
2.1.2011  week: 52
3.1.2011  week: 1
4.1.2011  week: 1
5.1.2011  week: 1
6.1.2011  week: 1
7.1.2011  week: 1
8.1.2011  week: 1
9.1.2011  week: 1
10.1.2011  week: 2
11.1.2011  week: 2
12.1.2011  week: 2
13.1.2011  week: 2
14.1.2011  week: 2
30.12.2011  week: 52
31.12.2011  week: 52
1.1.2012  week: 52
2.1.2012  week: 1
3.1.2012  week: 1
4.1.2012  week: 1
5.1.2012  week: 1
6.1.2012  week: 1
7.1.2012  week: 1
8.1.2012  week: 1
9.1.2012  week: 2
10.1.2012  week: 2
11.1.2012  week: 2
12.1.2012  week: 2
13.1.2012  week: 2
14.1.2012  week: 2
30.12.2012  week: 52
31.12.2012  week: 1
1.1.2013  week: 1
2.1.2013  week: 1
3.1.2013  week: 1
4.1.2013  week: 1
5.1.2013  week: 1
6.1.2013  week: 1
7.1.2013  week: 2
8.1.2013  week: 2
9.1.2013  week: 2
10.1.2013  week: 2
11.1.2013  week: 2
12.1.2013  week: 2
13.1.2013  week: 2
14.1.2013  week: 3
30.12.2013  week: 1
31.12.2013  week: 1
1.1.2014  week: 1
2.1.2014  week: 1
3.1.2014  week: 1
4.1.2014  week: 1
5.1.2014  week: 1
6.1.2014  week: 2
7.1.2014  week: 2
8.1.2014  week: 2
9.1.2014  week: 2
10.1.2014  week: 2
11.1.2014  week: 2
12.1.2014  week: 2
13.1.2014  week: 3
14.1.2014  week: 3
30.12.2014  week: 1
31.12.2014  week: 1
1.1.2015  week: 1
2.1.2015  week: 1
3.1.2015  week: 1
4.1.2015  week: 1
5.1.2015  week: 2
6.1.2015  week: 2
7.1.2015  week: 2
8.1.2015  week: 2
9.1.2015  week: 2
10.1.2015  week: 2
11.1.2015  week: 2
12.1.2015  week: 3
13.1.2015  week: 3
14.1.2015  week: 3
30.12.2015  week: 53
31.12.2015  week: 53
1.1.2016  week: 53
2.1.2016  week: 53
3.1.2016  week: 53
4.1.2016  week: 1
5.1.2016  week: 1
6.1.2016  week: 1
7.1.2016  week: 1
8.1.2016  week: 1
9.1.2016  week: 1
10.1.2016  week: 1
11.1.2016  week: 2
12.1.2016  week: 2
13.1.2016  week: 2
14.1.2016  week: 2
30.12.2016  week: 52
31.12.2016  week: 52
1.1.2017  week: 52
2.1.2017  week: 1
3.1.2017  week: 1
4.1.2017  week: 1
5.1.2017  week: 1
6.1.2017  week: 1
7.1.2017  week: 1
8.1.2017  week: 1
9.1.2017  week: 2
10.1.2017  week: 2
11.1.2017  week: 2
12.1.2017  week: 2
13.1.2017  week: 2
14.1.2017  week: 2
30.12.2017  week: 52
31.12.2017  week: 52
1.1.2018  week: 1
2.1.2018  week: 1
3.1.2018  week: 1
4.1.2018  week: 1
5.1.2018  week: 1
6.1.2018  week: 1
7.1.2018  week: 1
8.1.2018  week: 2
9.1.2018  week: 2
10.1.2018  week: 2
11.1.2018  week: 2
12.1.2018  week: 2
13.1.2018  week: 2
14.1.2018  week: 2
30.12.2018  week: 52
31.12.2018  week: 1
1.1.2019  week: 1
2.1.2019  week: 1
3.1.2019  week: 1
4.1.2019  week: 1
5.1.2019  week: 1
6.1.2019  week: 1
7.1.2019  week: 2
8.1.2019  week: 2
9.1.2019  week: 2
10.1.2019  week: 2
11.1.2019  week: 2
12.1.2019  week: 2
13.1.2019  week: 2
14.1.2019  week: 3
30.12.2019  week: 1
31.12.2019  week: 1
1.1.2020  week: 1
2.1.2020  week: 1
3.1.2020  week: 1
4.1.2020  week: 1
5.1.2020  week: 1
6.1.2020  week: 2
7.1.2020  week: 2
8.1.2020  week: 2
9.1.2020  week: 2
10.1.2020  week: 2
11.1.2020  week: 2
12.1.2020  week: 2
13.1.2020  week: 3
14.1.2020  week: 3
30.12.2020  week: 53
31.12.2020  week: 53
1.1.2021  week: 53
2.1.2021  week: 53
3.1.2021  week: 53
4.1.2021  week: 1
5.1.2021  week: 1
6.1.2021  week: 1
7.1.2021  week: 1
8.1.2021  week: 1
9.1.2021  week: 1
10.1.2021  week: 1
11.1.2021  week: 2
12.1.2021  week: 2
13.1.2021  week: 2
14.1.2021  week: 2
