Mo 1.1.1
Di 1.1.2
Mi 1.1.3
Do 1.1.4
Sa 1.1.5
So 1.1.6
Mo 1.1.7
Di 1.1.8
Do 1.1.9
Fr 1.1.10
Sa 1.1.11
So 1.1.12
Di 1.1.13
Mi 1.1.14
Do 1.1.15
Fr 1.1.16
So 1.1.17
Mo 1.1.18
Di 1.1.19
Mi 1.1.20
Fr 1.1.21
Sa 1.1.22
So 1.1.23
Mo 1.1.24
Mi 1.1.25
Do 1.1.26
Fr 1.1.27
Sa 1.1.28
Mo 1.1.29
Di 1.1.30
Mi 1.1.31
Do 1.1.32
Sa 1.1.33
So 1.1.34
Mo 1.1.35
Di 1.1.36
Do 1.1.37
Fr 1.1.38
Sa 1.1.39
So 1.1.40
Di 1.1.41
Mi 1.1.42
Do 1.1.43
Fr 1.1.44
So 1.1.45
Mo 1.1.46
Di 1.1.47
Mi 1.1.48
Fr 1.1.49
Sa 1.1.50
So 1.1.51
Mo 1.1.52
Mi 1.1.53
Do 1.1.54
Fr 1.1.55
Sa 1.1.56
Mo 1.1.57
Di 1.1.58
Mi 1.1.59
Do 1.1.60
Sa 1.1.61
So 1.1.62
Mo 1.1.63
Di 1.1.64
Do 1.1.65
Fr 1.1.66
Sa 1.1.67
So 1.1.68
Di 1.1.69
Mi 1.1.70
Do 1.1.71
Fr 1.1.72
So 1.1.73
Mo 1.1.74
Di 1.1.75
Mi 1.1.76
Fr 1.1.77
Sa 1.1.78
So 1.1.79
Mo 1.1.80
Mi 1.1.81
Do 1.1.82
Fr 1.1.83
Sa 1.1.84
Mo 1.1.85
Di 1.1.86
Mi 1.1.87
Do 1.1.88
Sa 1.1.89
So 1.1.90
Mo 1.1.91
Di 1.1.92
Do 1.1.93
Fr 1.1.94
Sa 1.1.95
So 1.1.96
Di 1.1.97
Mi 1.1.98
Do 1.1.99
Fr 1.1.100
Sa 1.1.101
So 1.1.102
Mo 1.1.103
Di 1.1.104
Do 1.1.105
Fr 1.1.106
Sa 1.1.107
So 1.1.108
Di 1.1.109
Mi 1.1.110
Do 1.1.111
Fr 1.1.112
So 1.1.113
Mo 1.1.114
Di 1.1.115
Mi 1.1.116
Fr 1.1.117
Sa 1.1.118
So 1.1.119
Mo 1.1.120
Mi 1.1.121
Do 1.1.122
Fr 1.1.123
Sa 1.1.124
Mo 1.1.125
Di 1.1.126
Mi 1.1.127
Do 1.1.128
Sa 1.1.129
So 1.1.130
Mo 1.1.131
Di 1.1.132
Do 1.1.133
Fr 1.1.134
Sa 1.1.135
So 1.1.136
Di 1.1.137
Mi 1.1.138
Do 1.1.139
Fr 1.1.140
So 1.1.141
Mo 1.1.142
Di 1.1.143
Mi 1.1.144
Fr 1.1.145
Sa 1.1.146
So 1.1.147
Mo 1.1.148
Mi 1.1.149
Do 1.1.150
Fr 1.1.151
Sa 1.1.152
Mo 1.1.153
Di 1.1.154
Mi 1.1.155
Do 1.1.156
Sa 1.1.157
So 1.1.158
Mo 1.1.159
Di 1.1.160
Do 1.1.161
Fr 1.1.162
Sa 1.1.163
So 1.1.164
Di 1.1.165
Mi 1.1.166
Do 1.1.167
Fr 1.1.168
So 1.1.169
Mo 1.1.170
Di 1.1.171
Mi 1.1.172
Fr 1.1.173
Sa 1.1.174
So 1.1.175
Mo 1.1.176
Mi 1.1.177
Do 1.1.178
Fr 1.1.179
Sa 1.1.180
Mo 1.1.181
Di 1.1.182
Mi 1.1.183
Do 1.1.184
Sa 1.1.185
So 1.1.186
Mo 1.1.187
Di 1.1.188
Do 1.1.189
Fr 1.1.190
Sa 1.1.191
So 1.1.192
Di 1.1.193
Mi 1.1.194
Do 1.1.195
Fr 1.1.196
So 1.1.197
Mo 1.1.198
Di 1.1.199
Mi 1.1.200
Do 1.1.201
Fr 1.1.202
Sa 1.1.203
So 1.1.204
Di 1.1.205
Mi 1.1.206
Do 1.1.207
Fr 1.1.208
So 1.1.209
Mo 1.1.210
Di 1.1.211
Mi 1.1.212
Fr 1.1.213
Sa 1.1.214
So 1.1.215
Mo 1.1.216
Mi 1.1.217
Do 1.1.218
Fr 1.1.219
Sa 1.1.220
Mo 1.1.221
Di 1.1.222
Mi 1.1.223
Do 1.1.224
Sa 1.1.225
So 1.1.226
Mo 1.1.227
Di 1.1.228
Do 1.1.229
Fr 1.1.230
Sa 1.1.231
So 1.1.232
Di 1.1.233
Mi 1.1.234
Do 1.1.235
Fr 1.1.236
So 1.1.237
Mo 1.1.238
Di 1.1.239
Mi 1.1.240
Fr 1.1.241
Sa 1.1.242
So 1.1.243
Mo 1.1.244
Mi 1.1.245
Do 1.1.246
Fr 1.1.247
Sa 1.1.248
Mo 1.1.249
Di 1.1.250
Mi 1.1.251
Do 1.1.252
Sa 1.1.253
So 1.1.254
Mo 1.1.255
Di 1.1.256
Do 1.1.257
Fr 1.1.258
Sa 1.1.259
So 1.1.260
Di 1.1.261
Mi 1.1.262
Do 1.1.263
Fr 1.1.264
So 1.1.265
Mo 1.1.266
Di 1.1.267
Mi 1.1.268
Fr 1.1.269
Sa 1.1.270
So 1.1.271
Mo 1.1.272
Mi 1.1.273
Do 1.1.274
Fr 1.1.275
Sa 1.1.276
Mo 1.1.277
Di 1.1.278
Mi 1.1.279
Do 1.1.280
Sa 1.1.281
So 1.1.282
Mo 1.1.283
Di 1.1.284
Do 1.1.285
Fr 1.1.286
Sa 1.1.287
So 1.1.288
Di 1.1.289
Mi 1.1.290
Do 1.1.291
Fr 1.1.292
So 1.1.293
Mo 1.1.294
Di 1.1.295
Mi 1.1.296
Fr 1.1.297
Sa 1.1.298
So 1.1.299
Mo 1.1.300
Di 1.1.301
Mi 1.1.302
Do 1.1.303
Fr 1.1.304
So 1.1.305
Mo 1.1.306
Di 1.1.307
Mi 1.1.308
Fr 1.1.309
Sa 1.1.310
So 1.1.311
Mo 1.1.312
Mi 1.1.313
Do 1.1.314
Fr 1.1.315
Sa 1.1.316
Mo 1.1.317
Di 1.1.318
Mi 1.1.319
Do 1.1.320
Sa 1.1.321
So 1.1.322
Mo 1.1.323
Di 1.1.324
Do 1.1.325
Fr 1.1.326
Sa 1.1.327
So 1.1.328
Di 1.1.329
Mi 1.1.330
Do 1.1.331
Fr 1.1.332
So 1.1.333
Mo 1.1.334
Di 1.1.335
Mi 1.1.336
Fr 1.1.337
Sa 1.1.338
So 1.1.339
Mo 1.1.340
Mi 1.1.341
Do 1.1.342
Fr 1.1.343
Sa 1.1.344
Mo 1.1.345
Di 1.1.346
Mi 1.1.347
Do 1.1.348
Sa 1.1.349
So 1.1.350
Mo 1.1.351
Di 1.1.352
Do 1.1.353
Fr 1.1.354
Sa 1.1.355
So 1.1.356
Di 1.1.357
Mi 1.1.358
Do 1.1.359
Fr 1.1.360
So 1.1.361
Mo 1.1.362
Di 1.1.363
Mi 1.1.364
Fr 1.1.365
Sa 1.1.366
So 1.1.367
Mo 1.1.368
Mi 1.1.369
Do 1.1.370
Fr 1.1.371
Sa 1.1.372
Mo 1.1.373
Di 1.1.374
Mi 1.1.375
Do 1.1.376
Sa 1.1.377
So 1.1.378
Mo 1.1.379
Di 1.1.380
Do 1.1.381
Fr 1.1.382
Sa 1.1.383
So 1.1.384
Di 1.1.385
Mi 1.1.386
Do 1.1.387
Fr 1.1.388
So 1.1.389
Mo 1.1.390
Di 1.1.391
Mi 1.1.392
Fr 1.1.393
Sa 1.1.394
So 1.1.395
Mo 1.1.396
Mi 1.1.397
Do 1.1.398
Fr 1.1.399
Sa 1.1.400
Mo 1.1.401
Di 1.1.402
Mi 1.1.403
Do 1.1.404
Sa 1.1.405
So 1.1.406
Mo 1.1.407
Di 1.1.408
Do 1.1.409
Fr 1.1.410
Sa 1.1.411
So 1.1.412
Di 1.1.413
Mi 1.1.414
Do 1.1.415
Fr 1.1.416
So 1.1.417
Mo 1.1.418
Di 1.1.419
Mi 1.1.420
Fr 1.1.421
Sa 1.1.422
So 1.1.423
Mo 1.1.424
Mi 1.1.425
Do 1.1.426
Fr 1.1.427
Sa 1.1.428
Mo 1.1.429
Di 1.1.430
Mi 1.1.431
Do 1.1.432
Sa 1.1.433
So 1.1.434
Mo 1.1.435
Di 1.1.436
Do 1.1.437
Fr 1.1.438
Sa 1.1.439
So 1.1.440
Di 1.1.441
Mi 1.1.442
Do 1.1.443
Fr 1.1.444
So 1.1.445
Mo 1.1.446
Di 1.1.447
Mi 1.1.448
Fr 1.1.449
Sa 1.1.450
So 1.1.451
Mo 1.1.452
Mi 1.1.453
Do 1.1.454
Fr 1.1.455
Sa 1.1.456
Mo 1.1.457
Di 1.1.458
Mi 1.1.459
Do 1.1.460
Sa 1.1.461
So 1.1.462
Mo 1.1.463
Di 1.1.464
Do 1.1.465
Fr 1.1.466
Sa 1.1.467
So 1.1.468
Di 1.1.469
Mi 1.1.470
Do 1.1.471
Fr 1.1.472
So 1.1.473
Mo 1.1.474
Di 1.1.475
Mi 1.1.476
Fr 1.1.477
Sa 1.1.478
So 1.1.479
Mo 1.1.480
Mi 1.1.481
Do 1.1.482
Fr 1.1.483
Sa 1.1.484
Mo 1.1.485
Di 1.1.486
Mi 1.1.487
Do 1.1.488
Sa 1.1.489
So 1.1.490
Mo 1.1.491
Di 1.1.492
Do 1.1.493
Fr 1.1.494
Sa 1.1.495
So 1.1.496
Di 1.1.497
Mi 1.1.498
Do 1.1.499
Fr 1.1.500
Sa 1.1.501
So 1.1.502
Mo 1.1.503
Di 1.1.504
Do 1.1.505
Fr 1.1.506
Sa 1.1.507
So 1.1.508
Di 1.1.509
Mi 1.1.510
Do 1.1.511
Fr 1.1.512
So 1.1.513
Mo 1.1.514
Di 1.1.515
Mi 1.1.516
Fr 1.1.517
Sa 1.1.518
So 1.1.519
Mo 1.1.520
Mi 1.1.521
Do 1.1.522
Fr 1.1.523
Sa 1.1.524
Mo 1.1.525
Di 1.1.526
Mi 1.1.527
Do 1.1.528
Sa 1.1.529
So 1.1.530
Mo 1.1.531
Di 1.1.532
Do 1.1.533
Fr 1.1.534
Sa 1.1.535
So 1.1.536
Di 1.1.537
Mi 1.1.538
Do 1.1.539
Fr 1.1.540
So 1.1.541
Mo 1.1.542
Di 1.1.543
Mi 1.1.544
Fr 1.1.545
Sa 1.1.546
So 1.1.547
Mo 1.1.548
Mi 1.1.549
Do 1.1.550
Fr 1.1.551
Sa 1.1.552
Mo 1.1.553
Di 1.1.554
Mi 1.1.555
Do 1.1.556
Sa 1.1.557
So 1.1.558
Mo 1.1.559
Di 1.1.560
Do 1.1.561
Fr 1.1.562
Sa 1.1.563
So 1.1.564
Di 1.1.565
Mi 1.1.566
Do 1.1.567
Fr 1.1.568
So 1.1.569
Mo 1.1.570
Di 1.1.571
Mi 1.1.572
Fr 1.1.573
Sa 1.1.574
So 1.1.575
Mo 1.1.576
Mi 1.1.577
Do 1.1.578
Fr 1.1.579
Sa 1.1.580
Mo 1.1.581
Di 1.1.582
Mi 1.1.583
Do 1.1.584
Sa 1.1.585
So 1.1.586
Mo 1.1.587
Di 1.1.588
Do 1.1.589
Fr 1.1.590
Sa 1.1.591
So 1.1.592
Di 1.1.593
Mi 1.1.594
Do 1.1.595
Fr 1.1.596
So 1.1.597
Mo 1.1.598
Di 1.1.599
Mi 1.1.600
Do 1.1.601
Fr 1.1.602
Sa 1.1.603
So 1.1.604
Di 1.1.605
Mi 1.1.606
Do 1.1.607
Fr 1.1.608
So 1.1.609
Mo 1.1.610
Di 1.1.611
Mi 1.1.612
Fr 1.1.613
Sa 1.1.614
So 1.1.615
Mo 1.1.616
Mi 1.1.617
Do 1.1.618
Fr 1.1.619
Sa 1.1.620
Mo 1.1.621
Di 1.1.622
Mi 1.1.623
Do 1.1.624
Sa 1.1.625
So 1.1.626
Mo 1.1.627
Di 1.1.628
Do 1.1.629
Fr 1.1.630
Sa 1.1.631
So 1.1.632
Di 1.1.633
Mi 1.1.634
Do 1.1.635
Fr 1.1.636
So 1.1.637
Mo 1.1.638
Di 1.1.639
Mi 1.1.640
Fr 1.1.641
Sa 1.1.642
So 1.1.643
Mo 1.1.644
Mi 1.1.645
Do 1.1.646
Fr 1.1.647
Sa 1.1.648
Mo 1.1.649
Di 1.1.650
Mi 1.1.651
Do 1.1.652
Sa 1.1.653
So 1.1.654
Mo 1.1.655
Di 1.1.656
Do 1.1.657
Fr 1.1.658
Sa 1.1.659
So 1.1.660
Di 1.1.661
Mi 1.1.662
Do 1.1.663
Fr 1.1.664
So 1.1.665
Mo 1.1.666
Di 1.1.667
Mi 1.1.668
Fr 1.1.669
Sa 1.1.670
So 1.1.671
Mo 1.1.672
Mi 1.1.673
Do 1.1.674
Fr 1.1.675
Sa 1.1.676
Mo 1.1.677
Di 1.1.678
Mi 1.1.679
Do 1.1.680
Sa 1.1.681
So 1.1.682
Mo 1.1.683
Di 1.1.684
Do 1.1.685
Fr 1.1.686
Sa 1.1.687
So 1.1.688
Di 1.1.689
Mi 1.1.690
Do 1.1.691
Fr 1.1.692
So 1.1.693
Mo 1.1.694
Di 1.1.695
Mi 1.1.696
Fr 1.1.697
Sa 1.1.698
So 1.1.699
Mo 1.1.700
Di 1.1.701
Mi 1.1.702
Do 1.1.703
Fr 1.1.704
So 1.1.705
Mo 1.1.706
Di 1.1.707
Mi 1.1.708
Fr 1.1.709
Sa 1.1.710
So 1.1.711
Mo 1.1.712
Mi 1.1.713
Do 1.1.714
Fr 1.1.715
Sa 1.1.716
Mo 1.1.717
Di 1.1.718
Mi 1.1.719
Do 1.1.720
Sa 1.1.721
So 1.1.722
Mo 1.1.723
Di 1.1.724
Do 1.1.725
Fr 1.1.726
Sa 1.1.727
So 1.1.728
Di 1.1.729
Mi 1.1.730
Do 1.1.731
Fr 1.1.732
So 1.1.733
Mo 1.1.734
Di 1.1.735
Mi 1.1.736
Fr 1.1.737
Sa 1.1.738
So 1.1.739
Mo 1.1.740
Mi 1.1.741
Do 1.1.742
Fr 1.1.743
Sa 1.1.744
Mo 1.1.745
Di 1.1.746
Mi 1.1.747
Do 1.1.748
Sa 1.1.749
So 1.1.750
Mo 1.1.751
Di 1.1.752
Do 1.1.753
Fr 1.1.754
Sa 1.1.755
So 1.1.756
Di 1.1.757
Mi 1.1.758
Do 1.1.759
Fr 1.1.760
So 1.1.761
Mo 1.1.762
Di 1.1.763
Mi 1.1.764
Fr 1.1.765
Sa 1.1.766
So 1.1.767
Mo 1.1.768
Mi 1.1.769
Do 1.1.770
Fr 1.1.771
Sa 1.1.772
Mo 1.1.773
Di 1.1.774
Mi 1.1.775
Do 1.1.776
Sa 1.1.777
So 1.1.778
Mo 1.1.779
Di 1.1.780
Do 1.1.781
Fr 1.1.782
Sa 1.1.783
So 1.1.784
Di 1.1.785
Mi 1.1.786
Do 1.1.787
Fr 1.1.788
So 1.1.789
Mo 1.1.790
Di 1.1.791
Mi 1.1.792
Fr 1.1.793
Sa 1.1.794
So 1.1.795
Mo 1.1.796
Mi 1.1.797
Do 1.1.798
Fr 1.1.799
Sa 1.1.800
Mo 1.1.801
Di 1.1.802
Mi 1.1.803
Do 1.1.804
Sa 1.1.805
So 1.1.806
Mo 1.1.807
Di 1.1.808
Do 1.1.809
Fr 1.1.810
Sa 1.1.811
So 1.1.812
Di 1.1.813
Mi 1.1.814
Do 1.1.815
Fr 1.1.816
So 1.1.817
Mo 1.1.818
Di 1.1.819
Mi 1.1.820
Fr 1.1.821
Sa 1.1.822
So 1.1.823
Mo 1.1.824
Mi 1.1.825
Do 1.1.826
Fr 1.1.827
Sa 1.1.828
Mo 1.1.829
Di 1.1.830
Mi 1.1.831
Do 1.1.832
Sa 1.1.833
So 1.1.834
Mo 1.1.835
Di 1.1.836
Do 1.1.837
Fr 1.1.838
Sa 1.1.839
So 1.1.840
Di 1.1.841
Mi 1.1.842
Do 1.1.843
Fr 1.1.844
So 1.1.845
Mo 1.1.846
Di 1.1.847
Mi 1.1.848
Fr 1.1.849
Sa 1.1.850
So 1.1.851
Mo 1.1.852
Mi 1.1.853
Do 1.1.854
Fr 1.1.855
Sa 1.1.856
Mo 1.1.857
Di 1.1.858
Mi 1.1.859
Do 1.1.860
Sa 1.1.861
So 1.1.862
Mo 1.1.863
Di 1.1.864
Do 1.1.865
Fr 1.1.866
Sa 1.1.867
So 1.1.868
Di 1.1.869
Mi 1.1.870
Do 1.1.871
Fr 1.1.872
So 1.1.873
Mo 1.1.874
Di 1.1.875
Mi 1.1.876
Fr 1.1.877
Sa 1.1.878
So 1.1.879
Mo 1.1.880
Mi 1.1.881
Do 1.1.882
Fr 1.1.883
Sa 1.1.884
Mo 1.1.885
Di 1.1.886
Mi 1.1.887
Do 1.1.888
Sa 1.1.889
So 1.1.890
Mo 1.1.891
Di 1.1.892
Do 1.1.893
Fr 1.1.894
Sa 1.1.895
So 1.1.896
Di 1.1.897
Mi 1.1.898
Do 1.1.899
Fr 1.1.900
Sa 1.1.901
So 1.1.902
Mo 1.1.903
Di 1.1.904
Do 1.1.905
Fr 1.1.906
Sa 1.1.907
So 1.1.908
Di 1.1.909
Mi 1.1.910
Do 1.1.911
Fr 1.1.912
So 1.1.913
Mo 1.1.914
Di 1.1.915
Mi 1.1.916
Fr 1.1.917
Sa 1.1.918
So 1.1.919
Mo 1.1.920
Mi 1.1.921
Do 1.1.922
Fr 1.1.923
Sa 1.1.924
Mo 1.1.925
Di 1.1.926
Mi 1.1.927
Do 1.1.928
Sa 1.1.929
So 1.1.930
Mo 1.1.931
Di 1.1.932
Do 1.1.933
Fr 1.1.934
Sa 1.1.935
So 1.1.936
Di 1.1.937
Mi 1.1.938
Do 1.1.939
Fr 1.1.940
So 1.1.941
Mo 1.1.942
Di 1.1.943
Mi 1.1.944
Fr 1.1.945
Sa 1.1.946
So 1.1.947
Mo 1.1.948
Mi 1.1.949
Do 1.1.950
Fr 1.1.951
Sa 1.1.952
Mo 1.1.953
Di 1.1.954
Mi 1.1.955
Do 1.1.956
Sa 1.1.957
So 1.1.958
Mo 1.1.959
Di 1.1.960
Do 1.1.961
Fr 1.1.962
Sa 1.1.963
So 1.1.964
Di 1.1.965
Mi 1.1.966
Do 1.1.967
Fr 1.1.968
So 1.1.969
Mo 1.1.970
Di 1.1.971
Mi 1.1.972
Fr 1.1.973
Sa 1.1.974
So 1.1.975
Mo 1.1.976
Mi 1.1.977
Do 1.1.978
Fr 1.1.979
Sa 1.1.980
Mo 1.1.981
Di 1.1.982
Mi 1.1.983
Do 1.1.984
Sa 1.1.985
So 1.1.986
Mo 1.1.987
Di 1.1.988
Do 1.1.989
Fr 1.1.990
Sa 1.1.991
So 1.1.992
Di 1.1.993
Mi 1.1.994
Do 1.1.995
Fr 1.1.996
So 1.1.997
Mo 1.1.998
Di 1.1.999
Mi 1.1.1000
Do 1.1.1001
Fr 1.1.1002
Sa 1.1.1003
So 1.1.1004
Di 1.1.1005
Mi 1.1.1006
Do 1.1.1007
Fr 1.1.1008
So 1.1.1009
Mo 1.1.1010
Di 1.1.1011
Mi 1.1.1012
Fr 1.1.1013
Sa 1.1.1014
So 1.1.1015
Mo 1.1.1016
Mi 1.1.1017
Do 1.1.1018
Fr 1.1.1019
Sa 1.1.1020
Mo 1.1.1021
Di 1.1.1022
Mi 1.1.1023
Do 1.1.1024
Sa 1.1.1025
So 1.1.1026
Mo 1.1.1027
Di 1.1.1028
Do 1.1.1029
Fr 1.1.1030
Sa 1.1.1031
So 1.1.1032
Di 1.1.1033
Mi 1.1.1034
Do 1.1.1035
Fr 1.1.1036
So 1.1.1037
Mo 1.1.1038
Di 1.1.1039
Mi 1.1.1040
Fr 1.1.1041
Sa 1.1.1042
So 1.1.1043
Mo 1.1.1044
Mi 1.1.1045
Do 1.1.1046
Fr 1.1.1047
Sa 1.1.1048
Mo 1.1.1049
Di 1.1.1050
Mi 1.1.1051
Do 1.1.1052
Sa 1.1.1053
So 1.1.1054
Mo 1.1.1055
Di 1.1.1056
Do 1.1.1057
Fr 1.1.1058
Sa 1.1.1059
So 1.1.1060
Di 1.1.1061
Mi 1.1.1062
Do 1.1.1063
Fr 1.1.1064
So 1.1.1065
Mo 1.1.1066
Di 1.1.1067
Mi 1.1.1068
Fr 1.1.1069
Sa 1.1.1070
So 1.1.1071
Mo 1.1.1072
Mi 1.1.1073
Do 1.1.1074
Fr 1.1.1075
Sa 1.1.1076
Mo 1.1.1077
Di 1.1.1078
Mi 1.1.1079
Do 1.1.1080
Sa 1.1.1081
So 1.1.1082
Mo 1.1.1083
Di 1.1.1084
Do 1.1.1085
Fr 1.1.1086
Sa 1.1.1087
So 1.1.1088
Di 1.1.1089
Mi 1.1.1090
Do 1.1.1091
Fr 1.1.1092
So 1.1.1093
Mo 1.1.1094
Di 1.1.1095
Mi 1.1.1096
Fr 1.1.1097
Sa 1.1.1098
So 1.1.1099
Mo 1.1.1100
Di 1.1.1101
Mi 1.1.1102
Do 1.1.1103
Fr 1.1.1104
So 1.1.1105
Mo 1.1.1106
Di 1.1.1107
Mi 1.1.1108
Fr 1.1.1109
Sa 1.1.1110
So 1.1.1111
Mo 1.1.1112
Mi 1.1.1113
Do 1.1.1114
Fr 1.1.1115
Sa 1.1.1116
Mo 1.1.1117
Di 1.1.1118
Mi 1.1.1119
Do 1.1.1120
Sa 1.1.1121
So 1.1.1122
Mo 1.1.1123
Di 1.1.1124
Do 1.1.1125
Fr 1.1.1126
Sa 1.1.1127
So 1.1.1128
Di 1.1.1129
Mi 1.1.1130
Do 1.1.1131
Fr 1.1.1132
So 1.1.1133
Mo 1.1.1134
Di 1.1.1135
Mi 1.1.1136
Fr 1.1.1137
Sa 1.1.1138
So 1.1.1139
Mo 1.1.1140
Mi 1.1.1141
Do 1.1.1142
Fr 1.1.1143
Sa 1.1.1144
Mo 1.1.1145
Di 1.1.1146
Mi 1.1.1147
Do 1.1.1148
Sa 1.1.1149
So 1.1.1150
Mo 1.1.1151
Di 1.1.1152
Do 1.1.1153
Fr 1.1.1154
Sa 1.1.1155
So 1.1.1156
Di 1.1.1157
Mi 1.1.1158
Do 1.1.1159
Fr 1.1.1160
So 1.1.1161
Mo 1.1.1162
Di 1.1.1163
Mi 1.1.1164
Fr 1.1.1165
Sa 1.1.1166
So 1.1.1167
Mo 1.1.1168
Mi 1.1.1169
Do 1.1.1170
Fr 1.1.1171
Sa 1.1.1172
Mo 1.1.1173
Di 1.1.1174
Mi 1.1.1175
Do 1.1.1176
Sa 1.1.1177
So 1.1.1178
Mo 1.1.1179
Di 1.1.1180
Do 1.1.1181
Fr 1.1.1182
Sa 1.1.1183
So 1.1.1184
Di 1.1.1185
Mi 1.1.1186
Do 1.1.1187
Fr 1.1.1188
So 1.1.1189
Mo 1.1.1190
Di 1.1.1191
Mi 1.1.1192
Fr 1.1.1193
Sa 1.1.1194
So 1.1.1195
Mo 1.1.1196
Mi 1.1.1197
Do 1.1.1198
Fr 1.1.1199
Sa 1.1.1200
Mo 1.1.1201
Di 1.1.1202
Mi 1.1.1203
Do 1.1.1204
Sa 1.1.1205
So 1.1.1206
Mo 1.1.1207
Di 1.1.1208
Do 1.1.1209
Fr 1.1.1210
Sa 1.1.1211
So 1.1.1212
Di 1.1.1213
Mi 1.1.1214
Do 1.1.1215
Fr 1.1.1216
So 1.1.1217
Mo 1.1.1218
Di 1.1.1219
Mi 1.1.1220
Fr 1.1.1221
Sa 1.1.1222
So 1.1.1223
Mo 1.1.1224
Mi 1.1.1225
Do 1.1.1226
Fr 1.1.1227
Sa 1.1.1228
Mo 1.1.1229
Di 1.1.1230
Mi 1.1.1231
Do 1.1.1232
Sa 1.1.1233
So 1.1.1234
Mo 1.1.1235
Di 1.1.1236
Do 1.1.1237
Fr 1.1.1238
Sa 1.1.1239
So 1.1.1240
Di 1.1.1241
Mi 1.1.1242
Do 1.1.1243
Fr 1.1.1244
So 1.1.1245
Mo 1.1.1246
Di 1.1.1247
Mi 1.1.1248
Fr 1.1.1249
Sa 1.1.1250
So 1.1.1251
Mo 1.1.1252
Mi 1.1.1253
Do 1.1.1254
Fr 1.1.1255
Sa 1.1.1256
Mo 1.1.1257
Di 1.1.1258
Mi 1.1.1259
Do 1.1.1260
Sa 1.1.1261
So 1.1.1262
Mo 1.1.1263
Di 1.1.1264
Do 1.1.1265
Fr 1.1.1266
Sa 1.1.1267
So 1.1.1268
Di 1.1.1269
Mi 1.1.1270
Do 1.1.1271
Fr 1.1.1272
So 1.1.1273
Mo 1.1.1274
Di 1.1.1275
Mi 1.1.1276
Fr 1.1.1277
Sa 1.1.1278
So 1.1.1279
Mo 1.1.1280
Mi 1.1.1281
Do 1.1.1282
Fr 1.1.1283
Sa 1.1.1284
Mo 1.1.1285
Di 1.1.1286
Mi 1.1.1287
Do 1.1.1288
Sa 1.1.1289
So 1.1.1290
Mo 1.1.1291
Di 1.1.1292
Do 1.1.1293
Fr 1.1.1294
Sa 1.1.1295
So 1.1.1296
Di 1.1.1297
Mi 1.1.1298
Do 1.1.1299
Fr 1.1.1300
Sa 1.1.1301
So 1.1.1302
Mo 1.1.1303
Di 1.1.1304
Do 1.1.1305
Fr 1.1.1306
Sa 1.1.1307
So 1.1.1308
Di 1.1.1309
Mi 1.1.1310
Do 1.1.1311
Fr 1.1.1312
So 1.1.1313
Mo 1.1.1314
Di 1.1.1315
Mi 1.1.1316
Fr 1.1.1317
Sa 1.1.1318
So 1.1.1319
Mo 1.1.1320
Mi 1.1.1321
Do 1.1.1322
Fr 1.1.1323
Sa 1.1.1324
Mo 1.1.1325
Di 1.1.1326
Mi 1.1.1327
Do 1.1.1328
Sa 1.1.1329
So 1.1.1330
Mo 1.1.1331
Di 1.1.1332
Do 1.1.1333
Fr 1.1.1334
Sa 1.1.1335
So 1.1.1336
Di 1.1.1337
Mi 1.1.1338
Do 1.1.1339
Fr 1.1.1340
So 1.1.1341
Mo 1.1.1342
Di 1.1.1343
Mi 1.1.1344
Fr 1.1.1345
Sa 1.1.1346
So 1.1.1347
Mo 1.1.1348
Mi 1.1.1349
Do 1.1.1350
Fr 1.1.1351
Sa 1.1.1352
Mo 1.1.1353
Di 1.1.1354
Mi 1.1.1355
Do 1.1.1356
Sa 1.1.1357
So 1.1.1358
Mo 1.1.1359
Di 1.1.1360
Do 1.1.1361
Fr 1.1.1362
Sa 1.1.1363
So 1.1.1364
Di 1.1.1365
Mi 1.1.1366
Do 1.1.1367
Fr 1.1.1368
So 1.1.1369
Mo 1.1.1370
Di 1.1.1371
Mi 1.1.1372
Fr 1.1.1373
Sa 1.1.1374
So 1.1.1375
Mo 1.1.1376
Mi 1.1.1377
Do 1.1.1378
Fr 1.1.1379
Sa 1.1.1380
Mo 1.1.1381
Di 1.1.1382
Mi 1.1.1383
Do 1.1.1384
Sa 1.1.1385
So 1.1.1386
Mo 1.1.1387
Di 1.1.1388
Do 1.1.1389
Fr 1.1.1390
Sa 1.1.1391
So 1.1.1392
Di 1.1.1393
Mi 1.1.1394
Do 1.1.1395
Fr 1.1.1396
So 1.1.1397
Mo 1.1.1398
Di 1.1.1399
Mi 1.1.1400
Do 1.1.1401
Fr 1.1.1402
Sa 1.1.1403
So 1.1.1404
Di 1.1.1405
Mi 1.1.1406
Do 1.1.1407
Fr 1.1.1408
So 1.1.1409
Mo 1.1.1410
Di 1.1.1411
Mi 1.1.1412
Fr 1.1.1413
Sa 1.1.1414
So 1.1.1415
Mo 1.1.1416
Mi 1.1.1417
Do 1.1.1418
Fr 1.1.1419
Sa 1.1.1420
Mo 1.1.1421
Di 1.1.1422
Mi 1.1.1423
Do 1.1.1424
Sa 1.1.1425
So 1.1.1426
Mo 1.1.1427
Di 1.1.1428
Do 1.1.1429
Fr 1.1.1430
Sa 1.1.1431
So 1.1.1432
Di 1.1.1433
Mi 1.1.1434
Do 1.1.1435
Fr 1.1.1436
So 1.1.1437
Mo 1.1.1438
Di 1.1.1439
Mi 1.1.1440
Fr 1.1.1441
Sa 1.1.1442
So 1.1.1443
Mo 1.1.1444
Mi 1.1.1445
Do 1.1.1446
Fr 1.1.1447
Sa 1.1.1448
Mo 1.1.1449
Di 1.1.1450
Mi 1.1.1451
Do 1.1.1452
Sa 1.1.1453
So 1.1.1454
Mo 1.1.1455
Di 1.1.1456
Do 1.1.1457
Fr 1.1.1458
Sa 1.1.1459
So 1.1.1460
Di 1.1.1461
Mi 1.1.1462
Do 1.1.1463
Fr 1.1.1464
So 1.1.1465
Mo 1.1.1466
Di 1.1.1467
Mi 1.1.1468
Fr 1.1.1469
Sa 1.1.1470
So 1.1.1471
Mo 1.1.1472
Mi 1.1.1473
Do 1.1.1474
Fr 1.1.1475
Sa 1.1.1476
Mo 1.1.1477
Di 1.1.1478
Mi 1.1.1479
Do 1.1.1480
Sa 1.1.1481
So 1.1.1482
Mo 1.1.1483
Di 1.1.1484
Do 1.1.1485
Fr 1.1.1486
Sa 1.1.1487
So 1.1.1488
Di 1.1.1489
Mi 1.1.1490
Do 1.1.1491
Fr 1.1.1492
So 1.1.1493
Mo 1.1.1494
Di 1.1.1495
Mi 1.1.1496
Fr 1.1.1497
Sa 1.1.1498
So 1.1.1499
Mo 1.1.1500
Di 1.1.1501
Mi 1.1.1502
Do 1.1.1503
Fr 1.1.1504
So 1.1.1505
Mo 1.1.1506
Di 1.1.1507
Mi 1.1.1508
Fr 1.1.1509
Sa 1.1.1510
So 1.1.1511
Mo 1.1.1512
Mi 1.1.1513
Do 1.1.1514
Fr 1.1.1515
Sa 1.1.1516
Mo 1.1.1517
Di 1.1.1518
Mi 1.1.1519
Do 1.1.1520
Sa 1.1.1521
So 1.1.1522
Mo 1.1.1523
Di 1.1.1524
Do 1.1.1525
Fr 1.1.1526
Sa 1.1.1527
So 1.1.1528
Di 1.1.1529
Mi 1.1.1530
Do 1.1.1531
Fr 1.1.1532
So 1.1.1533
Mo 1.1.1534
Di 1.1.1535
Mi 1.1.1536
Fr 1.1.1537
Sa 1.1.1538
So 1.1.1539
Mo 1.1.1540
Mi 1.1.1541
Do 1.1.1542
Fr 1.1.1543
Sa 1.1.1544
Mo 1.1.1545
Di 1.1.1546
Mi 1.1.1547
Do 1.1.1548
Sa 1.1.1549
So 1.1.1550
Mo 1.1.1551
Di 1.1.1552
Do 1.1.1553
Fr 1.1.1554
Sa 1.1.1555
So 1.1.1556
Di 1.1.1557
Mi 1.1.1558
Do 1.1.1559
Fr 1.1.1560
So 1.1.1561
Mo 1.1.1562
Di 1.1.1563
Mi 1.1.1564
Fr 1.1.1565
Sa 1.1.1566
So 1.1.1567
Mo 1.1.1568
Mi 1.1.1569
Do 1.1.1570
Fr 1.1.1571
Sa 1.1.1572
Mo 1.1.1573
Di 1.1.1574
Mi 1.1.1575
Do 1.1.1576
Sa 1.1.1577
So 1.1.1578
Mo 1.1.1579
Di 1.1.1580
Do 1.1.1581
Fr 1.1.1582
Sa 1.1.1583
So 1.1.1584
Di 1.1.1585
Mi 1.1.1586
Do 1.1.1587
Fr 1.1.1588
So 1.1.1589
Mo 1.1.1590
Di 1.1.1591
Mi 1.1.1592
Fr 1.1.1593
Sa 1.1.1594
So 1.1.1595
Mo 1.1.1596
Mi 1.1.1597
Do 1.1.1598
Fr 1.1.1599
Sa 1.1.1600
Mo 1.1.1601
Di 1.1.1602
Mi 1.1.1603
Do 1.1.1604
Sa 1.1.1605
So 1.1.1606
Mo 1.1.1607
Di 1.1.1608
Do 1.1.1609
Fr 1.1.1610
Sa 1.1.1611
So 1.1.1612
Di 1.1.1613
Mi 1.1.1614
Do 1.1.1615
Fr 1.1.1616
So 1.1.1617
Mo 1.1.1618
Di 1.1.1619
Mi 1.1.1620
Fr 1.1.1621
Sa 1.1.1622
So 1.1.1623
Mo 1.1.1624
Mi 1.1.1625
Do 1.1.1626
Fr 1.1.1627
Sa 1.1.1628
Mo 1.1.1629
Di 1.1.1630
Mi 1.1.1631
Do 1.1.1632
Sa 1.1.1633
So 1.1.1634
Mo 1.1.1635
Di 1.1.1636
Do 1.1.1637
Fr 1.1.1638
Sa 1.1.1639
So 1.1.1640
Di 1.1.1641
Mi 1.1.1642
Do 1.1.1643
Fr 1.1.1644
So 1.1.1645
Mo 1.1.1646
Di 1.1.1647
Mi 1.1.1648
Fr 1.1.1649
Sa 1.1.1650
So 1.1.1651
Mo 1.1.1652
Mi 1.1.1653
Do 1.1.1654
Fr 1.1.1655
Sa 1.1.1656
Mo 1.1.1657
Di 1.1.1658
Mi 1.1.1659
Do 1.1.1660
Sa 1.1.1661
So 1.1.1662
Mo 1.1.1663
Di 1.1.1664
Do 1.1.1665
Fr 1.1.1666
Sa 1.1.1667
So 1.1.1668
Di 1.1.1669
Mi 1.1.1670
Do 1.1.1671
Fr 1.1.1672
So 1.1.1673
Mo 1.1.1674
Di 1.1.1675
Mi 1.1.1676
Fr 1.1.1677
Sa 1.1.1678
So 1.1.1679
Mo 1.1.1680
Mi 1.1.1681
Do 1.1.1682
Fr 1.1.1683
Sa 1.1.1684
Mo 1.1.1685
Di 1.1.1686
Mi 1.1.1687
Do 1.1.1688
Sa 1.1.1689
So 1.1.1690
Mo 1.1.1691
Di 1.1.1692
Do 1.1.1693
Fr 1.1.1694
Sa 1.1.1695
So 1.1.1696
Di 1.1.1697
Mi 1.1.1698
Do 1.1.1699
Fr 1.1.1700
Sa 1.1.1701
So 1.1.1702
Mo 1.1.1703
Di 1.1.1704
Do 1.1.1705
Fr 1.1.1706
Sa 1.1.1707
So 1.1.1708
Di 1.1.1709
Mi 1.1.1710
Do 1.1.1711
Fr 1.1.1712
So 1.1.1713
Mo 1.1.1714
Di 1.1.1715
Mi 1.1.1716
Fr 1.1.1717
Sa 1.1.1718
So 1.1.1719
Mo 1.1.1720
Mi 1.1.1721
Do 1.1.1722
Fr 1.1.1723
Sa 1.1.1724
Mo 1.1.1725
Di 1.1.1726
Mi 1.1.1727
Do 1.1.1728
Sa 1.1.1729
So 1.1.1730
Mo 1.1.1731
Di 1.1.1732
Do 1.1.1733
Fr 1.1.1734
Sa 1.1.1735
So 1.1.1736
Di 1.1.1737
Mi 1.1.1738
Do 1.1.1739
Fr 1.1.1740
So 1.1.1741
Mo 1.1.1742
Di 1.1.1743
Mi 1.1.1744
Fr 1.1.1745
Sa 1.1.1746
So 1.1.1747
Mo 1.1.1748
Mi 1.1.1749
Do 1.1.1750
Fr 1.1.1751
Sa 1.1.1752
Mo 1.1.1753
Di 1.1.1754
Mi 1.1.1755
Do 1.1.1756
Sa 1.1.1757
So 1.1.1758
Mo 1.1.1759
Di 1.1.1760
Do 1.1.1761
Fr 1.1.1762
Sa 1.1.1763
So 1.1.1764
Di 1.1.1765
Mi 1.1.1766
Do 1.1.1767
Fr 1.1.1768
So 1.1.1769
Mo 1.1.1770
Di 1.1.1771
Mi 1.1.1772
Fr 1.1.1773
Sa 1.1.1774
So 1.1.1775
Mo 1.1.1776
Mi 1.1.1777
Do 1.1.1778
Fr 1.1.1779
Sa 1.1.1780
Mo 1.1.1781
Di 1.1.1782
Mi 1.1.1783
Do 1.1.1784
Sa 1.1.1785
So 1.1.1786
Mo 1.1.1787
Di 1.1.1788
Do 1.1.1789
Fr 1.1.1790
Sa 1.1.1791
So 1.1.1792
Di 1.1.1793
Mi 1.1.1794
Do 1.1.1795
Fr 1.1.1796
So 1.1.1797
Mo 1.1.1798
Di 1.1.1799
Mi 1.1.1800
Do 1.1.1801
Fr 1.1.1802
Sa 1.1.1803
So 1.1.1804
Di 1.1.1805
Mi 1.1.1806
Do 1.1.1807
Fr 1.1.1808
So 1.1.1809
Mo 1.1.1810
Di 1.1.1811
Mi 1.1.1812
Fr 1.1.1813
Sa 1.1.1814
So 1.1.1815
Mo 1.1.1816
Mi 1.1.1817
Do 1.1.1818
Fr 1.1.1819
Sa 1.1.1820
Mo 1.1.1821
Di 1.1.1822
Mi 1.1.1823
Do 1.1.1824
Sa 1.1.1825
So 1.1.1826
Mo 1.1.1827
Di 1.1.1828
Do 1.1.1829
Fr 1.1.1830
Sa 1.1.1831
So 1.1.1832
Di 1.1.1833
Mi 1.1.1834
Do 1.1.1835
Fr 1.1.1836
So 1.1.1837
Mo 1.1.1838
Di 1.1.1839
Mi 1.1.1840
Fr 1.1.1841
Sa 1.1.1842
So 1.1.1843
Mo 1.1.1844
Mi 1.1.1845
Do 1.1.1846
Fr 1.1.1847
Sa 1.1.1848
Mo 1.1.1849
Di 1.1.1850
Mi 1.1.1851
Do 1.1.1852
Sa 1.1.1853
So 1.1.1854
Mo 1.1.1855
Di 1.1.1856
Do 1.1.1857
Fr 1.1.1858
Sa 1.1.1859
So 1.1.1860
Di 1.1.1861
Mi 1.1.1862
Do 1.1.1863
Fr 1.1.1864
So 1.1.1865
Mo 1.1.1866
Di 1.1.1867
Mi 1.1.1868
Fr 1.1.1869
Sa 1.1.1870
So 1.1.1871
Mo 1.1.1872
Mi 1.1.1873
Do 1.1.1874
Fr 1.1.1875
Sa 1.1.1876
Mo 1.1.1877
Di 1.1.1878
Mi 1.1.1879
Do 1.1.1880
Sa 1.1.1881
So 1.1.1882
Mo 1.1.1883
Di 1.1.1884
Do 1.1.1885
Fr 1.1.1886
Sa 1.1.1887
So 1.1.1888
Di 1.1.1889
Mi 1.1.1890
Do 1.1.1891
Fr 1.1.1892
So 1.1.1893
Mo 1.1.1894
Di 1.1.1895
Mi 1.1.1896
Fr 1.1.1897
Sa 1.1.1898
So 1.1.1899
Mo 1.1.1900
Di 1.1.1901
Mi 1.1.1902
Do 1.1.1903
Fr 1.1.1904
So 1.1.1905
Mo 1.1.1906
Di 1.1.1907
Mi 1.1.1908
Fr 1.1.1909
Sa 1.1.1910
So 1.1.1911
Mo 1.1.1912
Mi 1.1.1913
Do 1.1.1914
Fr 1.1.1915
Sa 1.1.1916
Mo 1.1.1917
Di 1.1.1918
Mi 1.1.1919
Do 1.1.1920
Sa 1.1.1921
So 1.1.1922
Mo 1.1.1923
Di 1.1.1924
Do 1.1.1925
Fr 1.1.1926
Sa 1.1.1927
So 1.1.1928
Di 1.1.1929
Mi 1.1.1930
Do 1.1.1931
Fr 1.1.1932
So 1.1.1933
Mo 1.1.1934
Di 1.1.1935
Mi 1.1.1936
Fr 1.1.1937
Sa 1.1.1938
So 1.1.1939
Mo 1.1.1940
Mi 1.1.1941
Do 1.1.1942
Fr 1.1.1943
Sa 1.1.1944
Mo 1.1.1945
Di 1.1.1946
Mi 1.1.1947
Do 1.1.1948
Sa 1.1.1949
So 1.1.1950
Mo 1.1.1951
Di 1.1.1952
Do 1.1.1953
Fr 1.1.1954
Sa 1.1.1955
So 1.1.1956
Di 1.1.1957
Mi 1.1.1958
Do 1.1.1959
Fr 1.1.1960
So 1.1.1961
Mo 1.1.1962
Di 1.1.1963
Mi 1.1.1964
Fr 1.1.1965
Sa 1.1.1966
So 1.1.1967
Mo 1.1.1968
Mi 1.1.1969
Do 1.1.1970
Fr 1.1.1971
Sa 1.1.1972
Mo 1.1.1973
Di 1.1.1974
Mi 1.1.1975
Do 1.1.1976
Sa 1.1.1977
So 1.1.1978
Mo 1.1.1979
Di 1.1.1980
Do 1.1.1981
Fr 1.1.1982
Sa 1.1.1983
So 1.1.1984
Di 1.1.1985
Mi 1.1.1986
Do 1.1.1987
Fr 1.1.1988
So 1.1.1989
Mo 1.1.1990
Di 1.1.1991
Mi 1.1.1992
Fr 1.1.1993
Sa 1.1.1994
So 1.1.1995
Mo 1.1.1996
Mi 1.1.1997
Do 1.1.1998
Fr 1.1.1999
Sa 1.1.2000
Mo 1.1.2001
