Sa 1.1.1
So 1.1.2
Mo 1.1.3
Di 1.1.4
Do 1.1.5
Fr 1.1.6
Sa 1.1.7
So 1.1.8
Di 1.1.9
Mi 1.1.10
Do 1.1.11
Fr 1.1.12
So 1.1.13
Mo 1.1.14
Di 1.1.15
Mi 1.1.16
Fr 1.1.17
Sa 1.1.18
So 1.1.19
Mo 1.1.20
Mi 1.1.21
Do 1.1.22
Fr 1.1.23
Sa 1.1.24
Mo 1.1.25
Di 1.1.26
Mi 1.1.27
Do 1.1.28
Sa 1.1.29
So 1.1.30
Mo 1.1.31
Di 1.1.32
Do 1.1.33
Fr 1.1.34
Sa 1.1.35
So 1.1.36
Di 1.1.37
Mi 1.1.38
Do 1.1.39
Fr 1.1.40
So 1.1.41
Mo 1.1.42
Di 1.1.43
Mi 1.1.44
Fr 1.1.45
Sa 1.1.46
So 1.1.47
Mo 1.1.48
Mi 1.1.49
Do 1.1.50
Fr 1.1.51
Sa 1.1.52
Mo 1.1.53
Di 1.1.54
Mi 1.1.55
Do 1.1.56
Sa 1.1.57
So 1.1.58
Mo 1.1.59
Di 1.1.60
Do 1.1.61
Fr 1.1.62
Sa 1.1.63
So 1.1.64
Di 1.1.65
Mi 1.1.66
Do 1.1.67
Fr 1.1.68
So 1.1.69
Mo 1.1.70
Di 1.1.71
Mi 1.1.72
Fr 1.1.73
Sa 1.1.74
So 1.1.75
Mo 1.1.76
Mi 1.1.77
Do 1.1.78
Fr 1.1.79
Sa 1.1.80
Mo 1.1.81
Di 1.1.82
Mi 1.1.83
Do 1.1.84
Sa 1.1.85
So 1.1.86
Mo 1.1.87
Di 1.1.88
Do 1.1.89
Fr 1.1.90
Sa 1.1.91
So 1.1.92
Di 1.1.93
Mi 1.1.94
Do 1.1.95
Fr 1.1.96
So 1.1.97
Mo 1.1.98
Di 1.1.99
Mi 1.1.100
Fr 1.1.101
Sa 1.1.102
So 1.1.103
Mo 1.1.104
Mi 1.1.105
Do 1.1.106
Fr 1.1.107
Sa 1.1.108
Mo 1.1.109
Di 1.1.110
Mi 1.1.111
Do 1.1.112
Sa 1.1.113
So 1.1.114
Mo 1.1.115
Di 1.1.116
Do 1.1.117
Fr 1.1.118
Sa 1.1.119
So 1.1.120
Di 1.1.121
Mi 1.1.122
Do 1.1.123
Fr 1.1.124
So 1.1.125
Mo 1.1.126
Di 1.1.127
Mi 1.1.128
Fr 1.1.129
Sa 1.1.130
So 1.1.131
Mo 1.1.132
Mi 1.1.133
Do 1.1.134
Fr 1.1.135
Sa 1.1.136
Mo 1.1.137
Di 1.1.138
Mi 1.1.139
Do 1.1.140
Sa 1.1.141
So 1.1.142
Mo 1.1.143
Di 1.1.144
Do 1.1.145
Fr 1.1.146
Sa 1.1.147
So 1.1.148
Di 1.1.149
Mi 1.1.150
Do 1.1.151
Fr 1.1.152
So 1.1.153
Mo 1.1.154
Di 1.1.155
Mi 1.1.156
Fr 1.1.157
Sa 1.1.158
So 1.1.159
Mo 1.1.160
Mi 1.1.161
Do 1.1.162
Fr 1.1.163
Sa 1.1.164
Mo 1.1.165
Di 1.1.166
Mi 1.1.167
Do 1.1.168
Sa 1.1.169
So 1.1.170
Mo 1.1.171
Di 1.1.172
Do 1.1.173
Fr 1.1.174
Sa 1.1.175
So 1.1.176
Di 1.1.177
Mi 1.1.178
Do 1.1.179
Fr 1.1.180
So 1.1.181
Mo 1.1.182
Di 1.1.183
Mi 1.1.184
Fr 1.1.185
Sa 1.1.186
So 1.1.187
Mo 1.1.188
Mi 1.1.189
Do 1.1.190
Fr 1.1.191
Sa 1.1.192
Mo 1.1.193
Di 1.1.194
Mi 1.1.195
Do 1.1.196
Sa 1.1.197
So 1.1.198
Mo 1.1.199
Di 1.1.200
Do 1.1.201
Fr 1.1.202
Sa 1.1.203
So 1.1.204
Di 1.1.205
Mi 1.1.206
Do 1.1.207
Fr 1.1.208
So 1.1.209
Mo 1.1.210
Di 1.1.211
Mi 1.1.212
Fr 1.1.213
Sa 1.1.214
So 1.1.215
Mo 1.1.216
Mi 1.1.217
Do 1.1.218
Fr 1.1.219
Sa 1.1.220
Mo 1.1.221
Di 1.1.222
Mi 1.1.223
Do 1.1.224
Sa 1.1.225
So 1.1.226
Mo 1.1.227
Di 1.1.228
Do 1.1.229
Fr 1.1.230
Sa 1.1.231
So 1.1.232
Di 1.1.233
Mi 1.1.234
Do 1.1.235
Fr 1.1.236
So 1.1.237
Mo 1.1.238
Di 1.1.239
Mi 1.1.240
Fr 1.1.241
Sa 1.1.242
So 1.1.243
Mo 1.1.244
Mi 1.1.245
Do 1.1.246
Fr 1.1.247
Sa 1.1.248
Mo 1.1.249
Di 1.1.250
Mi 1.1.251
Do 1.1.252
Sa 1.1.253
So 1.1.254
Mo 1.1.255
Di 1.1.256
Do 1.1.257
Fr 1.1.258
Sa 1.1.259
So 1.1.260
Di 1.1.261
Mi 1.1.262
Do 1.1.263
Fr 1.1.264
So 1.1.265
Mo 1.1.266
Di 1.1.267
Mi 1.1.268
Fr 1.1.269
Sa 1.1.270
So 1.1.271
Mo 1.1.272
Mi 1.1.273
Do 1.1.274
Fr 1.1.275
Sa 1.1.276
Mo 1.1.277
Di 1.1.278
Mi 1.1.279
Do 1.1.280
Sa 1.1.281
So 1.1.282
Mo 1.1.283
Di 1.1.284
Do 1.1.285
Fr 1.1.286
Sa 1.1.287
So 1.1.288
Di 1.1.289
Mi 1.1.290
Do 1.1.291
Fr 1.1.292
So 1.1.293
Mo 1.1.294
Di 1.1.295
Mi 1.1.296
Fr 1.1.297
Sa 1.1.298
So 1.1.299
Mo 1.1.300
Mi 1.1.301
Do 1.1.302
Fr 1.1.303
Sa 1.1.304
Mo 1.1.305
Di 1.1.306
Mi 1.1.307
Do 1.1.308
Sa 1.1.309
So 1.1.310
Mo 1.1.311
Di 1.1.312
Do 1.1.313
Fr 1.1.314
Sa 1.1.315
So 1.1.316
Di 1.1.317
Mi 1.1.318
Do 1.1.319
Fr 1.1.320
So 1.1.321
Mo 1.1.322
Di 1.1.323
Mi 1.1.324
Fr 1.1.325
Sa 1.1.326
So 1.1.327
Mo 1.1.328
Mi 1.1.329
Do 1.1.330
Fr 1.1.331
Sa 1.1.332
Mo 1.1.333
Di 1.1.334
Mi 1.1.335
Do 1.1.336
Sa 1.1.337
So 1.1.338
Mo 1.1.339
Di 1.1.340
Do 1.1.341
Fr 1.1.342
Sa 1.1.343
So 1.1.344
Di 1.1.345
Mi 1.1.346
Do 1.1.347
Fr 1.1.348
So 1.1.349
Mo 1.1.350
Di 1.1.351
Mi 1.1.352
Fr 1.1.353
Sa 1.1.354
So 1.1.355
Mo 1.1.356
Mi 1.1.357
Do 1.1.358
Fr 1.1.359
Sa 1.1.360
Mo 1.1.361
Di 1.1.362
Mi 1.1.363
Do 1.1.364
Sa 1.1.365
So 1.1.366
Mo 1.1.367
Di 1.1.368
Do 1.1.369
Fr 1.1.370
Sa 1.1.371
So 1.1.372
Di 1.1.373
Mi 1.1.374
Do 1.1.375
Fr 1.1.376
So 1.1.377
Mo 1.1.378
Di 1.1.379
Mi 1.1.380
Fr 1.1.381
Sa 1.1.382
So 1.1.383
Mo 1.1.384
Mi 1.1.385
Do 1.1.386
Fr 1.1.387
Sa 1.1.388
Mo 1.1.389
Di 1.1.390
Mi 1.1.391
Do 1.1.392
Sa 1.1.393
So 1.1.394
Mo 1.1.395
Di 1.1.396
Do 1.1.397
Fr 1.1.398
Sa 1.1.399
So 1.1.400
Di 1.1.401
Mi 1.1.402
Do 1.1.403
Fr 1.1.404
So 1.1.405
Mo 1.1.406
Di 1.1.407
Mi 1.1.408
Fr 1.1.409
Sa 1.1.410
So 1.1.411
Mo 1.1.412
Mi 1.1.413
Do 1.1.414
Fr 1.1.415
Sa 1.1.416
Mo 1.1.417
Di 1.1.418
Mi 1.1.419
Do 1.1.420
Sa 1.1.421
So 1.1.422
Mo 1.1.423
Di 1.1.424
Do 1.1.425
Fr 1.1.426
Sa 1.1.427
So 1.1.428
Di 1.1.429
Mi 1.1.430
Do 1.1.431
Fr 1.1.432
So 1.1.433
Mo 1.1.434
Di 1.1.435
Mi 1.1.436
Fr 1.1.437
Sa 1.1.438
So 1.1.439
Mo 1.1.440
Mi 1.1.441
Do 1.1.442
Fr 1.1.443
Sa 1.1.444
Mo 1.1.445
Di 1.1.446
Mi 1.1.447
Do 1.1.448
Sa 1.1.449
So 1.1.450
Mo 1.1.451
Di 1.1.452
Do 1.1.453
Fr 1.1.454
Sa 1.1.455
So 1.1.456
Di 1.1.457
Mi 1.1.458
Do 1.1.459
Fr 1.1.460
So 1.1.461
Mo 1.1.462
Di 1.1.463
Mi 1.1.464
Fr 1.1.465
Sa 1.1.466
So 1.1.467
Mo 1.1.468
Mi 1.1.469
Do 1.1.470
Fr 1.1.471
Sa 1.1.472
Mo 1.1.473
Di 1.1.474
Mi 1.1.475
Do 1.1.476
Sa 1.1.477
So 1.1.478
Mo 1.1.479
Di 1.1.480
Do 1.1.481
Fr 1.1.482
Sa 1.1.483
So 1.1.484
Di 1.1.485
Mi 1.1.486
Do 1.1.487
Fr 1.1.488
So 1.1.489
Mo 1.1.490
Di 1.1.491
Mi 1.1.492
Fr 1.1.493
Sa 1.1.494
So 1.1.495
Mo 1.1.496
Mi 1.1.497
Do 1.1.498
Fr 1.1.499
Sa 1.1.500
Mo 1.1.501
Di 1.1.502
Mi 1.1.503
Do 1.1.504
Sa 1.1.505
So 1.1.506
Mo 1.1.507
Di 1.1.508
Do 1.1.509
Fr 1.1.510
Sa 1.1.511
So 1.1.512
Di 1.1.513
Mi 1.1.514
Do 1.1.515
Fr 1.1.516
So 1.1.517
Mo 1.1.518
Di 1.1.519
Mi 1.1.520
Fr 1.1.521
Sa 1.1.522
So 1.1.523
Mo 1.1.524
Mi 1.1.525
Do 1.1.526
Fr 1.1.527
Sa 1.1.528
Mo 1.1.529
Di 1.1.530
Mi 1.1.531
Do 1.1.532
Sa 1.1.533
So 1.1.534
Mo 1.1.535
Di 1.1.536
Do 1.1.537
Fr 1.1.538
Sa 1.1.539
So 1.1.540
Di 1.1.541
Mi 1.1.542
Do 1.1.543
Fr 1.1.544
So 1.1.545
Mo 1.1.546
Di 1.1.547
Mi 1.1.548
Fr 1.1.549
Sa 1.1.550
So 1.1.551
Mo 1.1.552
Mi 1.1.553
Do 1.1.554
Fr 1.1.555
Sa 1.1.556
Mo 1.1.557
Di 1.1.558
Mi 1.1.559
Do 1.1.560
Sa 1.1.561
So 1.1.562
Mo 1.1.563
Di 1.1.564
Do 1.1.565
Fr 1.1.566
Sa 1.1.567
So 1.1.568
Di 1.1.569
Mi 1.1.570
Do 1.1.571
Fr 1.1.572
So 1.1.573
Mo 1.1.574
Di 1.1.575
Mi 1.1.576
Fr 1.1.577
Sa 1.1.578
So 1.1.579
Mo 1.1.580
Mi 1.1.581
Do 1.1.582
Fr 1.1.583
Sa 1.1.584
Mo 1.1.585
Di 1.1.586
Mi 1.1.587
Do 1.1.588
Sa 1.1.589
So 1.1.590
Mo 1.1.591
Di 1.1.592
Do 1.1.593
Fr 1.1.594
Sa 1.1.595
So 1.1.596
Di 1.1.597
Mi 1.1.598
Do 1.1.599
Fr 1.1.600
So 1.1.601
Mo 1.1.602
Di 1.1.603
Mi 1.1.604
Fr 1.1.605
Sa 1.1.606
So 1.1.607
Mo 1.1.608
Mi 1.1.609
Do 1.1.610
Fr 1.1.611
Sa 1.1.612
Mo 1.1.613
Di 1.1.614
Mi 1.1.615
Do 1.1.616
Sa 1.1.617
So 1.1.618
Mo 1.1.619
Di 1.1.620
Do 1.1.621
Fr 1.1.622
Sa 1.1.623
So 1.1.624
Di 1.1.625
Mi 1.1.626
Do 1.1.627
Fr 1.1.628
So 1.1.629
Mo 1.1.630
Di 1.1.631
Mi 1.1.632
Fr 1.1.633
Sa 1.1.634
So 1.1.635
Mo 1.1.636
Mi 1.1.637
Do 1.1.638
Fr 1.1.639
Sa 1.1.640
Mo 1.1.641
Di 1.1.642
Mi 1.1.643
Do 1.1.644
Sa 1.1.645
So 1.1.646
Mo 1.1.647
Di 1.1.648
Do 1.1.649
Fr 1.1.650
Sa 1.1.651
So 1.1.652
Di 1.1.653
Mi 1.1.654
Do 1.1.655
Fr 1.1.656
So 1.1.657
Mo 1.1.658
Di 1.1.659
Mi 1.1.660
Fr 1.1.661
Sa 1.1.662
So 1.1.663
Mo 1.1.664
Mi 1.1.665
Do 1.1.666
Fr 1.1.667
Sa 1.1.668
Mo 1.1.669
Di 1.1.670
Mi 1.1.671
Do 1.1.672
Sa 1.1.673
So 1.1.674
Mo 1.1.675
Di 1.1.676
Do 1.1.677
Fr 1.1.678
Sa 1.1.679
So 1.1.680
Di 1.1.681
Mi 1.1.682
Do 1.1.683
Fr 1.1.684
So 1.1.685
Mo 1.1.686
Di 1.1.687
Mi 1.1.688
Fr 1.1.689
Sa 1.1.690
So 1.1.691
Mo 1.1.692
Mi 1.1.693
Do 1.1.694
Fr 1.1.695
Sa 1.1.696
Mo 1.1.697
Di 1.1.698
Mi 1.1.699
Do 1.1.700
Sa 1.1.701
So 1.1.702
Mo 1.1.703
Di 1.1.704
Do 1.1.705
Fr 1.1.706
Sa 1.1.707
So 1.1.708
Di 1.1.709
Mi 1.1.710
Do 1.1.711
Fr 1.1.712
So 1.1.713
Mo 1.1.714
Di 1.1.715
Mi 1.1.716
Fr 1.1.717
Sa 1.1.718
So 1.1.719
Mo 1.1.720
Mi 1.1.721
Do 1.1.722
Fr 1.1.723
Sa 1.1.724
Mo 1.1.725
Di 1.1.726
Mi 1.1.727
Do 1.1.728
Sa 1.1.729
So 1.1.730
Mo 1.1.731
Di 1.1.732
Do 1.1.733
Fr 1.1.734
Sa 1.1.735
So 1.1.736
Di 1.1.737
Mi 1.1.738
Do 1.1.739
Fr 1.1.740
So 1.1.741
Mo 1.1.742
Di 1.1.743
Mi 1.1.744
Fr 1.1.745
Sa 1.1.746
So 1.1.747
Mo 1.1.748
Mi 1.1.749
Do 1.1.750
Fr 1.1.751
Sa 1.1.752
Mo 1.1.753
Di 1.1.754
Mi 1.1.755
Do 1.1.756
Sa 1.1.757
So 1.1.758
Mo 1.1.759
Di 1.1.760
Do 1.1.761
Fr 1.1.762
Sa 1.1.763
So 1.1.764
Di 1.1.765
Mi 1.1.766
Do 1.1.767
Fr 1.1.768
So 1.1.769
Mo 1.1.770
Di 1.1.771
Mi 1.1.772
Fr 1.1.773
Sa 1.1.774
So 1.1.775
Mo 1.1.776
Mi 1.1.777
Do 1.1.778
Fr 1.1.779
Sa 1.1.780
Mo 1.1.781
Di 1.1.782
Mi 1.1.783
Do 1.1.784
Sa 1.1.785
So 1.1.786
Mo 1.1.787
Di 1.1.788
Do 1.1.789
Fr 1.1.790
Sa 1.1.791
So 1.1.792
Di 1.1.793
Mi 1.1.794
Do 1.1.795
Fr 1.1.796
So 1.1.797
Mo 1.1.798
Di 1.1.799
Mi 1.1.800
Fr 1.1.801
Sa 1.1.802
So 1.1.803
Mo 1.1.804
Mi 1.1.805
Do 1.1.806
Fr 1.1.807
Sa 1.1.808
Mo 1.1.809
Di 1.1.810
Mi 1.1.811
Do 1.1.812
Sa 1.1.813
So 1.1.814
Mo 1.1.815
Di 1.1.816
Do 1.1.817
Fr 1.1.818
Sa 1.1.819
So 1.1.820
Di 1.1.821
Mi 1.1.822
Do 1.1.823
Fr 1.1.824
So 1.1.825
Mo 1.1.826
Di 1.1.827
Mi 1.1.828
Fr 1.1.829
Sa 1.1.830
So 1.1.831
Mo 1.1.832
Mi 1.1.833
Do 1.1.834
Fr 1.1.835
Sa 1.1.836
Mo 1.1.837
Di 1.1.838
Mi 1.1.839
Do 1.1.840
Sa 1.1.841
So 1.1.842
Mo 1.1.843
Di 1.1.844
Do 1.1.845
Fr 1.1.846
Sa 1.1.847
So 1.1.848
Di 1.1.849
Mi 1.1.850
Do 1.1.851
Fr 1.1.852
So 1.1.853
Mo 1.1.854
Di 1.1.855
Mi 1.1.856
Fr 1.1.857
Sa 1.1.858
So 1.1.859
Mo 1.1.860
Mi 1.1.861
Do 1.1.862
Fr 1.1.863
Sa 1.1.864
Mo 1.1.865
Di 1.1.866
Mi 1.1.867
Do 1.1.868
Sa 1.1.869
So 1.1.870
Mo 1.1.871
Di 1.1.872
Do 1.1.873
Fr 1.1.874
Sa 1.1.875
So 1.1.876
Di 1.1.877
Mi 1.1.878
Do 1.1.879
Fr 1.1.880
So 1.1.881
Mo 1.1.882
Di 1.1.883
Mi 1.1.884
Fr 1.1.885
Sa 1.1.886
So 1.1.887
Mo 1.1.888
Mi 1.1.889
Do 1.1.890
Fr 1.1.891
Sa 1.1.892
Mo 1.1.893
Di 1.1.894
Mi 1.1.895
Do 1.1.896
Sa 1.1.897
So 1.1.898
Mo 1.1.899
Di 1.1.900
Do 1.1.901
Fr 1.1.902
Sa 1.1.903
So 1.1.904
Di 1.1.905
Mi 1.1.906
Do 1.1.907
Fr 1.1.908
So 1.1.909
Mo 1.1.910
Di 1.1.911
Mi 1.1.912
Fr 1.1.913
Sa 1.1.914
So 1.1.915
Mo 1.1.916
Mi 1.1.917
Do 1.1.918
Fr 1.1.919
Sa 1.1.920
Mo 1.1.921
Di 1.1.922
Mi 1.1.923
Do 1.1.924
Sa 1.1.925
So 1.1.926
Mo 1.1.927
Di 1.1.928
Do 1.1.929
Fr 1.1.930
Sa 1.1.931
So 1.1.932
Di 1.1.933
Mi 1.1.934
Do 1.1.935
Fr 1.1.936
So 1.1.937
Mo 1.1.938
Di 1.1.939
Mi 1.1.940
Fr 1.1.941
Sa 1.1.942
So 1.1.943
Mo 1.1.944
Mi 1.1.945
Do 1.1.946
Fr 1.1.947
Sa 1.1.948
Mo 1.1.949
Di 1.1.950
Mi 1.1.951
Do 1.1.952
Sa 1.1.953
So 1.1.954
Mo 1.1.955
Di 1.1.956
Do 1.1.957
Fr 1.1.958
Sa 1.1.959
So 1.1.960
Di 1.1.961
Mi 1.1.962
Do 1.1.963
Fr 1.1.964
So 1.1.965
Mo 1.1.966
Di 1.1.967
Mi 1.1.968
Fr 1.1.969
Sa 1.1.970
So 1.1.971
Mo 1.1.972
Mi 1.1.973
Do 1.1.974
Fr 1.1.975
Sa 1.1.976
Mo 1.1.977
Di 1.1.978
Mi 1.1.979
Do 1.1.980
Sa 1.1.981
So 1.1.982
Mo 1.1.983
Di 1.1.984
Do 1.1.985
Fr 1.1.986
Sa 1.1.987
So 1.1.988
Di 1.1.989
Mi 1.1.990
Do 1.1.991
Fr 1.1.992
So 1.1.993
Mo 1.1.994
Di 1.1.995
Mi 1.1.996
Fr 1.1.997
Sa 1.1.998
So 1.1.999
Mo 1.1.1000
Mi 1.1.1001
Do 1.1.1002
Fr 1.1.1003
Sa 1.1.1004
Mo 1.1.1005
Di 1.1.1006
Mi 1.1.1007
Do 1.1.1008
Sa 1.1.1009
So 1.1.1010
Mo 1.1.1011
Di 1.1.1012
Do 1.1.1013
Fr 1.1.1014
Sa 1.1.1015
So 1.1.1016
Di 1.1.1017
Mi 1.1.1018
Do 1.1.1019
Fr 1.1.1020
So 1.1.1021
Mo 1.1.1022
Di 1.1.1023
Mi 1.1.1024
Fr 1.1.1025
Sa 1.1.1026
So 1.1.1027
Mo 1.1.1028
Mi 1.1.1029
Do 1.1.1030
Fr 1.1.1031
Sa 1.1.1032
Mo 1.1.1033
Di 1.1.1034
Mi 1.1.1035
Do 1.1.1036
Sa 1.1.1037
So 1.1.1038
Mo 1.1.1039
Di 1.1.1040
Do 1.1.1041
Fr 1.1.1042
Sa 1.1.1043
So 1.1.1044
Di 1.1.1045
Mi 1.1.1046
Do 1.1.1047
Fr 1.1.1048
So 1.1.1049
Mo 1.1.1050
Di 1.1.1051
Mi 1.1.1052
Fr 1.1.1053
Sa 1.1.1054
So 1.1.1055
Mo 1.1.1056
Mi 1.1.1057
Do 1.1.1058
Fr 1.1.1059
Sa 1.1.1060
Mo 1.1.1061
Di 1.1.1062
Mi 1.1.1063
Do 1.1.1064
Sa 1.1.1065
So 1.1.1066
Mo 1.1.1067
Di 1.1.1068
Do 1.1.1069
Fr 1.1.1070
Sa 1.1.1071
So 1.1.1072
Di 1.1.1073
Mi 1.1.1074
Do 1.1.1075
Fr 1.1.1076
So 1.1.1077
Mo 1.1.1078
Di 1.1.1079
Mi 1.1.1080
Fr 1.1.1081
Sa 1.1.1082
So 1.1.1083
Mo 1.1.1084
Mi 1.1.1085
Do 1.1.1086
Fr 1.1.1087
Sa 1.1.1088
Mo 1.1.1089
Di 1.1.1090
Mi 1.1.1091
Do 1.1.1092
Sa 1.1.1093
So 1.1.1094
Mo 1.1.1095
Di 1.1.1096
Do 1.1.1097
Fr 1.1.1098
Sa 1.1.1099
So 1.1.1100
Di 1.1.1101
Mi 1.1.1102
Do 1.1.1103
Fr 1.1.1104
So 1.1.1105
Mo 1.1.1106
Di 1.1.1107
Mi 1.1.1108
Fr 1.1.1109
Sa 1.1.1110
So 1.1.1111
Mo 1.1.1112
Mi 1.1.1113
Do 1.1.1114
Fr 1.1.1115
Sa 1.1.1116
Mo 1.1.1117
Di 1.1.1118
Mi 1.1.1119
Do 1.1.1120
Sa 1.1.1121
So 1.1.1122
Mo 1.1.1123
Di 1.1.1124
Do 1.1.1125
Fr 1.1.1126
Sa 1.1.1127
So 1.1.1128
Di 1.1.1129
Mi 1.1.1130
Do 1.1.1131
Fr 1.1.1132
So 1.1.1133
Mo 1.1.1134
Di 1.1.1135
Mi 1.1.1136
Fr 1.1.1137
Sa 1.1.1138
So 1.1.1139
Mo 1.1.1140
Mi 1.1.1141
Do 1.1.1142
Fr 1.1.1143
Sa 1.1.1144
Mo 1.1.1145
Di 1.1.1146
Mi 1.1.1147
Do 1.1.1148
Sa 1.1.1149
So 1.1.1150
Mo 1.1.1151
Di 1.1.1152
Do 1.1.1153
Fr 1.1.1154
Sa 1.1.1155
So 1.1.1156
Di 1.1.1157
Mi 1.1.1158
Do 1.1.1159
Fr 1.1.1160
So 1.1.1161
Mo 1.1.1162
Di 1.1.1163
Mi 1.1.1164
Fr 1.1.1165
Sa 1.1.1166
So 1.1.1167
Mo 1.1.1168
Mi 1.1.1169
Do 1.1.1170
Fr 1.1.1171
Sa 1.1.1172
Mo 1.1.1173
Di 1.1.1174
Mi 1.1.1175
Do 1.1.1176
Sa 1.1.1177
So 1.1.1178
Mo 1.1.1179
Di 1.1.1180
Do 1.1.1181
Fr 1.1.1182
Sa 1.1.1183
So 1.1.1184
Di 1.1.1185
Mi 1.1.1186
Do 1.1.1187
Fr 1.1.1188
So 1.1.1189
Mo 1.1.1190
Di 1.1.1191
Mi 1.1.1192
Fr 1.1.1193
Sa 1.1.1194
So 1.1.1195
Mo 1.1.1196
Mi 1.1.1197
Do 1.1.1198
Fr 1.1.1199
Sa 1.1.1200
Mo 1.1.1201
Di 1.1.1202
Mi 1.1.1203
Do 1.1.1204
Sa 1.1.1205
So 1.1.1206
Mo 1.1.1207
Di 1.1.1208
Do 1.1.1209
Fr 1.1.1210
Sa 1.1.1211
So 1.1.1212
Di 1.1.1213
Mi 1.1.1214
Do 1.1.1215
Fr 1.1.1216
So 1.1.1217
Mo 1.1.1218
Di 1.1.1219
Mi 1.1.1220
Fr 1.1.1221
Sa 1.1.1222
So 1.1.1223
Mo 1.1.1224
Mi 1.1.1225
Do 1.1.1226
Fr 1.1.1227
Sa 1.1.1228
Mo 1.1.1229
Di 1.1.1230
Mi 1.1.1231
Do 1.1.1232
Sa 1.1.1233
So 1.1.1234
Mo 1.1.1235
Di 1.1.1236
Do 1.1.1237
Fr 1.1.1238
Sa 1.1.1239
So 1.1.1240
Di 1.1.1241
Mi 1.1.1242
Do 1.1.1243
Fr 1.1.1244
So 1.1.1245
Mo 1.1.1246
Di 1.1.1247
Mi 1.1.1248
Fr 1.1.1249
Sa 1.1.1250
So 1.1.1251
Mo 1.1.1252
Mi 1.1.1253
Do 1.1.1254
Fr 1.1.1255
Sa 1.1.1256
Mo 1.1.1257
Di 1.1.1258
Mi 1.1.1259
Do 1.1.1260
Sa 1.1.1261
So 1.1.1262
Mo 1.1.1263
Di 1.1.1264
Do 1.1.1265
Fr 1.1.1266
Sa 1.1.1267
So 1.1.1268
Di 1.1.1269
Mi 1.1.1270
Do 1.1.1271
Fr 1.1.1272
So 1.1.1273
Mo 1.1.1274
Di 1.1.1275
Mi 1.1.1276
Fr 1.1.1277
Sa 1.1.1278
So 1.1.1279
Mo 1.1.1280
Mi 1.1.1281
Do 1.1.1282
Fr 1.1.1283
Sa 1.1.1284
Mo 1.1.1285
Di 1.1.1286
Mi 1.1.1287
Do 1.1.1288
Sa 1.1.1289
So 1.1.1290
Mo 1.1.1291
Di 1.1.1292
Do 1.1.1293
Fr 1.1.1294
Sa 1.1.1295
So 1.1.1296
Di 1.1.1297
Mi 1.1.1298
Do 1.1.1299
Fr 1.1.1300
So 1.1.1301
Mo 1.1.1302
Di 1.1.1303
Mi 1.1.1304
Fr 1.1.1305
Sa 1.1.1306
So 1.1.1307
Mo 1.1.1308
Mi 1.1.1309
Do 1.1.1310
Fr 1.1.1311
Sa 1.1.1312
Mo 1.1.1313
Di 1.1.1314
Mi 1.1.1315
Do 1.1.1316
Sa 1.1.1317
So 1.1.1318
Mo 1.1.1319
Di 1.1.1320
Do 1.1.1321
Fr 1.1.1322
Sa 1.1.1323
So 1.1.1324
Di 1.1.1325
Mi 1.1.1326
Do 1.1.1327
Fr 1.1.1328
So 1.1.1329
Mo 1.1.1330
Di 1.1.1331
Mi 1.1.1332
Fr 1.1.1333
Sa 1.1.1334
So 1.1.1335
Mo 1.1.1336
Mi 1.1.1337
Do 1.1.1338
Fr 1.1.1339
Sa 1.1.1340
Mo 1.1.1341
Di 1.1.1342
Mi 1.1.1343
Do 1.1.1344
Sa 1.1.1345
So 1.1.1346
Mo 1.1.1347
Di 1.1.1348
Do 1.1.1349
Fr 1.1.1350
Sa 1.1.1351
So 1.1.1352
Di 1.1.1353
Mi 1.1.1354
Do 1.1.1355
Fr 1.1.1356
So 1.1.1357
Mo 1.1.1358
Di 1.1.1359
Mi 1.1.1360
Fr 1.1.1361
Sa 1.1.1362
So 1.1.1363
Mo 1.1.1364
Mi 1.1.1365
Do 1.1.1366
Fr 1.1.1367
Sa 1.1.1368
Mo 1.1.1369
Di 1.1.1370
Mi 1.1.1371
Do 1.1.1372
Sa 1.1.1373
So 1.1.1374
Mo 1.1.1375
Di 1.1.1376
Do 1.1.1377
Fr 1.1.1378
Sa 1.1.1379
So 1.1.1380
Di 1.1.1381
Mi 1.1.1382
Do 1.1.1383
Fr 1.1.1384
So 1.1.1385
Mo 1.1.1386
Di 1.1.1387
Mi 1.1.1388
Fr 1.1.1389
Sa 1.1.1390
So 1.1.1391
Mo 1.1.1392
Mi 1.1.1393
Do 1.1.1394
Fr 1.1.1395
Sa 1.1.1396
Mo 1.1.1397
Di 1.1.1398
Mi 1.1.1399
Do 1.1.1400
Sa 1.1.1401
So 1.1.1402
Mo 1.1.1403
Di 1.1.1404
Do 1.1.1405
Fr 1.1.1406
Sa 1.1.1407
So 1.1.1408
Di 1.1.1409
Mi 1.1.1410
Do 1.1.1411
Fr 1.1.1412
So 1.1.1413
Mo 1.1.1414
Di 1.1.1415
Mi 1.1.1416
Fr 1.1.1417
Sa 1.1.1418
So 1.1.1419
Mo 1.1.1420
Mi 1.1.1421
Do 1.1.1422
Fr 1.1.1423
Sa 1.1.1424
Mo 1.1.1425
Di 1.1.1426
Mi 1.1.1427
Do 1.1.1428
Sa 1.1.1429
So 1.1.1430
Mo 1.1.1431
Di 1.1.1432
Do 1.1.1433
Fr 1.1.1434
Sa 1.1.1435
So 1.1.1436
Di 1.1.1437
Mi 1.1.1438
Do 1.1.1439
Fr 1.1.1440
So 1.1.1441
Mo 1.1.1442
Di 1.1.1443
Mi 1.1.1444
Fr 1.1.1445
Sa 1.1.1446
So 1.1.1447
Mo 1.1.1448
Mi 1.1.1449
Do 1.1.1450
Fr 1.1.1451
Sa 1.1.1452
Mo 1.1.1453
Di 1.1.1454
Mi 1.1.1455
Do 1.1.1456
Sa 1.1.1457
So 1.1.1458
Mo 1.1.1459
Di 1.1.1460
Do 1.1.1461
Fr 1.1.1462
Sa 1.1.1463
So 1.1.1464
Di 1.1.1465
Mi 1.1.1466
Do 1.1.1467
Fr 1.1.1468
So 1.1.1469
Mo 1.1.1470
Di 1.1.1471
Mi 1.1.1472
Fr 1.1.1473
Sa 1.1.1474
So 1.1.1475
Mo 1.1.1476
Mi 1.1.1477
Do 1.1.1478
Fr 1.1.1479
Sa 1.1.1480
Mo 1.1.1481
Di 1.1.1482
Mi 1.1.1483
Do 1.1.1484
Sa 1.1.1485
So 1.1.1486
Mo 1.1.1487
Di 1.1.1488
Do 1.1.1489
Fr 1.1.1490
Sa 1.1.1491
So 1.1.1492
Di 1.1.1493
Mi 1.1.1494
Do 1.1.1495
Fr 1.1.1496
So 1.1.1497
Mo 1.1.1498
Di 1.1.1499
Mi 1.1.1500
Fr 1.1.1501
Sa 1.1.1502
So 1.1.1503
Mo 1.1.1504
Mi 1.1.1505
Do 1.1.1506
Fr 1.1.1507
Sa 1.1.1508
Mo 1.1.1509
Di 1.1.1510
Mi 1.1.1511
Do 1.1.1512
Sa 1.1.1513
So 1.1.1514
Mo 1.1.1515
Di 1.1.1516
Do 1.1.1517
Fr 1.1.1518
Sa 1.1.1519
So 1.1.1520
Di 1.1.1521
Mi 1.1.1522
Do 1.1.1523
Fr 1.1.1524
So 1.1.1525
Mo 1.1.1526
Di 1.1.1527
Mi 1.1.1528
Fr 1.1.1529
Sa 1.1.1530
So 1.1.1531
Mo 1.1.1532
Mi 1.1.1533
Do 1.1.1534
Fr 1.1.1535
Sa 1.1.1536
Mo 1.1.1537
Di 1.1.1538
Mi 1.1.1539
Do 1.1.1540
Sa 1.1.1541
So 1.1.1542
Mo 1.1.1543
Di 1.1.1544
Do 1.1.1545
Fr 1.1.1546
Sa 1.1.1547
So 1.1.1548
Di 1.1.1549
Mi 1.1.1550
Do 1.1.1551
Fr 1.1.1552
So 1.1.1553
Mo 1.1.1554
Di 1.1.1555
Mi 1.1.1556
Fr 1.1.1557
Sa 1.1.1558
So 1.1.1559
Mo 1.1.1560
Mi 1.1.1561
Do 1.1.1562
Fr 1.1.1563
Sa 1.1.1564
Mo 1.1.1565
Di 1.1.1566
Mi 1.1.1567
Do 1.1.1568
Sa 1.1.1569
So 1.1.1570
Mo 1.1.1571
Di 1.1.1572
Do 1.1.1573
Fr 1.1.1574
Sa 1.1.1575
So 1.1.1576
Di 1.1.1577
Mi 1.1.1578
Do 1.1.1579
Fr 1.1.1580
So 1.1.1581
Mo 1.1.1582
Di 1.1.1583
Mi 1.1.1584
Fr 1.1.1585
Sa 1.1.1586
So 1.1.1587
Mo 1.1.1588
Mi 1.1.1589
Do 1.1.1590
Fr 1.1.1591
Sa 1.1.1592
Mo 1.1.1593
Di 1.1.1594
Mi 1.1.1595
Do 1.1.1596
Sa 1.1.1597
So 1.1.1598
Mo 1.1.1599
Di 1.1.1600
Do 1.1.1601
Fr 1.1.1602
Sa 1.1.1603
So 1.1.1604
Di 1.1.1605
Mi 1.1.1606
Do 1.1.1607
Fr 1.1.1608
So 1.1.1609
Mo 1.1.1610
Di 1.1.1611
Mi 1.1.1612
Fr 1.1.1613
Sa 1.1.1614
So 1.1.1615
Mo 1.1.1616
Mi 1.1.1617
Do 1.1.1618
Fr 1.1.1619
Sa 1.1.1620
Mo 1.1.1621
Di 1.1.1622
Mi 1.1.1623
Do 1.1.1624
Sa 1.1.1625
So 1.1.1626
Mo 1.1.1627
Di 1.1.1628
Do 1.1.1629
Fr 1.1.1630
Sa 1.1.1631
So 1.1.1632
Di 1.1.1633
Mi 1.1.1634
Do 1.1.1635
Fr 1.1.1636
So 1.1.1637
Mo 1.1.1638
Di 1.1.1639
Mi 1.1.1640
Fr 1.1.1641
Sa 1.1.1642
So 1.1.1643
Mo 1.1.1644
Mi 1.1.1645
Do 1.1.1646
Fr 1.1.1647
Sa 1.1.1648
Mo 1.1.1649
Di 1.1.1650
Mi 1.1.1651
Do 1.1.1652
Sa 1.1.1653
So 1.1.1654
Mo 1.1.1655
Di 1.1.1656
Do 1.1.1657
Fr 1.1.1658
Sa 1.1.1659
So 1.1.1660
Di 1.1.1661
Mi 1.1.1662
Do 1.1.1663
Fr 1.1.1664
So 1.1.1665
Mo 1.1.1666
Di 1.1.1667
Mi 1.1.1668
Fr 1.1.1669
Sa 1.1.1670
So 1.1.1671
Mo 1.1.1672
Mi 1.1.1673
Do 1.1.1674
Fr 1.1.1675
Sa 1.1.1676
Mo 1.1.1677
Di 1.1.1678
Mi 1.1.1679
Do 1.1.1680
Sa 1.1.1681
So 1.1.1682
Mo 1.1.1683
Di 1.1.1684
Do 1.1.1685
Fr 1.1.1686
Sa 1.1.1687
So 1.1.1688
Di 1.1.1689
Mi 1.1.1690
Do 1.1.1691
Fr 1.1.1692
So 1.1.1693
Mo 1.1.1694
Di 1.1.1695
Mi 1.1.1696
Fr 1.1.1697
Sa 1.1.1698
So 1.1.1699
Mo 1.1.1700
Mi 1.1.1701
Do 1.1.1702
Fr 1.1.1703
Sa 1.1.1704
Mo 1.1.1705
Di 1.1.1706
Mi 1.1.1707
Do 1.1.1708
Sa 1.1.1709
So 1.1.1710
Mo 1.1.1711
Di 1.1.1712
Do 1.1.1713
Fr 1.1.1714
Sa 1.1.1715
So 1.1.1716
Di 1.1.1717
Mi 1.1.1718
Do 1.1.1719
Fr 1.1.1720
So 1.1.1721
Mo 1.1.1722
Di 1.1.1723
Mi 1.1.1724
Fr 1.1.1725
Sa 1.1.1726
So 1.1.1727
Mo 1.1.1728
Mi 1.1.1729
Do 1.1.1730
Fr 1.1.1731
Sa 1.1.1732
Mo 1.1.1733
Di 1.1.1734
Mi 1.1.1735
Do 1.1.1736
Sa 1.1.1737
So 1.1.1738
Mo 1.1.1739
Di 1.1.1740
Do 1.1.1741
Fr 1.1.1742
Sa 1.1.1743
So 1.1.1744
Di 1.1.1745
Mi 1.1.1746
Do 1.1.1747
Fr 1.1.1748
So 1.1.1749
Mo 1.1.1750
Di 1.1.1751
Mi 1.1.1752
Fr 1.1.1753
Sa 1.1.1754
So 1.1.1755
Mo 1.1.1756
Mi 1.1.1757
Do 1.1.1758
Fr 1.1.1759
Sa 1.1.1760
Mo 1.1.1761
Di 1.1.1762
Mi 1.1.1763
Do 1.1.1764
Sa 1.1.1765
So 1.1.1766
Mo 1.1.1767
Di 1.1.1768
Do 1.1.1769
Fr 1.1.1770
Sa 1.1.1771
So 1.1.1772
Di 1.1.1773
Mi 1.1.1774
Do 1.1.1775
Fr 1.1.1776
So 1.1.1777
Mo 1.1.1778
Di 1.1.1779
Mi 1.1.1780
Fr 1.1.1781
Sa 1.1.1782
So 1.1.1783
Mo 1.1.1784
Mi 1.1.1785
Do 1.1.1786
Fr 1.1.1787
Sa 1.1.1788
Mo 1.1.1789
Di 1.1.1790
Mi 1.1.1791
Do 1.1.1792
Sa 1.1.1793
So 1.1.1794
Mo 1.1.1795
Di 1.1.1796
Do 1.1.1797
Fr 1.1.1798
Sa 1.1.1799
So 1.1.1800
Di 1.1.1801
Mi 1.1.1802
Do 1.1.1803
Fr 1.1.1804
So 1.1.1805
Mo 1.1.1806
Di 1.1.1807
Mi 1.1.1808
Fr 1.1.1809
Sa 1.1.1810
So 1.1.1811
Mo 1.1.1812
Mi 1.1.1813
Do 1.1.1814
Fr 1.1.1815
Sa 1.1.1816
Mo 1.1.1817
Di 1.1.1818
Mi 1.1.1819
Do 1.1.1820
Sa 1.1.1821
So 1.1.1822
Mo 1.1.1823
Di 1.1.1824
Do 1.1.1825
Fr 1.1.1826
Sa 1.1.1827
So 1.1.1828
Di 1.1.1829
Mi 1.1.1830
Do 1.1.1831
Fr 1.1.1832
So 1.1.1833
Mo 1.1.1834
Di 1.1.1835
Mi 1.1.1836
Fr 1.1.1837
Sa 1.1.1838
So 1.1.1839
Mo 1.1.1840
Mi 1.1.1841
Do 1.1.1842
Fr 1.1.1843
Sa 1.1.1844
Mo 1.1.1845
Di 1.1.1846
Mi 1.1.1847
Do 1.1.1848
Sa 1.1.1849
So 1.1.1850
Mo 1.1.1851
Di 1.1.1852
Do 1.1.1853
Fr 1.1.1854
Sa 1.1.1855
So 1.1.1856
Di 1.1.1857
Mi 1.1.1858
Do 1.1.1859
Fr 1.1.1860
So 1.1.1861
Mo 1.1.1862
Di 1.1.1863
Mi 1.1.1864
Fr 1.1.1865
Sa 1.1.1866
So 1.1.1867
Mo 1.1.1868
Mi 1.1.1869
Do 1.1.1870
Fr 1.1.1871
Sa 1.1.1872
Mo 1.1.1873
Di 1.1.1874
Mi 1.1.1875
Do 1.1.1876
Sa 1.1.1877
So 1.1.1878
Mo 1.1.1879
Di 1.1.1880
Do 1.1.1881
Fr 1.1.1882
Sa 1.1.1883
So 1.1.1884
Di 1.1.1885
Mi 1.1.1886
Do 1.1.1887
Fr 1.1.1888
So 1.1.1889
Mo 1.1.1890
Di 1.1.1891
Mi 1.1.1892
Fr 1.1.1893
Sa 1.1.1894
So 1.1.1895
Mo 1.1.1896
Mi 1.1.1897
Do 1.1.1898
Fr 1.1.1899
Sa 1.1.1900
Mo 1.1.1901
Di 1.1.1902
Mi 1.1.1903
Do 1.1.1904
Sa 1.1.1905
So 1.1.1906
Mo 1.1.1907
Di 1.1.1908
Do 1.1.1909
Fr 1.1.1910
Sa 1.1.1911
So 1.1.1912
Di 1.1.1913
Mi 1.1.1914
Do 1.1.1915
Fr 1.1.1916
So 1.1.1917
Mo 1.1.1918
Di 1.1.1919
Mi 1.1.1920
Fr 1.1.1921
Sa 1.1.1922
So 1.1.1923
Mo 1.1.1924
Mi 1.1.1925
Do 1.1.1926
Fr 1.1.1927
Sa 1.1.1928
Mo 1.1.1929
Di 1.1.1930
Mi 1.1.1931
Do 1.1.1932
Sa 1.1.1933
So 1.1.1934
Mo 1.1.1935
Di 1.1.1936
Do 1.1.1937
Fr 1.1.1938
Sa 1.1.1939
So 1.1.1940
Di 1.1.1941
Mi 1.1.1942
Do 1.1.1943
Fr 1.1.1944
So 1.1.1945
Mo 1.1.1946
Di 1.1.1947
Mi 1.1.1948
Fr 1.1.1949
Sa 1.1.1950
So 1.1.1951
Mo 1.1.1952
Mi 1.1.1953
Do 1.1.1954
Fr 1.1.1955
Sa 1.1.1956
Mo 1.1.1957
Di 1.1.1958
Mi 1.1.1959
Do 1.1.1960
Sa 1.1.1961
So 1.1.1962
Mo 1.1.1963
Di 1.1.1964
Do 1.1.1965
Fr 1.1.1966
Sa 1.1.1967
So 1.1.1968
Di 1.1.1969
Mi 1.1.1970
Do 1.1.1971
Fr 1.1.1972
So 1.1.1973
Mo 1.1.1974
Di 1.1.1975
Mi 1.1.1976
Fr 1.1.1977
Sa 1.1.1978
So 1.1.1979
Mo 1.1.1980
Mi 1.1.1981
Do 1.1.1982
Fr 1.1.1983
Sa 1.1.1984
Mo 1.1.1985
Di 1.1.1986
Mi 1.1.1987
Do 1.1.1988
Sa 1.1.1989
So 1.1.1990
Mo 1.1.1991
Di 1.1.1992
Do 1.1.1993
Fr 1.1.1994
Sa 1.1.1995
So 1.1.1996
Di 1.1.1997
Mi 1.1.1998
Do 1.1.1999
Fr 1.1.2000
So 1.1.2001
