1: +365 = 365
2: +365 = 730
3: +365 = 1095
4: +366 = 1461
5: +365 = 1826
6: +365 = 2191
7: +365 = 2556
8: +366 = 2922
9: +365 = 3287
10: +365 = 3652
11: +365 = 4017
12: +366 = 4383
13: +365 = 4748
14: +365 = 5113
15: +365 = 5478
16: +366 = 5844
17: +365 = 6209
18: +365 = 6574
19: +365 = 6939
20: +366 = 7305
21: +365 = 7670
22: +365 = 8035
23: +365 = 8400
24: +366 = 8766
25: +365 = 9131
26: +365 = 9496
27: +365 = 9861
28: +366 = 10227
29: +365 = 10592
30: +365 = 10957
31: +365 = 11322
32: +366 = 11688
33: +365 = 12053
34: +365 = 12418
35: +365 = 12783
36: +366 = 13149
37: +365 = 13514
38: +365 = 13879
39: +365 = 14244
40: +366 = 14610
41: +365 = 14975
42: +365 = 15340
43: +365 = 15705
44: +366 = 16071
45: +365 = 16436
46: +365 = 16801
47: +365 = 17166
48: +366 = 17532
49: +365 = 17897
50: +365 = 18262
51: +365 = 18627
52: +366 = 18993
53: +365 = 19358
54: +365 = 19723
55: +365 = 20088
56: +366 = 20454
57: +365 = 20819
58: +365 = 21184
59: +365 = 21549
60: +366 = 21915
61: +365 = 22280
62: +365 = 22645
63: +365 = 23010
64: +366 = 23376
65: +365 = 23741
66: +365 = 24106
67: +365 = 24471
68: +366 = 24837
69: +365 = 25202
70: +365 = 25567
71: +365 = 25932
72: +366 = 26298
73: +365 = 26663
74: +365 = 27028
75: +365 = 27393
76: +366 = 27759
77: +365 = 28124
78: +365 = 28489
79: +365 = 28854
80: +366 = 29220
81: +365 = 29585
82: +365 = 29950
83: +365 = 30315
84: +366 = 30681
85: +365 = 31046
86: +365 = 31411
87: +365 = 31776
88: +366 = 32142
89: +365 = 32507
90: +365 = 32872
91: +365 = 33237
92: +366 = 33603
93: +365 = 33968
94: +365 = 34333
95: +365 = 34698
96: +366 = 35064
97: +365 = 35429
98: +365 = 35794
99: +365 = 36159
100: +366 = 36525
101: +365 = 36890
102: +365 = 37255
103: +365 = 37620
104: +366 = 37986
105: +365 = 38351
106: +365 = 38716
107: +365 = 39081
108: +366 = 39447
109: +365 = 39812
110: +365 = 40177
111: +365 = 40542
112: +366 = 40908
113: +365 = 41273
114: +365 = 41638
115: +365 = 42003
116: +366 = 42369
117: +365 = 42734
118: +365 = 43099
119: +365 = 43464
120: +366 = 43830
121: +365 = 44195
122: +365 = 44560
123: +365 = 44925
124: +366 = 45291
125: +365 = 45656
126: +365 = 46021
127: +365 = 46386
128: +366 = 46752
129: +365 = 47117
130: +365 = 47482
131: +365 = 47847
132: +366 = 48213
133: +365 = 48578
134: +365 = 48943
135: +365 = 49308
136: +366 = 49674
137: +365 = 50039
138: +365 = 50404
139: +365 = 50769
140: +366 = 51135
141: +365 = 51500
142: +365 = 51865
143: +365 = 52230
144: +366 = 52596
145: +365 = 52961
146: +365 = 53326
147: +365 = 53691
148: +366 = 54057
149: +365 = 54422
150: +365 = 54787
151: +365 = 55152
152: +366 = 55518
153: +365 = 55883
154: +365 = 56248
155: +365 = 56613
156: +366 = 56979
157: +365 = 57344
158: +365 = 57709
159: +365 = 58074
160: +366 = 58440
161: +365 = 58805
162: +365 = 59170
163: +365 = 59535
164: +366 = 59901
165: +365 = 60266
166: +365 = 60631
167: +365 = 60996
168: +366 = 61362
169: +365 = 61727
170: +365 = 62092
171: +365 = 62457
172: +366 = 62823
173: +365 = 63188
174: +365 = 63553
175: +365 = 63918
176: +366 = 64284
177: +365 = 64649
178: +365 = 65014
179: +365 = 65379
180: +366 = 65745
181: +365 = 66110
182: +365 = 66475
183: +365 = 66840
184: +366 = 67206
185: +365 = 67571
186: +365 = 67936
187: +365 = 68301
188: +366 = 68667
189: +365 = 69032
190: +365 = 69397
191: +365 = 69762
192: +366 = 70128
193: +365 = 70493
194: +365 = 70858
195: +365 = 71223
196: +366 = 71589
197: +365 = 71954
198: +365 = 72319
199: +365 = 72684
200: +366 = 73050
201: +365 = 73415
202: +365 = 73780
203: +365 = 74145
204: +366 = 74511
205: +365 = 74876
206: +365 = 75241
207: +365 = 75606
208: +366 = 75972
209: +365 = 76337
210: +365 = 76702
211: +365 = 77067
212: +366 = 77433
213: +365 = 77798
214: +365 = 78163
215: +365 = 78528
216: +366 = 78894
217: +365 = 79259
218: +365 = 79624
219: +365 = 79989
220: +366 = 80355
221: +365 = 80720
222: +365 = 81085
223: +365 = 81450
224: +366 = 81816
225: +365 = 82181
226: +365 = 82546
227: +365 = 82911
228: +366 = 83277
229: +365 = 83642
230: +365 = 84007
231: +365 = 84372
232: +366 = 84738
233: +365 = 85103
234: +365 = 85468
235: +365 = 85833
236: +366 = 86199
237: +365 = 86564
238: +365 = 86929
239: +365 = 87294
240: +366 = 87660
241: +365 = 88025
242: +365 = 88390
243: +365 = 88755
244: +366 = 89121
245: +365 = 89486
246: +365 = 89851
247: +365 = 90216
248: +366 = 90582
249: +365 = 90947
250: +365 = 91312
251: +365 = 91677
252: +366 = 92043
253: +365 = 92408
254: +365 = 92773
255: +365 = 93138
256: +366 = 93504
257: +365 = 93869
258: +365 = 94234
259: +365 = 94599
260: +366 = 94965
261: +365 = 95330
262: +365 = 95695
263: +365 = 96060
264: +366 = 96426
265: +365 = 96791
266: +365 = 97156
267: +365 = 97521
268: +366 = 97887
269: +365 = 98252
270: +365 = 98617
271: +365 = 98982
272: +366 = 99348
273: +365 = 99713
274: +365 = 100078
275: +365 = 100443
276: +366 = 100809
277: +365 = 101174
278: +365 = 101539
279: +365 = 101904
280: +366 = 102270
281: +365 = 102635
282: +365 = 103000
283: +365 = 103365
284: +366 = 103731
285: +365 = 104096
286: +365 = 104461
287: +365 = 104826
288: +366 = 105192
289: +365 = 105557
290: +365 = 105922
291: +365 = 106287
292: +366 = 106653
293: +365 = 107018
294: +365 = 107383
295: +365 = 107748
296: +366 = 108114
297: +365 = 108479
298: +365 = 108844
299: +365 = 109209
300: +366 = 109575
301: +365 = 109940
302: +365 = 110305
303: +365 = 110670
304: +366 = 111036
305: +365 = 111401
306: +365 = 111766
307: +365 = 112131
308: +366 = 112497
309: +365 = 112862
310: +365 = 113227
311: +365 = 113592
312: +366 = 113958
313: +365 = 114323
314: +365 = 114688
315: +365 = 115053
316: +366 = 115419
317: +365 = 115784
318: +365 = 116149
319: +365 = 116514
320: +366 = 116880
321: +365 = 117245
322: +365 = 117610
323: +365 = 117975
324: +366 = 118341
325: +365 = 118706
326: +365 = 119071
327: +365 = 119436
328: +366 = 119802
329: +365 = 120167
330: +365 = 120532
331: +365 = 120897
332: +366 = 121263
333: +365 = 121628
334: +365 = 121993
335: +365 = 122358
336: +366 = 122724
337: +365 = 123089
338: +365 = 123454
339: +365 = 123819
340: +366 = 124185
341: +365 = 124550
342: +365 = 124915
343: +365 = 125280
344: +366 = 125646
345: +365 = 126011
346: +365 = 126376
347: +365 = 126741
348: +366 = 127107
349: +365 = 127472
350: +365 = 127837
351: +365 = 128202
352: +366 = 128568
353: +365 = 128933
354: +365 = 129298
355: +365 = 129663
356: +366 = 130029
357: +365 = 130394
358: +365 = 130759
359: +365 = 131124
360: +366 = 131490
361: +365 = 131855
362: +365 = 132220
363: +365 = 132585
364: +366 = 132951
365: +365 = 133316
366: +365 = 133681
367: +365 = 134046
368: +366 = 134412
369: +365 = 134777
370: +365 = 135142
371: +365 = 135507
372: +366 = 135873
373: +365 = 136238
374: +365 = 136603
375: +365 = 136968
376: +366 = 137334
377: +365 = 137699
378: +365 = 138064
379: +365 = 138429
380: +366 = 138795
381: +365 = 139160
382: +365 = 139525
383: +365 = 139890
384: +366 = 140256
385: +365 = 140621
386: +365 = 140986
387: +365 = 141351
388: +366 = 141717
389: +365 = 142082
390: +365 = 142447
391: +365 = 142812
392: +366 = 143178
393: +365 = 143543
394: +365 = 143908
395: +365 = 144273
396: +366 = 144639
397: +365 = 145004
398: +365 = 145369
399: +365 = 145734
400: +366 = 146100
401: +365 = 146465
402: +365 = 146830
403: +365 = 147195
404: +366 = 147561
405: +365 = 147926
406: +365 = 148291
407: +365 = 148656
408: +366 = 149022
409: +365 = 149387
410: +365 = 149752
411: +365 = 150117
412: +366 = 150483
413: +365 = 150848
414: +365 = 151213
415: +365 = 151578
416: +366 = 151944
417: +365 = 152309
418: +365 = 152674
419: +365 = 153039
420: +366 = 153405
421: +365 = 153770
422: +365 = 154135
423: +365 = 154500
424: +366 = 154866
425: +365 = 155231
426: +365 = 155596
427: +365 = 155961
428: +366 = 156327
429: +365 = 156692
430: +365 = 157057
431: +365 = 157422
432: +366 = 157788
433: +365 = 158153
434: +365 = 158518
435: +365 = 158883
436: +366 = 159249
437: +365 = 159614
438: +365 = 159979
439: +365 = 160344
440: +366 = 160710
441: +365 = 161075
442: +365 = 161440
443: +365 = 161805
444: +366 = 162171
445: +365 = 162536
446: +365 = 162901
447: +365 = 163266
448: +366 = 163632
449: +365 = 163997
450: +365 = 164362
451: +365 = 164727
452: +366 = 165093
453: +365 = 165458
454: +365 = 165823
455: +365 = 166188
456: +366 = 166554
457: +365 = 166919
458: +365 = 167284
459: +365 = 167649
460: +366 = 168015
461: +365 = 168380
462: +365 = 168745
463: +365 = 169110
464: +366 = 169476
465: +365 = 169841
466: +365 = 170206
467: +365 = 170571
468: +366 = 170937
469: +365 = 171302
470: +365 = 171667
471: +365 = 172032
472: +366 = 172398
473: +365 = 172763
474: +365 = 173128
475: +365 = 173493
476: +366 = 173859
477: +365 = 174224
478: +365 = 174589
479: +365 = 174954
480: +366 = 175320
481: +365 = 175685
482: +365 = 176050
483: +365 = 176415
484: +366 = 176781
485: +365 = 177146
486: +365 = 177511
487: +365 = 177876
488: +366 = 178242
489: +365 = 178607
490: +365 = 178972
491: +365 = 179337
492: +366 = 179703
493: +365 = 180068
494: +365 = 180433
495: +365 = 180798
496: +366 = 181164
497: +365 = 181529
498: +365 = 181894
499: +365 = 182259
500: +366 = 182625
501: +365 = 182990
502: +365 = 183355
503: +365 = 183720
504: +366 = 184086
505: +365 = 184451
506: +365 = 184816
507: +365 = 185181
508: +366 = 185547
509: +365 = 185912
510: +365 = 186277
511: +365 = 186642
512: +366 = 187008
513: +365 = 187373
514: +365 = 187738
515: +365 = 188103
516: +366 = 188469
517: +365 = 188834
518: +365 = 189199
519: +365 = 189564
520: +366 = 189930
521: +365 = 190295
522: +365 = 190660
523: +365 = 191025
524: +366 = 191391
525: +365 = 191756
526: +365 = 192121
527: +365 = 192486
528: +366 = 192852
529: +365 = 193217
530: +365 = 193582
531: +365 = 193947
532: +366 = 194313
533: +365 = 194678
534: +365 = 195043
535: +365 = 195408
536: +366 = 195774
537: +365 = 196139
538: +365 = 196504
539: +365 = 196869
540: +366 = 197235
541: +365 = 197600
542: +365 = 197965
543: +365 = 198330
544: +366 = 198696
545: +365 = 199061
546: +365 = 199426
547: +365 = 199791
548: +366 = 200157
549: +365 = 200522
550: +365 = 200887
551: +365 = 201252
552: +366 = 201618
553: +365 = 201983
554: +365 = 202348
555: +365 = 202713
556: +366 = 203079
557: +365 = 203444
558: +365 = 203809
559: +365 = 204174
560: +366 = 204540
561: +365 = 204905
562: +365 = 205270
563: +365 = 205635
564: +366 = 206001
565: +365 = 206366
566: +365 = 206731
567: +365 = 207096
568: +366 = 207462
569: +365 = 207827
570: +365 = 208192
571: +365 = 208557
572: +366 = 208923
573: +365 = 209288
574: +365 = 209653
575: +365 = 210018
576: +366 = 210384
577: +365 = 210749
578: +365 = 211114
579: +365 = 211479
580: +366 = 211845
581: +365 = 212210
582: +365 = 212575
583: +365 = 212940
584: +366 = 213306
585: +365 = 213671
586: +365 = 214036
587: +365 = 214401
588: +366 = 214767
589: +365 = 215132
590: +365 = 215497
591: +365 = 215862
592: +366 = 216228
593: +365 = 216593
594: +365 = 216958
595: +365 = 217323
596: +366 = 217689
597: +365 = 218054
598: +365 = 218419
599: +365 = 218784
600: +366 = 219150
601: +365 = 219515
602: +365 = 219880
603: +365 = 220245
604: +366 = 220611
605: +365 = 220976
606: +365 = 221341
607: +365 = 221706
608: +366 = 222072
609: +365 = 222437
610: +365 = 222802
611: +365 = 223167
612: +366 = 223533
613: +365 = 223898
614: +365 = 224263
615: +365 = 224628
616: +366 = 224994
617: +365 = 225359
618: +365 = 225724
619: +365 = 226089
620: +366 = 226455
621: +365 = 226820
622: +365 = 227185
623: +365 = 227550
624: +366 = 227916
625: +365 = 228281
626: +365 = 228646
627: +365 = 229011
628: +366 = 229377
629: +365 = 229742
630: +365 = 230107
631: +365 = 230472
632: +366 = 230838
633: +365 = 231203
634: +365 = 231568
635: +365 = 231933
636: +366 = 232299
637: +365 = 232664
638: +365 = 233029
639: +365 = 233394
640: +366 = 233760
641: +365 = 234125
642: +365 = 234490
643: +365 = 234855
644: +366 = 235221
645: +365 = 235586
646: +365 = 235951
647: +365 = 236316
648: +366 = 236682
649: +365 = 237047
650: +365 = 237412
651: +365 = 237777
652: +366 = 238143
653: +365 = 238508
654: +365 = 238873
655: +365 = 239238
656: +366 = 239604
657: +365 = 239969
658: +365 = 240334
659: +365 = 240699
660: +366 = 241065
661: +365 = 241430
662: +365 = 241795
663: +365 = 242160
664: +366 = 242526
665: +365 = 242891
666: +365 = 243256
667: +365 = 243621
668: +366 = 243987
669: +365 = 244352
670: +365 = 244717
671: +365 = 245082
672: +366 = 245448
673: +365 = 245813
674: +365 = 246178
675: +365 = 246543
676: +366 = 246909
677: +365 = 247274
678: +365 = 247639
679: +365 = 248004
680: +366 = 248370
681: +365 = 248735
682: +365 = 249100
683: +365 = 249465
684: +366 = 249831
685: +365 = 250196
686: +365 = 250561
687: +365 = 250926
688: +366 = 251292
689: +365 = 251657
690: +365 = 252022
691: +365 = 252387
692: +366 = 252753
693: +365 = 253118
694: +365 = 253483
695: +365 = 253848
696: +366 = 254214
697: +365 = 254579
698: +365 = 254944
699: +365 = 255309
700: +366 = 255675
701: +365 = 256040
702: +365 = 256405
703: +365 = 256770
704: +366 = 257136
705: +365 = 257501
706: +365 = 257866
707: +365 = 258231
708: +366 = 258597
709: +365 = 258962
710: +365 = 259327
711: +365 = 259692
712: +366 = 260058
713: +365 = 260423
714: +365 = 260788
715: +365 = 261153
716: +366 = 261519
717: +365 = 261884
718: +365 = 262249
719: +365 = 262614
720: +366 = 262980
721: +365 = 263345
722: +365 = 263710
723: +365 = 264075
724: +366 = 264441
725: +365 = 264806
726: +365 = 265171
727: +365 = 265536
728: +366 = 265902
729: +365 = 266267
730: +365 = 266632
731: +365 = 266997
732: +366 = 267363
733: +365 = 267728
734: +365 = 268093
735: +365 = 268458
736: +366 = 268824
737: +365 = 269189
738: +365 = 269554
739: +365 = 269919
740: +366 = 270285
741: +365 = 270650
742: +365 = 271015
743: +365 = 271380
744: +366 = 271746
745: +365 = 272111
746: +365 = 272476
747: +365 = 272841
748: +366 = 273207
749: +365 = 273572
750: +365 = 273937
751: +365 = 274302
752: +366 = 274668
753: +365 = 275033
754: +365 = 275398
755: +365 = 275763
756: +366 = 276129
757: +365 = 276494
758: +365 = 276859
759: +365 = 277224
760: +366 = 277590
761: +365 = 277955
762: +365 = 278320
763: +365 = 278685
764: +366 = 279051
765: +365 = 279416
766: +365 = 279781
767: +365 = 280146
768: +366 = 280512
769: +365 = 280877
770: +365 = 281242
771: +365 = 281607
772: +366 = 281973
773: +365 = 282338
774: +365 = 282703
775: +365 = 283068
776: +366 = 283434
777: +365 = 283799
778: +365 = 284164
779: +365 = 284529
780: +366 = 284895
781: +365 = 285260
782: +365 = 285625
783: +365 = 285990
784: +366 = 286356
785: +365 = 286721
786: +365 = 287086
787: +365 = 287451
788: +366 = 287817
789: +365 = 288182
790: +365 = 288547
791: +365 = 288912
792: +366 = 289278
793: +365 = 289643
794: +365 = 290008
795: +365 = 290373
796: +366 = 290739
797: +365 = 291104
798: +365 = 291469
799: +365 = 291834
800: +366 = 292200
801: +365 = 292565
802: +365 = 292930
803: +365 = 293295
804: +366 = 293661
805: +365 = 294026
806: +365 = 294391
807: +365 = 294756
808: +366 = 295122
809: +365 = 295487
810: +365 = 295852
811: +365 = 296217
812: +366 = 296583
813: +365 = 296948
814: +365 = 297313
815: +365 = 297678
816: +366 = 298044
817: +365 = 298409
818: +365 = 298774
819: +365 = 299139
820: +366 = 299505
821: +365 = 299870
822: +365 = 300235
823: +365 = 300600
824: +366 = 300966
825: +365 = 301331
826: +365 = 301696
827: +365 = 302061
828: +366 = 302427
829: +365 = 302792
830: +365 = 303157
831: +365 = 303522
832: +366 = 303888
833: +365 = 304253
834: +365 = 304618
835: +365 = 304983
836: +366 = 305349
837: +365 = 305714
838: +365 = 306079
839: +365 = 306444
840: +366 = 306810
841: +365 = 307175
842: +365 = 307540
843: +365 = 307905
844: +366 = 308271
845: +365 = 308636
846: +365 = 309001
847: +365 = 309366
848: +366 = 309732
849: +365 = 310097
850: +365 = 310462
851: +365 = 310827
852: +366 = 311193
853: +365 = 311558
854: +365 = 311923
855: +365 = 312288
856: +366 = 312654
857: +365 = 313019
858: +365 = 313384
859: +365 = 313749
860: +366 = 314115
861: +365 = 314480
862: +365 = 314845
863: +365 = 315210
864: +366 = 315576
865: +365 = 315941
866: +365 = 316306
867: +365 = 316671
868: +366 = 317037
869: +365 = 317402
870: +365 = 317767
871: +365 = 318132
872: +366 = 318498
873: +365 = 318863
874: +365 = 319228
875: +365 = 319593
876: +366 = 319959
877: +365 = 320324
878: +365 = 320689
879: +365 = 321054
880: +366 = 321420
881: +365 = 321785
882: +365 = 322150
883: +365 = 322515
884: +366 = 322881
885: +365 = 323246
886: +365 = 323611
887: +365 = 323976
888: +366 = 324342
889: +365 = 324707
890: +365 = 325072
891: +365 = 325437
892: +366 = 325803
893: +365 = 326168
894: +365 = 326533
895: +365 = 326898
896: +366 = 327264
897: +365 = 327629
898: +365 = 327994
899: +365 = 328359
900: +366 = 328725
901: +365 = 329090
902: +365 = 329455
903: +365 = 329820
904: +366 = 330186
905: +365 = 330551
906: +365 = 330916
907: +365 = 331281
908: +366 = 331647
909: +365 = 332012
910: +365 = 332377
911: +365 = 332742
912: +366 = 333108
913: +365 = 333473
914: +365 = 333838
915: +365 = 334203
916: +366 = 334569
917: +365 = 334934
918: +365 = 335299
919: +365 = 335664
920: +366 = 336030
921: +365 = 336395
922: +365 = 336760
923: +365 = 337125
924: +366 = 337491
925: +365 = 337856
926: +365 = 338221
927: +365 = 338586
928: +366 = 338952
929: +365 = 339317
930: +365 = 339682
931: +365 = 340047
932: +366 = 340413
933: +365 = 340778
934: +365 = 341143
935: +365 = 341508
936: +366 = 341874
937: +365 = 342239
938: +365 = 342604
939: +365 = 342969
940: +366 = 343335
941: +365 = 343700
942: +365 = 344065
943: +365 = 344430
944: +366 = 344796
945: +365 = 345161
946: +365 = 345526
947: +365 = 345891
948: +366 = 346257
949: +365 = 346622
950: +365 = 346987
951: +365 = 347352
952: +366 = 347718
953: +365 = 348083
954: +365 = 348448
955: +365 = 348813
956: +366 = 349179
957: +365 = 349544
958: +365 = 349909
959: +365 = 350274
960: +366 = 350640
961: +365 = 351005
962: +365 = 351370
963: +365 = 351735
964: +366 = 352101
965: +365 = 352466
966: +365 = 352831
967: +365 = 353196
968: +366 = 353562
969: +365 = 353927
970: +365 = 354292
971: +365 = 354657
972: +366 = 355023
973: +365 = 355388
974: +365 = 355753
975: +365 = 356118
976: +366 = 356484
977: +365 = 356849
978: +365 = 357214
979: +365 = 357579
980: +366 = 357945
981: +365 = 358310
982: +365 = 358675
983: +365 = 359040
984: +366 = 359406
985: +365 = 359771
986: +365 = 360136
987: +365 = 360501
988: +366 = 360867
989: +365 = 361232
990: +365 = 361597
991: +365 = 361962
992: +366 = 362328
993: +365 = 362693
994: +365 = 363058
995: +365 = 363423
996: +366 = 363789
997: +365 = 364154
998: +365 = 364519
999: +365 = 364884
1000: +366 = 365250
1001: +365 = 365615
1002: +365 = 365980
1003: +365 = 366345
1004: +366 = 366711
1005: +365 = 367076
1006: +365 = 367441
1007: +365 = 367806
1008: +366 = 368172
1009: +365 = 368537
1010: +365 = 368902
1011: +365 = 369267
1012: +366 = 369633
1013: +365 = 369998
1014: +365 = 370363
1015: +365 = 370728
1016: +366 = 371094
1017: +365 = 371459
1018: +365 = 371824
1019: +365 = 372189
1020: +366 = 372555
1021: +365 = 372920
1022: +365 = 373285
1023: +365 = 373650
1024: +366 = 374016
1025: +365 = 374381
1026: +365 = 374746
1027: +365 = 375111
1028: +366 = 375477
1029: +365 = 375842
1030: +365 = 376207
1031: +365 = 376572
1032: +366 = 376938
1033: +365 = 377303
1034: +365 = 377668
1035: +365 = 378033
1036: +366 = 378399
1037: +365 = 378764
1038: +365 = 379129
1039: +365 = 379494
1040: +366 = 379860
1041: +365 = 380225
1042: +365 = 380590
1043: +365 = 380955
1044: +366 = 381321
1045: +365 = 381686
1046: +365 = 382051
1047: +365 = 382416
1048: +366 = 382782
1049: +365 = 383147
1050: +365 = 383512
1051: +365 = 383877
1052: +366 = 384243
1053: +365 = 384608
1054: +365 = 384973
1055: +365 = 385338
1056: +366 = 385704
1057: +365 = 386069
1058: +365 = 386434
1059: +365 = 386799
1060: +366 = 387165
1061: +365 = 387530
1062: +365 = 387895
1063: +365 = 388260
1064: +366 = 388626
1065: +365 = 388991
1066: +365 = 389356
1067: +365 = 389721
1068: +366 = 390087
1069: +365 = 390452
1070: +365 = 390817
1071: +365 = 391182
1072: +366 = 391548
1073: +365 = 391913
1074: +365 = 392278
1075: +365 = 392643
1076: +366 = 393009
1077: +365 = 393374
1078: +365 = 393739
1079: +365 = 394104
1080: +366 = 394470
1081: +365 = 394835
1082: +365 = 395200
1083: +365 = 395565
1084: +366 = 395931
1085: +365 = 396296
1086: +365 = 396661
1087: +365 = 397026
1088: +366 = 397392
1089: +365 = 397757
1090: +365 = 398122
1091: +365 = 398487
1092: +366 = 398853
1093: +365 = 399218
1094: +365 = 399583
1095: +365 = 399948
1096: +366 = 400314
1097: +365 = 400679
1098: +365 = 401044
1099: +365 = 401409
1100: +366 = 401775
1101: +365 = 402140
1102: +365 = 402505
1103: +365 = 402870
1104: +366 = 403236
1105: +365 = 403601
1106: +365 = 403966
1107: +365 = 404331
1108: +366 = 404697
1109: +365 = 405062
1110: +365 = 405427
1111: +365 = 405792
1112: +366 = 406158
1113: +365 = 406523
1114: +365 = 406888
1115: +365 = 407253
1116: +366 = 407619
1117: +365 = 407984
1118: +365 = 408349
1119: +365 = 408714
1120: +366 = 409080
1121: +365 = 409445
1122: +365 = 409810
1123: +365 = 410175
1124: +366 = 410541
1125: +365 = 410906
1126: +365 = 411271
1127: +365 = 411636
1128: +366 = 412002
1129: +365 = 412367
1130: +365 = 412732
1131: +365 = 413097
1132: +366 = 413463
1133: +365 = 413828
1134: +365 = 414193
1135: +365 = 414558
1136: +366 = 414924
1137: +365 = 415289
1138: +365 = 415654
1139: +365 = 416019
1140: +366 = 416385
1141: +365 = 416750
1142: +365 = 417115
1143: +365 = 417480
1144: +366 = 417846
1145: +365 = 418211
1146: +365 = 418576
1147: +365 = 418941
1148: +366 = 419307
1149: +365 = 419672
1150: +365 = 420037
1151: +365 = 420402
1152: +366 = 420768
1153: +365 = 421133
1154: +365 = 421498
1155: +365 = 421863
1156: +366 = 422229
1157: +365 = 422594
1158: +365 = 422959
1159: +365 = 423324
1160: +366 = 423690
1161: +365 = 424055
1162: +365 = 424420
1163: +365 = 424785
1164: +366 = 425151
1165: +365 = 425516
1166: +365 = 425881
1167: +365 = 426246
1168: +366 = 426612
1169: +365 = 426977
1170: +365 = 427342
1171: +365 = 427707
1172: +366 = 428073
1173: +365 = 428438
1174: +365 = 428803
1175: +365 = 429168
1176: +366 = 429534
1177: +365 = 429899
1178: +365 = 430264
1179: +365 = 430629
1180: +366 = 430995
1181: +365 = 431360
1182: +365 = 431725
1183: +365 = 432090
1184: +366 = 432456
1185: +365 = 432821
1186: +365 = 433186
1187: +365 = 433551
1188: +366 = 433917
1189: +365 = 434282
1190: +365 = 434647
1191: +365 = 435012
1192: +366 = 435378
1193: +365 = 435743
1194: +365 = 436108
1195: +365 = 436473
1196: +366 = 436839
1197: +365 = 437204
1198: +365 = 437569
1199: +365 = 437934
1200: +366 = 438300
1201: +365 = 438665
1202: +365 = 439030
1203: +365 = 439395
1204: +366 = 439761
1205: +365 = 440126
1206: +365 = 440491
1207: +365 = 440856
1208: +366 = 441222
1209: +365 = 441587
1210: +365 = 441952
1211: +365 = 442317
1212: +366 = 442683
1213: +365 = 443048
1214: +365 = 443413
1215: +365 = 443778
1216: +366 = 444144
1217: +365 = 444509
1218: +365 = 444874
1219: +365 = 445239
1220: +366 = 445605
1221: +365 = 445970
1222: +365 = 446335
1223: +365 = 446700
1224: +366 = 447066
1225: +365 = 447431
1226: +365 = 447796
1227: +365 = 448161
1228: +366 = 448527
1229: +365 = 448892
1230: +365 = 449257
1231: +365 = 449622
1232: +366 = 449988
1233: +365 = 450353
1234: +365 = 450718
1235: +365 = 451083
1236: +366 = 451449
1237: +365 = 451814
1238: +365 = 452179
1239: +365 = 452544
1240: +366 = 452910
1241: +365 = 453275
1242: +365 = 453640
1243: +365 = 454005
1244: +366 = 454371
1245: +365 = 454736
1246: +365 = 455101
1247: +365 = 455466
1248: +366 = 455832
1249: +365 = 456197
1250: +365 = 456562
1251: +365 = 456927
1252: +366 = 457293
1253: +365 = 457658
1254: +365 = 458023
1255: +365 = 458388
1256: +366 = 458754
1257: +365 = 459119
1258: +365 = 459484
1259: +365 = 459849
1260: +366 = 460215
1261: +365 = 460580
1262: +365 = 460945
1263: +365 = 461310
1264: +366 = 461676
1265: +365 = 462041
1266: +365 = 462406
1267: +365 = 462771
1268: +366 = 463137
1269: +365 = 463502
1270: +365 = 463867
1271: +365 = 464232
1272: +366 = 464598
1273: +365 = 464963
1274: +365 = 465328
1275: +365 = 465693
1276: +366 = 466059
1277: +365 = 466424
1278: +365 = 466789
1279: +365 = 467154
1280: +366 = 467520
1281: +365 = 467885
1282: +365 = 468250
1283: +365 = 468615
1284: +366 = 468981
1285: +365 = 469346
1286: +365 = 469711
1287: +365 = 470076
1288: +366 = 470442
1289: +365 = 470807
1290: +365 = 471172
1291: +365 = 471537
1292: +366 = 471903
1293: +365 = 472268
1294: +365 = 472633
1295: +365 = 472998
1296: +366 = 473364
1297: +365 = 473729
1298: +365 = 474094
1299: +365 = 474459
1300: +366 = 474825
1301: +365 = 475190
1302: +365 = 475555
1303: +365 = 475920
1304: +366 = 476286
1305: +365 = 476651
1306: +365 = 477016
1307: +365 = 477381
1308: +366 = 477747
1309: +365 = 478112
1310: +365 = 478477
1311: +365 = 478842
1312: +366 = 479208
1313: +365 = 479573
1314: +365 = 479938
1315: +365 = 480303
1316: +366 = 480669
1317: +365 = 481034
1318: +365 = 481399
1319: +365 = 481764
1320: +366 = 482130
1321: +365 = 482495
1322: +365 = 482860
1323: +365 = 483225
1324: +366 = 483591
1325: +365 = 483956
1326: +365 = 484321
1327: +365 = 484686
1328: +366 = 485052
1329: +365 = 485417
1330: +365 = 485782
1331: +365 = 486147
1332: +366 = 486513
1333: +365 = 486878
1334: +365 = 487243
1335: +365 = 487608
1336: +366 = 487974
1337: +365 = 488339
1338: +365 = 488704
1339: +365 = 489069
1340: +366 = 489435
1341: +365 = 489800
1342: +365 = 490165
1343: +365 = 490530
1344: +366 = 490896
1345: +365 = 491261
1346: +365 = 491626
1347: +365 = 491991
1348: +366 = 492357
1349: +365 = 492722
1350: +365 = 493087
1351: +365 = 493452
1352: +366 = 493818
1353: +365 = 494183
1354: +365 = 494548
1355: +365 = 494913
1356: +366 = 495279
1357: +365 = 495644
1358: +365 = 496009
1359: +365 = 496374
1360: +366 = 496740
1361: +365 = 497105
1362: +365 = 497470
1363: +365 = 497835
1364: +366 = 498201
1365: +365 = 498566
1366: +365 = 498931
1367: +365 = 499296
1368: +366 = 499662
1369: +365 = 500027
1370: +365 = 500392
1371: +365 = 500757
1372: +366 = 501123
1373: +365 = 501488
1374: +365 = 501853
1375: +365 = 502218
1376: +366 = 502584
1377: +365 = 502949
1378: +365 = 503314
1379: +365 = 503679
1380: +366 = 504045
1381: +365 = 504410
1382: +365 = 504775
1383: +365 = 505140
1384: +366 = 505506
1385: +365 = 505871
1386: +365 = 506236
1387: +365 = 506601
1388: +366 = 506967
1389: +365 = 507332
1390: +365 = 507697
1391: +365 = 508062
1392: +366 = 508428
1393: +365 = 508793
1394: +365 = 509158
1395: +365 = 509523
1396: +366 = 509889
1397: +365 = 510254
1398: +365 = 510619
1399: +365 = 510984
1400: +366 = 511350
1401: +365 = 511715
1402: +365 = 512080
1403: +365 = 512445
1404: +366 = 512811
1405: +365 = 513176
1406: +365 = 513541
1407: +365 = 513906
1408: +366 = 514272
1409: +365 = 514637
1410: +365 = 515002
1411: +365 = 515367
1412: +366 = 515733
1413: +365 = 516098
1414: +365 = 516463
1415: +365 = 516828
1416: +366 = 517194
1417: +365 = 517559
1418: +365 = 517924
1419: +365 = 518289
1420: +366 = 518655
1421: +365 = 519020
1422: +365 = 519385
1423: +365 = 519750
1424: +366 = 520116
1425: +365 = 520481
1426: +365 = 520846
1427: +365 = 521211
1428: +366 = 521577
1429: +365 = 521942
1430: +365 = 522307
1431: +365 = 522672
1432: +366 = 523038
1433: +365 = 523403
1434: +365 = 523768
1435: +365 = 524133
1436: +366 = 524499
1437: +365 = 524864
1438: +365 = 525229
1439: +365 = 525594
1440: +366 = 525960
1441: +365 = 526325
1442: +365 = 526690
1443: +365 = 527055
1444: +366 = 527421
1445: +365 = 527786
1446: +365 = 528151
1447: +365 = 528516
1448: +366 = 528882
1449: +365 = 529247
1450: +365 = 529612
1451: +365 = 529977
1452: +366 = 530343
1453: +365 = 530708
1454: +365 = 531073
1455: +365 = 531438
1456: +366 = 531804
1457: +365 = 532169
1458: +365 = 532534
1459: +365 = 532899
1460: +366 = 533265
1461: +365 = 533630
1462: +365 = 533995
1463: +365 = 534360
1464: +366 = 534726
1465: +365 = 535091
1466: +365 = 535456
1467: +365 = 535821
1468: +366 = 536187
1469: +365 = 536552
1470: +365 = 536917
1471: +365 = 537282
1472: +366 = 537648
1473: +365 = 538013
1474: +365 = 538378
1475: +365 = 538743
1476: +366 = 539109
1477: +365 = 539474
1478: +365 = 539839
1479: +365 = 540204
1480: +366 = 540570
1481: +365 = 540935
1482: +365 = 541300
1483: +365 = 541665
1484: +366 = 542031
1485: +365 = 542396
1486: +365 = 542761
1487: +365 = 543126
1488: +366 = 543492
1489: +365 = 543857
1490: +365 = 544222
1491: +365 = 544587
1492: +366 = 544953
1493: +365 = 545318
1494: +365 = 545683
1495: +365 = 546048
1496: +366 = 546414
1497: +365 = 546779
1498: +365 = 547144
1499: +365 = 547509
1500: +366 = 547875
1501: +365 = 548240
1502: +365 = 548605
1503: +365 = 548970
1504: +366 = 549336
1505: +365 = 549701
1506: +365 = 550066
1507: +365 = 550431
1508: +366 = 550797
1509: +365 = 551162
1510: +365 = 551527
1511: +365 = 551892
1512: +366 = 552258
1513: +365 = 552623
1514: +365 = 552988
1515: +365 = 553353
1516: +366 = 553719
1517: +365 = 554084
1518: +365 = 554449
1519: +365 = 554814
1520: +366 = 555180
1521: +365 = 555545
1522: +365 = 555910
1523: +365 = 556275
1524: +366 = 556641
1525: +365 = 557006
1526: +365 = 557371
1527: +365 = 557736
1528: +366 = 558102
1529: +365 = 558467
1530: +365 = 558832
1531: +365 = 559197
1532: +366 = 559563
1533: +365 = 559928
1534: +365 = 560293
1535: +365 = 560658
1536: +366 = 561024
1537: +365 = 561389
1538: +365 = 561754
1539: +365 = 562119
1540: +366 = 562485
1541: +365 = 562850
1542: +365 = 563215
1543: +365 = 563580
1544: +366 = 563946
1545: +365 = 564311
1546: +365 = 564676
1547: +365 = 565041
1548: +366 = 565407
1549: +365 = 565772
1550: +365 = 566137
1551: +365 = 566502
1552: +366 = 566868
1553: +365 = 567233
1554: +365 = 567598
1555: +365 = 567963
1556: +366 = 568329
1557: +365 = 568694
1558: +365 = 569059
1559: +365 = 569424
1560: +366 = 569790
1561: +365 = 570155
1562: +365 = 570520
1563: +365 = 570885
1564: +366 = 571251
1565: +365 = 571616
1566: +365 = 571981
1567: +365 = 572346
1568: +366 = 572712
1569: +365 = 573077
1570: +365 = 573442
1571: +365 = 573807
1572: +366 = 574173
1573: +365 = 574538
1574: +365 = 574903
1575: +365 = 575268
1576: +366 = 575634
1577: +365 = 575999
1578: +365 = 576364
1579: +365 = 576729
1580: +366 = 577095
1581: +365 = 577460
1582: +365 = 577825
1583: +365 = 578190
1584: +366 = 578556
1585: +365 = 578921
1586: +365 = 579286
1587: +365 = 579651
1588: +366 = 580017
1589: +365 = 580382
1590: +365 = 580747
1591: +365 = 581112
1592: +366 = 581478
1593: +365 = 581843
1594: +365 = 582208
1595: +365 = 582573
1596: +366 = 582939
1597: +365 = 583304
1598: +365 = 583669
1599: +365 = 584034
1600: +366 = 584400
1601: +365 = 584765
1602: +365 = 585130
1603: +365 = 585495
1604: +366 = 585861
1605: +365 = 586226
1606: +365 = 586591
1607: +365 = 586956
1608: +366 = 587322
1609: +365 = 587687
1610: +365 = 588052
1611: +365 = 588417
1612: +366 = 588783
1613: +365 = 589148
1614: +365 = 589513
1615: +365 = 589878
1616: +366 = 590244
1617: +365 = 590609
1618: +365 = 590974
1619: +365 = 591339
1620: +366 = 591705
1621: +365 = 592070
1622: +365 = 592435
1623: +365 = 592800
1624: +366 = 593166
1625: +365 = 593531
1626: +365 = 593896
1627: +365 = 594261
1628: +366 = 594627
1629: +365 = 594992
1630: +365 = 595357
1631: +365 = 595722
1632: +366 = 596088
1633: +365 = 596453
1634: +365 = 596818
1635: +365 = 597183
1636: +366 = 597549
1637: +365 = 597914
1638: +365 = 598279
1639: +365 = 598644
1640: +366 = 599010
1641: +365 = 599375
1642: +365 = 599740
1643: +365 = 600105
1644: +366 = 600471
1645: +365 = 600836
1646: +365 = 601201
1647: +365 = 601566
1648: +366 = 601932
1649: +365 = 602297
1650: +365 = 602662
1651: +365 = 603027
1652: +366 = 603393
1653: +365 = 603758
1654: +365 = 604123
1655: +365 = 604488
1656: +366 = 604854
1657: +365 = 605219
1658: +365 = 605584
1659: +365 = 605949
1660: +366 = 606315
1661: +365 = 606680
1662: +365 = 607045
1663: +365 = 607410
1664: +366 = 607776
1665: +365 = 608141
1666: +365 = 608506
1667: +365 = 608871
1668: +366 = 609237
1669: +365 = 609602
1670: +365 = 609967
1671: +365 = 610332
1672: +366 = 610698
1673: +365 = 611063
1674: +365 = 611428
1675: +365 = 611793
1676: +366 = 612159
1677: +365 = 612524
1678: +365 = 612889
1679: +365 = 613254
1680: +366 = 613620
1681: +365 = 613985
1682: +365 = 614350
1683: +365 = 614715
1684: +366 = 615081
1685: +365 = 615446
1686: +365 = 615811
1687: +365 = 616176
1688: +366 = 616542
1689: +365 = 616907
1690: +365 = 617272
1691: +365 = 617637
1692: +366 = 618003
1693: +365 = 618368
1694: +365 = 618733
1695: +365 = 619098
1696: +366 = 619464
1697: +365 = 619829
1698: +365 = 620194
1699: +365 = 620559
1700: +366 = 620925
1701: +365 = 621290
1702: +365 = 621655
1703: +365 = 622020
1704: +366 = 622386
1705: +365 = 622751
1706: +365 = 623116
1707: +365 = 623481
1708: +366 = 623847
1709: +365 = 624212
1710: +365 = 624577
1711: +365 = 624942
1712: +366 = 625308
1713: +365 = 625673
1714: +365 = 626038
1715: +365 = 626403
1716: +366 = 626769
1717: +365 = 627134
1718: +365 = 627499
1719: +365 = 627864
1720: +366 = 628230
1721: +365 = 628595
1722: +365 = 628960
1723: +365 = 629325
1724: +366 = 629691
1725: +365 = 630056
1726: +365 = 630421
1727: +365 = 630786
1728: +366 = 631152
1729: +365 = 631517
1730: +365 = 631882
1731: +365 = 632247
1732: +366 = 632613
1733: +365 = 632978
1734: +365 = 633343
1735: +365 = 633708
1736: +366 = 634074
1737: +365 = 634439
1738: +365 = 634804
1739: +365 = 635169
1740: +366 = 635535
1741: +365 = 635900
1742: +365 = 636265
1743: +365 = 636630
1744: +366 = 636996
1745: +365 = 637361
1746: +365 = 637726
1747: +365 = 638091
1748: +366 = 638457
1749: +365 = 638822
1750: +365 = 639187
1751: +365 = 639552
1752: +366 = 639918
1753: +365 = 640283
1754: +365 = 640648
1755: +365 = 641013
1756: +366 = 641379
1757: +365 = 641744
1758: +365 = 642109
1759: +365 = 642474
1760: +366 = 642840
1761: +365 = 643205
1762: +365 = 643570
1763: +365 = 643935
1764: +366 = 644301
1765: +365 = 644666
1766: +365 = 645031
1767: +365 = 645396
1768: +366 = 645762
1769: +365 = 646127
1770: +365 = 646492
1771: +365 = 646857
1772: +366 = 647223
1773: +365 = 647588
1774: +365 = 647953
1775: +365 = 648318
1776: +366 = 648684
1777: +365 = 649049
1778: +365 = 649414
1779: +365 = 649779
1780: +366 = 650145
1781: +365 = 650510
1782: +365 = 650875
1783: +365 = 651240
1784: +366 = 651606
1785: +365 = 651971
1786: +365 = 652336
1787: +365 = 652701
1788: +366 = 653067
1789: +365 = 653432
1790: +365 = 653797
1791: +365 = 654162
1792: +366 = 654528
1793: +365 = 654893
1794: +365 = 655258
1795: +365 = 655623
1796: +366 = 655989
1797: +365 = 656354
1798: +365 = 656719
1799: +365 = 657084
1800: +366 = 657450
1801: +365 = 657815
1802: +365 = 658180
1803: +365 = 658545
1804: +366 = 658911
1805: +365 = 659276
1806: +365 = 659641
1807: +365 = 660006
1808: +366 = 660372
1809: +365 = 660737
1810: +365 = 661102
1811: +365 = 661467
1812: +366 = 661833
1813: +365 = 662198
1814: +365 = 662563
1815: +365 = 662928
1816: +366 = 663294
1817: +365 = 663659
1818: +365 = 664024
1819: +365 = 664389
1820: +366 = 664755
1821: +365 = 665120
1822: +365 = 665485
1823: +365 = 665850
1824: +366 = 666216
1825: +365 = 666581
1826: +365 = 666946
1827: +365 = 667311
1828: +366 = 667677
1829: +365 = 668042
1830: +365 = 668407
1831: +365 = 668772
1832: +366 = 669138
1833: +365 = 669503
1834: +365 = 669868
1835: +365 = 670233
1836: +366 = 670599
1837: +365 = 670964
1838: +365 = 671329
1839: +365 = 671694
1840: +366 = 672060
1841: +365 = 672425
1842: +365 = 672790
1843: +365 = 673155
1844: +366 = 673521
1845: +365 = 673886
1846: +365 = 674251
1847: +365 = 674616
1848: +366 = 674982
1849: +365 = 675347
1850: +365 = 675712
1851: +365 = 676077
1852: +366 = 676443
1853: +365 = 676808
1854: +365 = 677173
1855: +365 = 677538
1856: +366 = 677904
1857: +365 = 678269
1858: +365 = 678634
1859: +365 = 678999
1860: +366 = 679365
1861: +365 = 679730
1862: +365 = 680095
1863: +365 = 680460
1864: +366 = 680826
1865: +365 = 681191
1866: +365 = 681556
1867: +365 = 681921
1868: +366 = 682287
1869: +365 = 682652
1870: +365 = 683017
1871: +365 = 683382
1872: +366 = 683748
1873: +365 = 684113
1874: +365 = 684478
1875: +365 = 684843
1876: +366 = 685209
1877: +365 = 685574
1878: +365 = 685939
1879: +365 = 686304
1880: +366 = 686670
1881: +365 = 687035
1882: +365 = 687400
1883: +365 = 687765
1884: +366 = 688131
1885: +365 = 688496
1886: +365 = 688861
1887: +365 = 689226
1888: +366 = 689592
1889: +365 = 689957
1890: +365 = 690322
1891: +365 = 690687
1892: +366 = 691053
1893: +365 = 691418
1894: +365 = 691783
1895: +365 = 692148
1896: +366 = 692514
1897: +365 = 692879
1898: +365 = 693244
1899: +365 = 693609
1900: +366 = 693975
1901: +365 = 694340
1902: +365 = 694705
1903: +365 = 695070
1904: +366 = 695436
1905: +365 = 695801
1906: +365 = 696166
1907: +365 = 696531
1908: +366 = 696897
1909: +365 = 697262
1910: +365 = 697627
1911: +365 = 697992
1912: +366 = 698358
1913: +365 = 698723
1914: +365 = 699088
1915: +365 = 699453
1916: +366 = 699819
1917: +365 = 700184
1918: +365 = 700549
1919: +365 = 700914
1920: +366 = 701280
1921: +365 = 701645
1922: +365 = 702010
1923: +365 = 702375
1924: +366 = 702741
1925: +365 = 703106
1926: +365 = 703471
1927: +365 = 703836
1928: +366 = 704202
1929: +365 = 704567
1930: +365 = 704932
1931: +365 = 705297
1932: +366 = 705663
1933: +365 = 706028
1934: +365 = 706393
1935: +365 = 706758
1936: +366 = 707124
1937: +365 = 707489
1938: +365 = 707854
1939: +365 = 708219
1940: +366 = 708585
1941: +365 = 708950
1942: +365 = 709315
1943: +365 = 709680
1944: +366 = 710046
1945: +365 = 710411
1946: +365 = 710776
1947: +365 = 711141
1948: +366 = 711507
1949: +365 = 711872
1950: +365 = 712237
1951: +365 = 712602
1952: +366 = 712968
1953: +365 = 713333
1954: +365 = 713698
1955: +365 = 714063
1956: +366 = 714429
1957: +365 = 714794
1958: +365 = 715159
1959: +365 = 715524
1960: +366 = 715890
1961: +365 = 716255
1962: +365 = 716620
1963: +365 = 716985
1964: +366 = 717351
1965: +365 = 717716
1966: +365 = 718081
1967: +365 = 718446
1968: +366 = 718812
1969: +365 = 719177
1970: +365 = 719542
1971: +365 = 719907
1972: +366 = 720273
1973: +365 = 720638
1974: +365 = 721003
1975: +365 = 721368
1976: +366 = 721734
1977: +365 = 722099
1978: +365 = 722464
1979: +365 = 722829
1980: +366 = 723195
1981: +365 = 723560
1982: +365 = 723925
1983: +365 = 724290
1984: +366 = 724656
1985: +365 = 725021
1986: +365 = 725386
1987: +365 = 725751
1988: +366 = 726117
1989: +365 = 726482
1990: +365 = 726847
1991: +365 = 727212
1992: +366 = 727578
1993: +365 = 727943
1994: +365 = 728308
1995: +365 = 728673
1996: +366 = 729039
1997: +365 = 729404
1998: +365 = 729769
1999: +365 = 730134
2000: +366 = 730500
2001: +365 = 730865
