-25: mod=11 diff=-3
-24: mod=12 diff=-3
-23: mod=1 diff=-3
-22: mod=2 diff=-2
-21: mod=3 diff=-2
-20: mod=4 diff=-2
-19: mod=5 diff=-2
-18: mod=6 diff=-2
-17: mod=7 diff=-2
-16: mod=8 diff=-2
-15: mod=9 diff=-2
-14: mod=10 diff=-2
-13: mod=11 diff=-2
-12: mod=12 diff=-2
-11: mod=1 diff=-2
-10: mod=2 diff=-1
-9: mod=3 diff=-1
-8: mod=4 diff=-1
-7: mod=5 diff=-1
-6: mod=6 diff=-1
-5: mod=7 diff=-1
-4: mod=8 diff=-1
-3: mod=9 diff=-1
-2: mod=10 diff=-1
-1: mod=11 diff=-1
0: mod=12 diff=-1
1: mod=1 diff=0
2: mod=2 diff=0
3: mod=3 diff=0
4: mod=4 diff=0
5: mod=5 diff=0
6: mod=6 diff=0
7: mod=7 diff=0
8: mod=8 diff=0
9: mod=9 diff=0
10: mod=10 diff=0
11: mod=11 diff=0
12: mod=12 diff=0
13: mod=1 diff=1
14: mod=2 diff=1
15: mod=3 diff=1
16: mod=4 diff=1
17: mod=5 diff=1
18: mod=6 diff=1
19: mod=7 diff=1
20: mod=8 diff=1
21: mod=9 diff=1
22: mod=10 diff=1
23: mod=11 diff=1
24: mod=12 diff=1
25: mod=1 diff=2
