-32535172800.0 = 1.1.970 12:00:00.000000000
-13197686400.0 = 14.10.1582 0:00:00.000000000
-13197600000.0 = 15.10.1582 0:00:00.000000000
-13197000000.0 = 21.10.1582 22:40:00.000000000
-10000000000.0 = 11.2.1684 6:13:20.000000000
-7299138600.0 = 13.9.1769 5:30:00.000000000
-4818892320.0 = 18.4.1848 18:48:00.000000000
-978264000.0 = 1.1.1970 12:00:00.000000000
-31579200.0 = 1.1.2000 12:00:00.000000000
-1.0 = 31.12.2000 23:59:59.000000000
0.0 = 1.1.2001 0:00:00.000000000
604713600.0 = 1.3.2020 0:00:00.000000000
604713599.0 = 29.2.2020 23:59:59.000000000
604627200.0 = 29.2.2020 0:00:00.000000000
604627199.0 = 28.2.2020 23:59:59.000000000
575694000.0 = 31.3.2019 3:00:00.000000000
575693999.0 = 31.3.2019 2:59:59.000000000
575690400.0 = 31.3.2019 2:00:00.000000000
575690399.0 = 31.3.2019 1:59:59.000000000
