1.1.1970 12:00:00 (-978264000.0) + 0.0.0 0:00:1000 = 1.1.1970 12:16:40 (-978263000.0)
18.4.1848 18:48:00 (-4818892320.0) + 0.0.0 0:00:1000 = 18.4.1848 19:04:40 (-4818891320.0)
4.10.1582 23:59:59 (-13198464001.0) + 0.0.0 0:00:1000 = 5.10.1582 0:16:39 (-13198463001.0)
10.10.1582 10:10:10 (-13197995390.0) + 0.0.0 0:00:1000 = 10.10.1582 10:26:50 (-13197994390.0)
15.10.1582 0:00:00 (-13197600000.0) + 0.0.0 0:00:1000 = 15.10.1582 0:16:40 (-13197599000.0)
4.10.2582 23:59:59 (18358531199.0) + 0.0.0 0:00:1000 = 5.10.2582 0:16:39 (18358532199.0)
10.10.2582 10:10:10 (18358999810.0) + 0.0.0 0:00:1000 = 10.10.2582 10:26:50 (18359000810.0)
15.10.2582 0:00:00 (18359395200.0) + 0.0.0 0:00:1000 = 15.10.2582 0:16:40 (18359396200.0)
31.12.2000 23:59:59 (-1.0) + 0.0.0 0:00:1000 = 1.1.2001 0:16:39 (999.0)
28.2.2020 23:59:59 (604627199.0) + 0.0.0 0:00:1000 = 29.2.2020 0:16:39 (604628199.0)
29.2.2020 0:00:00 (604627200.0) + 0.0.0 0:00:1000 = 29.2.2020 0:16:40 (604628200.0)
29.2.2020 23:59:59 (604713599.0) + 0.0.0 0:00:1000 = 1.3.2020 0:16:39 (604714599.0)
30.2.2020 0:00:00 (604713600.0) + 0.0.0 0:00:1000 = 1.3.2020 0:16:40 (604714600.0)
1.3.2020 0:00:00 (604713600.0) + 0.0.0 0:00:1000 = 1.3.2020 0:16:40 (604714600.0)
28.2.2100 23:59:59 (3129235199.0) + 0.0.0 0:00:1000 = 1.3.2100 0:16:39 (3129236199.0)
29.2.2100 23:59:59 (3129321599.0) + 0.0.0 0:00:1000 = 2.3.2100 0:16:39 (3129322599.0)
31.3.2019 1:59:59 (575690399.0) + 0.0.0 0:00:1000 = 31.3.2019 2:16:39 (575691399.0)
31.3.2019 2:00:00 (575690400.0) + 0.0.0 0:00:1000 = 31.3.2019 2:16:40 (575691400.0)
31.3.2019 2:59:59 (575693999.0) + 0.0.0 0:00:1000 = 31.3.2019 3:16:39 (575694999.0)
31.3.2019 3:00:00 (575694000.0) + 0.0.0 0:00:1000 = 31.3.2019 3:16:40 (575695000.0)
---
1.1.1970 12:00:00 (-978264000.0) + 0.0.0 0:1000:00 = 2.1.1970 4:40:00 (-978204000.0)
18.4.1848 18:48:00 (-4818892320.0) + 0.0.0 0:1000:00 = 19.4.1848 11:28:00 (-4818832320.0)
4.10.1582 23:59:59 (-13198464001.0) + 0.0.0 0:1000:00 = 5.10.1582 16:39:59 (-13198404001.0)
10.10.1582 10:10:10 (-13197995390.0) + 0.0.0 0:1000:00 = 11.10.1582 2:50:10 (-13197935390.0)
15.10.1582 0:00:00 (-13197600000.0) + 0.0.0 0:1000:00 = 15.10.1582 16:40:00 (-13197540000.0)
4.10.2582 23:59:59 (18358531199.0) + 0.0.0 0:1000:00 = 5.10.2582 16:39:59 (18358591199.0)
10.10.2582 10:10:10 (18358999810.0) + 0.0.0 0:1000:00 = 11.10.2582 2:50:10 (18359059810.0)
15.10.2582 0:00:00 (18359395200.0) + 0.0.0 0:1000:00 = 15.10.2582 16:40:00 (18359455200.0)
31.12.2000 23:59:59 (-1.0) + 0.0.0 0:1000:00 = 1.1.2001 16:39:59 (59999.0)
28.2.2020 23:59:59 (604627199.0) + 0.0.0 0:1000:00 = 29.2.2020 16:39:59 (604687199.0)
29.2.2020 0:00:00 (604627200.0) + 0.0.0 0:1000:00 = 29.2.2020 16:40:00 (604687200.0)
29.2.2020 23:59:59 (604713599.0) + 0.0.0 0:1000:00 = 1.3.2020 16:39:59 (604773599.0)
30.2.2020 0:00:00 (604713600.0) + 0.0.0 0:1000:00 = 1.3.2020 16:40:00 (604773600.0)
1.3.2020 0:00:00 (604713600.0) + 0.0.0 0:1000:00 = 1.3.2020 16:40:00 (604773600.0)
28.2.2100 23:59:59 (3129235199.0) + 0.0.0 0:1000:00 = 1.3.2100 16:39:59 (3129295199.0)
29.2.2100 23:59:59 (3129321599.0) + 0.0.0 0:1000:00 = 2.3.2100 16:39:59 (3129381599.0)
31.3.2019 1:59:59 (575690399.0) + 0.0.0 0:1000:00 = 31.3.2019 18:39:59 (575750399.0)
31.3.2019 2:00:00 (575690400.0) + 0.0.0 0:1000:00 = 31.3.2019 18:40:00 (575750400.0)
31.3.2019 2:59:59 (575693999.0) + 0.0.0 0:1000:00 = 31.3.2019 19:39:59 (575753999.0)
31.3.2019 3:00:00 (575694000.0) + 0.0.0 0:1000:00 = 31.3.2019 19:40:00 (575754000.0)
---
1.1.1970 12:00:00 (-978264000.0) + 0.0.0 1000:00:00 = 12.2.1970 4:00:00 (-974664000.0)
18.4.1848 18:48:00 (-4818892320.0) + 0.0.0 1000:00:00 = 30.5.1848 10:48:00 (-4815292320.0)
4.10.1582 23:59:59 (-13198464001.0) + 0.0.0 1000:00:00 = 15.11.1582 15:59:59 (-13194864001.0)
10.10.1582 10:10:10 (-13197995390.0) + 0.0.0 1000:00:00 = 21.11.1582 2:10:10 (-13194395390.0)
15.10.1582 0:00:00 (-13197600000.0) + 0.0.0 1000:00:00 = 25.11.1582 16:00:00 (-13194000000.0)
4.10.2582 23:59:59 (18358531199.0) + 0.0.0 1000:00:00 = 15.11.2582 15:59:59 (18362131199.0)
10.10.2582 10:10:10 (18358999810.0) + 0.0.0 1000:00:00 = 21.11.2582 2:10:10 (18362599810.0)
15.10.2582 0:00:00 (18359395200.0) + 0.0.0 1000:00:00 = 25.11.2582 16:00:00 (18362995200.0)
31.12.2000 23:59:59 (-1.0) + 0.0.0 1000:00:00 = 11.2.2001 15:59:59 (3599999.0)
28.2.2020 23:59:59 (604627199.0) + 0.0.0 1000:00:00 = 10.4.2020 15:59:59 (608227199.0)
29.2.2020 0:00:00 (604627200.0) + 0.0.0 1000:00:00 = 10.4.2020 16:00:00 (608227200.0)
29.2.2020 23:59:59 (604713599.0) + 0.0.0 1000:00:00 = 11.4.2020 15:59:59 (608313599.0)
30.2.2020 0:00:00 (604713600.0) + 0.0.0 1000:00:00 = 11.4.2020 16:00:00 (608313600.0)
1.3.2020 0:00:00 (604713600.0) + 0.0.0 1000:00:00 = 11.4.2020 16:00:00 (608313600.0)
28.2.2100 23:59:59 (3129235199.0) + 0.0.0 1000:00:00 = 11.4.2100 15:59:59 (3132835199.0)
29.2.2100 23:59:59 (3129321599.0) + 0.0.0 1000:00:00 = 12.4.2100 15:59:59 (3132921599.0)
31.3.2019 1:59:59 (575690399.0) + 0.0.0 1000:00:00 = 11.5.2019 17:59:59 (579290399.0)
31.3.2019 2:00:00 (575690400.0) + 0.0.0 1000:00:00 = 11.5.2019 18:00:00 (579290400.0)
31.3.2019 2:59:59 (575693999.0) + 0.0.0 1000:00:00 = 11.5.2019 18:59:59 (579293999.0)
31.3.2019 3:00:00 (575694000.0) + 0.0.0 1000:00:00 = 11.5.2019 19:00:00 (579294000.0)
---
1.1.1970 12:00:00 (-978264000.0) + 0.0.1000 0:00:00 = 1.1.2970 12:00:00 (30578731200.0)
18.4.1848 18:48:00 (-4818892320.0) + 0.0.1000 0:00:00 = 18.4.2848 18:48:00 (26738102880.0)
4.10.1582 23:59:59 (-13198464001.0) + 0.0.1000 0:00:00 = 4.10.2582 23:59:59 (18358531199.0)
10.10.1582 10:10:10 (-13197995390.0) + 0.0.1000 0:00:00 = 10.10.2582 10:10:10 (18358999810.0)
15.10.1582 0:00:00 (-13197600000.0) + 0.0.1000 0:00:00 = 15.10.2582 0:00:00 (18359395200.0)
4.10.2582 23:59:59 (18358531199.0) + 0.0.1000 0:00:00 = 4.10.3582 23:59:59 (49915439999.0)
10.10.2582 10:10:10 (18358999810.0) + 0.0.1000 0:00:00 = 10.10.3582 10:10:10 (49915908610.0)
15.10.2582 0:00:00 (18359395200.0) + 0.0.1000 0:00:00 = 15.10.3582 0:00:00 (49916304000.0)
31.12.2000 23:59:59 (-1.0) + 0.0.1000 0:00:00 = 31.12.3000 23:59:59 (31556908799.0)
28.2.2020 23:59:59 (604627199.0) + 0.0.1000 0:00:00 = 28.2.3020 23:59:59 (32161535999.0)
29.2.2020 0:00:00 (604627200.0) + 0.0.1000 0:00:00 = 29.2.3020 0:00:00 (32161536000.0)
29.2.2020 23:59:59 (604713599.0) + 0.0.1000 0:00:00 = 29.2.3020 23:59:59 (32161622399.0)
30.2.2020 0:00:00 (604713600.0) + 0.0.1000 0:00:00 = 1.3.3020 0:00:00 (32161622400.0)
1.3.2020 0:00:00 (604713600.0) + 0.0.1000 0:00:00 = 1.3.3020 0:00:00 (32161622400.0)
28.2.2100 23:59:59 (3129235199.0) + 0.0.1000 0:00:00 = 28.2.3100 23:59:59 (34686143999.0)
29.2.2100 23:59:59 (3129321599.0) + 0.0.1000 0:00:00 = 1.3.3100 23:59:59 (34686230399.0)
31.3.2019 1:59:59 (575690399.0) + 0.0.1000 0:00:00 = 31.3.3019 1:59:59 (32132599199.0)
31.3.2019 2:00:00 (575690400.0) + 0.0.1000 0:00:00 = 31.3.3019 2:00:00 (32132599200.0)
31.3.2019 2:59:59 (575693999.0) + 0.0.1000 0:00:00 = 31.3.3019 2:59:59 (32132602799.0)
31.3.2019 3:00:00 (575694000.0) + 0.0.1000 0:00:00 = 31.3.3019 3:00:00 (32132602800.0)
---
1.1.1970 12:00:00 (-978264000.0) + 0.1000.0 0:00:00 = 1.5.2053 12:00:00 (1651406400.0)
18.4.1848 18:48:00 (-4818892320.0) + 0.1000.0 0:00:00 = 18.8.1931 18:48:00 (-2189221920.0)
4.10.1582 23:59:59 (-13198464001.0) + 0.1000.0 0:00:00 = 4.2.1666 23:59:59 (-10568534401.0)
10.10.1582 10:10:10 (-13197995390.0) + 0.1000.0 0:00:00 = 10.2.1666 10:10:10 (-10568065790.0)
15.10.1582 0:00:00 (-13197600000.0) + 0.1000.0 0:00:00 = 15.2.1666 0:00:00 (-10567670400.0)
4.10.2582 23:59:59 (18358531199.0) + 0.1000.0 0:00:00 = 4.2.2666 23:59:59 (20988374399.0)
10.10.2582 10:10:10 (18358999810.0) + 0.1000.0 0:00:00 = 10.2.2666 10:10:10 (20988843010.0)
15.10.2582 0:00:00 (18359395200.0) + 0.1000.0 0:00:00 = 15.2.2666 0:00:00 (20989238400.0)
31.12.2000 23:59:59 (-1.0) + 0.1000.0 0:00:00 = 30.4.2084 23:59:59 (2629670399.0)
28.2.2020 23:59:59 (604627199.0) + 0.1000.0 0:00:00 = 28.6.2103 23:59:59 (3234211199.0)
29.2.2020 0:00:00 (604627200.0) + 0.1000.0 0:00:00 = 29.6.2103 0:00:00 (3234211200.0)
29.2.2020 23:59:59 (604713599.0) + 0.1000.0 0:00:00 = 29.6.2103 23:59:59 (3234297599.0)
30.2.2020 0:00:00 (604713600.0) + 0.1000.0 0:00:00 = 1.7.2103 0:00:00 (3234384000.0)
1.3.2020 0:00:00 (604713600.0) + 0.1000.0 0:00:00 = 1.7.2103 0:00:00 (3234384000.0)
28.2.2100 23:59:59 (3129235199.0) + 0.1000.0 0:00:00 = 28.6.2183 23:59:59 (5758819199.0)
29.2.2100 23:59:59 (3129321599.0) + 0.1000.0 0:00:00 = 1.7.2183 23:59:59 (5759078399.0)
31.3.2019 1:59:59 (575690399.0) + 0.1000.0 0:00:00 = 31.7.2102 1:59:59 (3205447199.0)
31.3.2019 2:00:00 (575690400.0) + 0.1000.0 0:00:00 = 31.7.2102 2:00:00 (3205447200.0)
31.3.2019 2:59:59 (575693999.0) + 0.1000.0 0:00:00 = 31.7.2102 2:59:59 (3205450799.0)
31.3.2019 3:00:00 (575694000.0) + 0.1000.0 0:00:00 = 31.7.2102 3:00:00 (3205450800.0)
---
1.1.1970 12:00:00 (-978264000.0) + 1000.0.0 0:00:00 = 27.9.1972 12:00:00 (-891864000.0)
18.4.1848 18:48:00 (-4818892320.0) + 1000.0.0 0:00:00 = 13.1.1851 18:48:00 (-4732492320.0)
4.10.1582 23:59:59 (-13198464001.0) + 1000.0.0 0:00:00 = 30.6.1585 23:59:59 (-13112064001.0)
10.10.1582 10:10:10 (-13197995390.0) + 1000.0.0 0:00:00 = 6.7.1585 10:10:10 (-13111595390.0)
15.10.1582 0:00:00 (-13197600000.0) + 1000.0.0 0:00:00 = 11.7.1585 0:00:00 (-13111200000.0)
4.10.2582 23:59:59 (18358531199.0) + 1000.0.0 0:00:00 = 30.6.2585 23:59:59 (18444931199.0)
10.10.2582 10:10:10 (18358999810.0) + 1000.0.0 0:00:00 = 6.7.2585 10:10:10 (18445399810.0)
15.10.2582 0:00:00 (18359395200.0) + 1000.0.0 0:00:00 = 11.7.2585 0:00:00 (18445795200.0)
31.12.2000 23:59:59 (-1.0) + 1000.0.0 0:00:00 = 27.9.2003 23:59:59 (86399999.0)
28.2.2020 23:59:59 (604627199.0) + 1000.0.0 0:00:00 = 24.11.2022 23:59:59 (691027199.0)
29.2.2020 0:00:00 (604627200.0) + 1000.0.0 0:00:00 = 25.11.2022 0:00:00 (691027200.0)
29.2.2020 23:59:59 (604713599.0) + 1000.0.0 0:00:00 = 25.11.2022 23:59:59 (691113599.0)
30.2.2020 0:00:00 (604713600.0) + 1000.0.0 0:00:00 = 26.11.2022 0:00:00 (691113600.0)
1.3.2020 0:00:00 (604713600.0) + 1000.0.0 0:00:00 = 26.11.2022 0:00:00 (691113600.0)
28.2.2100 23:59:59 (3129235199.0) + 1000.0.0 0:00:00 = 25.11.2102 23:59:59 (3215635199.0)
29.2.2100 23:59:59 (3129321599.0) + 1000.0.0 0:00:00 = 26.11.2102 23:59:59 (3215721599.0)
31.3.2019 1:59:59 (575690399.0) + 1000.0.0 0:00:00 = 25.12.2021 1:59:59 (662090399.0)
31.3.2019 2:00:00 (575690400.0) + 1000.0.0 0:00:00 = 25.12.2021 2:00:00 (662090400.0)
31.3.2019 2:59:59 (575693999.0) + 1000.0.0 0:00:00 = 25.12.2021 2:59:59 (662093999.0)
31.3.2019 3:00:00 (575694000.0) + 1000.0.0 0:00:00 = 25.12.2021 3:00:00 (662094000.0)
---
1.1.1970 12:00:00 (-978264000.0) + 0.0.0 0:00:-1000 = 1.1.1970 11:43:20 (-978265000.0)
18.4.1848 18:48:00 (-4818892320.0) + 0.0.0 0:00:-1000 = 18.4.1848 18:31:20 (-4818893320.0)
4.10.1582 23:59:59 (-13198464001.0) + 0.0.0 0:00:-1000 = 4.10.1582 23:43:19 (-13198465001.0)
10.10.1582 10:10:10 (-13197995390.0) + 0.0.0 0:00:-1000 = 10.10.1582 9:53:30 (-13197996390.0)
15.10.1582 0:00:00 (-13197600000.0) + 0.0.0 0:00:-1000 = 14.10.1582 23:43:20 (-13197601000.0)
4.10.2582 23:59:59 (18358531199.0) + 0.0.0 0:00:-1000 = 4.10.2582 23:43:19 (18358530199.0)
10.10.2582 10:10:10 (18358999810.0) + 0.0.0 0:00:-1000 = 10.10.2582 9:53:30 (18358998810.0)
15.10.2582 0:00:00 (18359395200.0) + 0.0.0 0:00:-1000 = 14.10.2582 23:43:20 (18359394200.0)
31.12.2000 23:59:59 (-1.0) + 0.0.0 0:00:-1000 = 31.12.2000 23:43:19 (-1001.0)
28.2.2020 23:59:59 (604627199.0) + 0.0.0 0:00:-1000 = 28.2.2020 23:43:19 (604626199.0)
29.2.2020 0:00:00 (604627200.0) + 0.0.0 0:00:-1000 = 28.2.2020 23:43:20 (604626200.0)
29.2.2020 23:59:59 (604713599.0) + 0.0.0 0:00:-1000 = 29.2.2020 23:43:19 (604712599.0)
30.2.2020 0:00:00 (604713600.0) + 0.0.0 0:00:-1000 = 29.2.2020 23:43:20 (604712600.0)
1.3.2020 0:00:00 (604713600.0) + 0.0.0 0:00:-1000 = 29.2.2020 23:43:20 (604712600.0)
28.2.2100 23:59:59 (3129235199.0) + 0.0.0 0:00:-1000 = 28.2.2100 23:43:19 (3129234199.0)
29.2.2100 23:59:59 (3129321599.0) + 0.0.0 0:00:-1000 = 1.3.2100 23:43:19 (3129320599.0)
31.3.2019 1:59:59 (575690399.0) + 0.0.0 0:00:-1000 = 31.3.2019 1:43:19 (575689399.0)
31.3.2019 2:00:00 (575690400.0) + 0.0.0 0:00:-1000 = 31.3.2019 1:43:20 (575689400.0)
31.3.2019 2:59:59 (575693999.0) + 0.0.0 0:00:-1000 = 31.3.2019 2:43:19 (575692999.0)
31.3.2019 3:00:00 (575694000.0) + 0.0.0 0:00:-1000 = 31.3.2019 2:43:20 (575693000.0)
---
1.1.1970 12:00:00 (-978264000.0) + 0.0.0 0:-1000:00 = 31.12.1969 19:20:00 (-978324000.0)
18.4.1848 18:48:00 (-4818892320.0) + 0.0.0 0:-1000:00 = 18.4.1848 2:08:00 (-4818952320.0)
4.10.1582 23:59:59 (-13198464001.0) + 0.0.0 0:-1000:00 = 4.10.1582 7:19:59 (-13198524001.0)
10.10.1582 10:10:10 (-13197995390.0) + 0.0.0 0:-1000:00 = 9.10.1582 17:30:10 (-13198055390.0)
15.10.1582 0:00:00 (-13197600000.0) + 0.0.0 0:-1000:00 = 14.10.1582 7:20:00 (-13197660000.0)
4.10.2582 23:59:59 (18358531199.0) + 0.0.0 0:-1000:00 = 4.10.2582 7:19:59 (18358471199.0)
10.10.2582 10:10:10 (18358999810.0) + 0.0.0 0:-1000:00 = 9.10.2582 17:30:10 (18358939810.0)
15.10.2582 0:00:00 (18359395200.0) + 0.0.0 0:-1000:00 = 14.10.2582 7:20:00 (18359335200.0)
31.12.2000 23:59:59 (-1.0) + 0.0.0 0:-1000:00 = 31.12.2000 7:19:59 (-60001.0)
28.2.2020 23:59:59 (604627199.0) + 0.0.0 0:-1000:00 = 28.2.2020 7:19:59 (604567199.0)
29.2.2020 0:00:00 (604627200.0) + 0.0.0 0:-1000:00 = 28.2.2020 7:20:00 (604567200.0)
29.2.2020 23:59:59 (604713599.0) + 0.0.0 0:-1000:00 = 29.2.2020 7:19:59 (604653599.0)
30.2.2020 0:00:00 (604713600.0) + 0.0.0 0:-1000:00 = 29.2.2020 7:20:00 (604653600.0)
1.3.2020 0:00:00 (604713600.0) + 0.0.0 0:-1000:00 = 29.2.2020 7:20:00 (604653600.0)
28.2.2100 23:59:59 (3129235199.0) + 0.0.0 0:-1000:00 = 28.2.2100 7:19:59 (3129175199.0)
29.2.2100 23:59:59 (3129321599.0) + 0.0.0 0:-1000:00 = 1.3.2100 7:19:59 (3129261599.0)
31.3.2019 1:59:59 (575690399.0) + 0.0.0 0:-1000:00 = 30.3.2019 9:19:59 (575630399.0)
31.3.2019 2:00:00 (575690400.0) + 0.0.0 0:-1000:00 = 30.3.2019 9:20:00 (575630400.0)
31.3.2019 2:59:59 (575693999.0) + 0.0.0 0:-1000:00 = 30.3.2019 10:19:59 (575633999.0)
31.3.2019 3:00:00 (575694000.0) + 0.0.0 0:-1000:00 = 30.3.2019 10:20:00 (575634000.0)
---
1.1.1970 12:00:00 (-978264000.0) + 0.0.0 -1000:00:00 = 20.11.1969 20:00:00 (-981864000.0)
18.4.1848 18:48:00 (-4818892320.0) + 0.0.0 -1000:00:00 = 8.3.1848 2:48:00 (-4822492320.0)
4.10.1582 23:59:59 (-13198464001.0) + 0.0.0 -1000:00:00 = 24.8.1582 7:59:59 (-13202064001.0)
10.10.1582 10:10:10 (-13197995390.0) + 0.0.0 -1000:00:00 = 29.8.1582 18:10:10 (-13201595390.0)
15.10.1582 0:00:00 (-13197600000.0) + 0.0.0 -1000:00:00 = 3.9.1582 8:00:00 (-13201200000.0)
4.10.2582 23:59:59 (18358531199.0) + 0.0.0 -1000:00:00 = 24.8.2582 7:59:59 (18354931199.0)
10.10.2582 10:10:10 (18358999810.0) + 0.0.0 -1000:00:00 = 29.8.2582 18:10:10 (18355399810.0)
15.10.2582 0:00:00 (18359395200.0) + 0.0.0 -1000:00:00 = 3.9.2582 8:00:00 (18355795200.0)
31.12.2000 23:59:59 (-1.0) + 0.0.0 -1000:00:00 = 20.11.2000 7:59:59 (-3600001.0)
28.2.2020 23:59:59 (604627199.0) + 0.0.0 -1000:00:00 = 18.1.2020 7:59:59 (601027199.0)
29.2.2020 0:00:00 (604627200.0) + 0.0.0 -1000:00:00 = 18.1.2020 8:00:00 (601027200.0)
29.2.2020 23:59:59 (604713599.0) + 0.0.0 -1000:00:00 = 19.1.2020 7:59:59 (601113599.0)
30.2.2020 0:00:00 (604713600.0) + 0.0.0 -1000:00:00 = 19.1.2020 8:00:00 (601113600.0)
1.3.2020 0:00:00 (604713600.0) + 0.0.0 -1000:00:00 = 19.1.2020 8:00:00 (601113600.0)
28.2.2100 23:59:59 (3129235199.0) + 0.0.0 -1000:00:00 = 18.1.2100 7:59:59 (3125635199.0)
29.2.2100 23:59:59 (3129321599.0) + 0.0.0 -1000:00:00 = 19.1.2100 7:59:59 (3125721599.0)
31.3.2019 1:59:59 (575690399.0) + 0.0.0 -1000:00:00 = 17.2.2019 9:59:59 (572090399.0)
31.3.2019 2:00:00 (575690400.0) + 0.0.0 -1000:00:00 = 17.2.2019 10:00:00 (572090400.0)
31.3.2019 2:59:59 (575693999.0) + 0.0.0 -1000:00:00 = 17.2.2019 10:59:59 (572093999.0)
31.3.2019 3:00:00 (575694000.0) + 0.0.0 -1000:00:00 = 17.2.2019 11:00:00 (572094000.0)
---
1.1.1970 12:00:00 (-978264000.0) + 0.0.-1000 0:00:00 = 1.1.970 12:00:00 (-32535172800.0)
18.4.1848 18:48:00 (-4818892320.0) + 0.0.-1000 0:00:00 = 18.4.848 18:48:00 (-36375801120.0)
4.10.1582 23:59:59 (-13198464001.0) + 0.0.-1000 0:00:00 = 4.10.582 23:59:59 (-44755372801.0)
10.10.1582 10:10:10 (-13197995390.0) + 0.0.-1000 0:00:00 = 10.10.582 10:10:10 (-44754904190.0)
15.10.1582 0:00:00 (-13197600000.0) + 0.0.-1000 0:00:00 = 15.10.582 0:00:00 (-44754508800.0)
4.10.2582 23:59:59 (18358531199.0) + 0.0.-1000 0:00:00 = 4.10.1582 23:59:59 (-13198464001.0)
10.10.2582 10:10:10 (18358999810.0) + 0.0.-1000 0:00:00 = 10.10.1582 10:10:10 (-13197995390.0)
15.10.2582 0:00:00 (18359395200.0) + 0.0.-1000 0:00:00 = 15.10.1582 0:00:00 (-13197600000.0)
31.12.2000 23:59:59 (-1.0) + 0.0.-1000 0:00:00 = 31.12.1000 23:59:59 (-31556995201.0)
28.2.2020 23:59:59 (604627199.0) + 0.0.-1000 0:00:00 = 28.2.1020 23:59:59 (-30952368001.0)
29.2.2020 0:00:00 (604627200.0) + 0.0.-1000 0:00:00 = 29.2.1020 0:00:00 (-30952368000.0)
29.2.2020 23:59:59 (604713599.0) + 0.0.-1000 0:00:00 = 29.2.1020 23:59:59 (-30952281601.0)
30.2.2020 0:00:00 (604713600.0) + 0.0.-1000 0:00:00 = 1.3.1020 0:00:00 (-30952281600.0)
1.3.2020 0:00:00 (604713600.0) + 0.0.-1000 0:00:00 = 1.3.1020 0:00:00 (-30952281600.0)
28.2.2100 23:59:59 (3129235199.0) + 0.0.-1000 0:00:00 = 28.2.1100 23:59:59 (-28427760001.0)
29.2.2100 23:59:59 (3129321599.0) + 0.0.-1000 0:00:00 = 1.3.1100 23:59:59 (-28427673601.0)
31.3.2019 1:59:59 (575690399.0) + 0.0.-1000 0:00:00 = 31.3.1019 1:59:59 (-30981304801.0)
31.3.2019 2:00:00 (575690400.0) + 0.0.-1000 0:00:00 = 31.3.1019 2:00:00 (-30981304800.0)
31.3.2019 2:59:59 (575693999.0) + 0.0.-1000 0:00:00 = 31.3.1019 2:59:59 (-30981301201.0)
31.3.2019 3:00:00 (575694000.0) + 0.0.-1000 0:00:00 = 31.3.1019 3:00:00 (-30981301200.0)
---
1.1.1970 12:00:00 (-978264000.0) + 0.-1000.0 0:00:00 = 1.9.1886 12:00:00 (-3608020800.0)
18.4.1848 18:48:00 (-4818892320.0) + 0.-1000.0 0:00:00 = 18.12.1764 18:48:00 (-7448562720.0)
4.10.1582 23:59:59 (-13198464001.0) + 0.-1000.0 0:00:00 = 4.6.1499 23:59:59 (-15828220801.0)
10.10.1582 10:10:10 (-13197995390.0) + 0.-1000.0 0:00:00 = 10.6.1499 10:10:10 (-15827752190.0)
15.10.1582 0:00:00 (-13197600000.0) + 0.-1000.0 0:00:00 = 15.6.1499 0:00:00 (-15827356800.0)
4.10.2582 23:59:59 (18358531199.0) + 0.-1000.0 0:00:00 = 4.6.2499 23:59:59 (15728774399.0)
10.10.2582 10:10:10 (18358999810.0) + 0.-1000.0 0:00:00 = 10.6.2499 10:10:10 (15729243010.0)
15.10.2582 0:00:00 (18359395200.0) + 0.-1000.0 0:00:00 = 15.6.2499 0:00:00 (15729638400.0)
31.12.2000 23:59:59 (-1.0) + 0.-1000.0 0:00:00 = 31.8.1917 23:59:59 (-2629843201.0)
28.2.2020 23:59:59 (604627199.0) + 0.-1000.0 0:00:00 = 28.10.1936 23:59:59 (-2025216001.0)
29.2.2020 0:00:00 (604627200.0) + 0.-1000.0 0:00:00 = 29.10.1936 0:00:00 (-2025216000.0)
29.2.2020 23:59:59 (604713599.0) + 0.-1000.0 0:00:00 = 29.10.1936 23:59:59 (-2025129601.0)
30.2.2020 0:00:00 (604713600.0) + 0.-1000.0 0:00:00 = 1.11.1936 0:00:00 (-2024956800.0)
1.3.2020 0:00:00 (604713600.0) + 0.-1000.0 0:00:00 = 1.11.1936 0:00:00 (-2024956800.0)
28.2.2100 23:59:59 (3129235199.0) + 0.-1000.0 0:00:00 = 28.10.2016 23:59:59 (499391999.0)
29.2.2100 23:59:59 (3129321599.0) + 0.-1000.0 0:00:00 = 1.11.2016 23:59:59 (499737599.0)
31.3.2019 1:59:59 (575690399.0) + 0.-1000.0 0:00:00 = 30.11.1935 1:59:59 (-2054066401.0)
31.3.2019 2:00:00 (575690400.0) + 0.-1000.0 0:00:00 = 30.11.1935 2:00:00 (-2054066400.0)
31.3.2019 2:59:59 (575693999.0) + 0.-1000.0 0:00:00 = 30.11.1935 2:59:59 (-2054062801.0)
31.3.2019 3:00:00 (575694000.0) + 0.-1000.0 0:00:00 = 30.11.1935 3:00:00 (-2054062800.0)
---
1.1.1970 12:00:00 (-978264000.0) + -1000.0.0 0:00:00 = 7.4.1967 12:00:00 (-1064664000.0)
18.4.1848 18:48:00 (-4818892320.0) + -1000.0.0 0:00:00 = 23.7.1845 18:48:00 (-4905292320.0)
4.10.1582 23:59:59 (-13198464001.0) + -1000.0.0 0:00:00 = 8.1.1580 23:59:59 (-13284864001.0)
10.10.1582 10:10:10 (-13197995390.0) + -1000.0.0 0:00:00 = 14.1.1580 10:10:10 (-13284395390.0)
15.10.1582 0:00:00 (-13197600000.0) + -1000.0.0 0:00:00 = 19.1.1580 0:00:00 (-13284000000.0)
4.10.2582 23:59:59 (18358531199.0) + -1000.0.0 0:00:00 = 8.1.2580 23:59:59 (18272131199.0)
10.10.2582 10:10:10 (18358999810.0) + -1000.0.0 0:00:00 = 14.1.2580 10:10:10 (18272599810.0)
15.10.2582 0:00:00 (18359395200.0) + -1000.0.0 0:00:00 = 19.1.2580 0:00:00 (18272995200.0)
31.12.2000 23:59:59 (-1.0) + -1000.0.0 0:00:00 = 6.4.1998 23:59:59 (-86400001.0)
28.2.2020 23:59:59 (604627199.0) + -1000.0.0 0:00:00 = 3.6.2017 23:59:59 (518227199.0)
29.2.2020 0:00:00 (604627200.0) + -1000.0.0 0:00:00 = 4.6.2017 0:00:00 (518227200.0)
29.2.2020 23:59:59 (604713599.0) + -1000.0.0 0:00:00 = 4.6.2017 23:59:59 (518313599.0)
30.2.2020 0:00:00 (604713600.0) + -1000.0.0 0:00:00 = 5.6.2017 0:00:00 (518313600.0)
1.3.2020 0:00:00 (604713600.0) + -1000.0.0 0:00:00 = 5.6.2017 0:00:00 (518313600.0)
28.2.2100 23:59:59 (3129235199.0) + -1000.0.0 0:00:00 = 3.6.2097 23:59:59 (3042835199.0)
29.2.2100 23:59:59 (3129321599.0) + -1000.0.0 0:00:00 = 4.6.2097 23:59:59 (3042921599.0)
31.3.2019 1:59:59 (575690399.0) + -1000.0.0 0:00:00 = 4.7.2016 1:59:59 (489290399.0)
31.3.2019 2:00:00 (575690400.0) + -1000.0.0 0:00:00 = 4.7.2016 2:00:00 (489290400.0)
31.3.2019 2:59:59 (575693999.0) + -1000.0.0 0:00:00 = 4.7.2016 2:59:59 (489293999.0)
31.3.2019 3:00:00 (575694000.0) + -1000.0.0 0:00:00 = 4.7.2016 3:00:00 (489294000.0)
