15.10.1582 = -13197600000.0
10.10.1582 = -13198032000.0
5.10.1582 = -13198464000.0
4.10.1582 = -13198550400.0
4.10.1582 23:59:59 = -13198464001.0
