--------1 days in first week---------
30.12.2016 0:00:00 weekOfYear: 1
31.12.2016 0:00:00 weekOfYear: 1
1.1.2017 0:00:00 weekOfYear: 1
2.1.2017 0:00:00 weekOfYear: 2
3.1.2017 0:00:00 weekOfYear: 2
4.1.2017 0:00:00 weekOfYear: 2
5.1.2017 0:00:00 weekOfYear: 2
6.1.2017 0:00:00 weekOfYear: 2
7.1.2017 0:00:00 weekOfYear: 2
8.1.2017 0:00:00 weekOfYear: 2
9.1.2017 0:00:00 weekOfYear: 3
10.1.2017 0:00:00 weekOfYear: 3
11.1.2017 0:00:00 weekOfYear: 3
12.1.2017 0:00:00 weekOfYear: 3
13.1.2017 0:00:00 weekOfYear: 3
14.1.2017 0:00:00 weekOfYear: 3
30.12.2017 0:00:00 weekOfYear: 53
31.12.2017 0:00:00 weekOfYear: 53
1.1.2018 0:00:00 weekOfYear: 1
2.1.2018 0:00:00 weekOfYear: 1
3.1.2018 0:00:00 weekOfYear: 1
4.1.2018 0:00:00 weekOfYear: 1
5.1.2018 0:00:00 weekOfYear: 1
6.1.2018 0:00:00 weekOfYear: 1
7.1.2018 0:00:00 weekOfYear: 1
8.1.2018 0:00:00 weekOfYear: 2
9.1.2018 0:00:00 weekOfYear: 2
10.1.2018 0:00:00 weekOfYear: 2
11.1.2018 0:00:00 weekOfYear: 2
12.1.2018 0:00:00 weekOfYear: 2
13.1.2018 0:00:00 weekOfYear: 2
14.1.2018 0:00:00 weekOfYear: 2
30.12.2018 0:00:00 weekOfYear: 52
31.12.2018 0:00:00 weekOfYear: 1
1.1.2019 0:00:00 weekOfYear: 1
2.1.2019 0:00:00 weekOfYear: 1
3.1.2019 0:00:00 weekOfYear: 1
4.1.2019 0:00:00 weekOfYear: 1
5.1.2019 0:00:00 weekOfYear: 1
6.1.2019 0:00:00 weekOfYear: 1
7.1.2019 0:00:00 weekOfYear: 2
8.1.2019 0:00:00 weekOfYear: 2
9.1.2019 0:00:00 weekOfYear: 2
10.1.2019 0:00:00 weekOfYear: 2
11.1.2019 0:00:00 weekOfYear: 2
12.1.2019 0:00:00 weekOfYear: 2
13.1.2019 0:00:00 weekOfYear: 2
14.1.2019 0:00:00 weekOfYear: 3
30.12.2019 0:00:00 weekOfYear: 1
31.12.2019 0:00:00 weekOfYear: 1
1.1.2020 0:00:00 weekOfYear: 1
2.1.2020 0:00:00 weekOfYear: 1
3.1.2020 0:00:00 weekOfYear: 1
4.1.2020 0:00:00 weekOfYear: 1
5.1.2020 0:00:00 weekOfYear: 1
6.1.2020 0:00:00 weekOfYear: 2
7.1.2020 0:00:00 weekOfYear: 2
8.1.2020 0:00:00 weekOfYear: 2
9.1.2020 0:00:00 weekOfYear: 2
10.1.2020 0:00:00 weekOfYear: 2
11.1.2020 0:00:00 weekOfYear: 2
12.1.2020 0:00:00 weekOfYear: 2
13.1.2020 0:00:00 weekOfYear: 3
14.1.2020 0:00:00 weekOfYear: 3
--------2 days in first week---------
30.12.2016 0:00:00 weekOfYear: 53
31.12.2016 0:00:00 weekOfYear: 53
1.1.2017 0:00:00 weekOfYear: 53
2.1.2017 0:00:00 weekOfYear: 1
3.1.2017 0:00:00 weekOfYear: 1
4.1.2017 0:00:00 weekOfYear: 1
5.1.2017 0:00:00 weekOfYear: 1
6.1.2017 0:00:00 weekOfYear: 1
7.1.2017 0:00:00 weekOfYear: 1
8.1.2017 0:00:00 weekOfYear: 1
9.1.2017 0:00:00 weekOfYear: 2
10.1.2017 0:00:00 weekOfYear: 2
11.1.2017 0:00:00 weekOfYear: 2
12.1.2017 0:00:00 weekOfYear: 2
13.1.2017 0:00:00 weekOfYear: 2
14.1.2017 0:00:00 weekOfYear: 2
30.12.2017 0:00:00 weekOfYear: 52
31.12.2017 0:00:00 weekOfYear: 52
1.1.2018 0:00:00 weekOfYear: 1
2.1.2018 0:00:00 weekOfYear: 1
3.1.2018 0:00:00 weekOfYear: 1
4.1.2018 0:00:00 weekOfYear: 1
5.1.2018 0:00:00 weekOfYear: 1
6.1.2018 0:00:00 weekOfYear: 1
7.1.2018 0:00:00 weekOfYear: 1
8.1.2018 0:00:00 weekOfYear: 2
9.1.2018 0:00:00 weekOfYear: 2
10.1.2018 0:00:00 weekOfYear: 2
11.1.2018 0:00:00 weekOfYear: 2
12.1.2018 0:00:00 weekOfYear: 2
13.1.2018 0:00:00 weekOfYear: 2
14.1.2018 0:00:00 weekOfYear: 2
30.12.2018 0:00:00 weekOfYear: 52
31.12.2018 0:00:00 weekOfYear: 1
1.1.2019 0:00:00 weekOfYear: 1
2.1.2019 0:00:00 weekOfYear: 1
3.1.2019 0:00:00 weekOfYear: 1
4.1.2019 0:00:00 weekOfYear: 1
5.1.2019 0:00:00 weekOfYear: 1
6.1.2019 0:00:00 weekOfYear: 1
7.1.2019 0:00:00 weekOfYear: 2
8.1.2019 0:00:00 weekOfYear: 2
9.1.2019 0:00:00 weekOfYear: 2
10.1.2019 0:00:00 weekOfYear: 2
11.1.2019 0:00:00 weekOfYear: 2
12.1.2019 0:00:00 weekOfYear: 2
13.1.2019 0:00:00 weekOfYear: 2
14.1.2019 0:00:00 weekOfYear: 3
30.12.2019 0:00:00 weekOfYear: 1
31.12.2019 0:00:00 weekOfYear: 1
1.1.2020 0:00:00 weekOfYear: 1
2.1.2020 0:00:00 weekOfYear: 1
3.1.2020 0:00:00 weekOfYear: 1
4.1.2020 0:00:00 weekOfYear: 1
5.1.2020 0:00:00 weekOfYear: 1
6.1.2020 0:00:00 weekOfYear: 2
7.1.2020 0:00:00 weekOfYear: 2
8.1.2020 0:00:00 weekOfYear: 2
9.1.2020 0:00:00 weekOfYear: 2
10.1.2020 0:00:00 weekOfYear: 2
11.1.2020 0:00:00 weekOfYear: 2
12.1.2020 0:00:00 weekOfYear: 2
13.1.2020 0:00:00 weekOfYear: 3
14.1.2020 0:00:00 weekOfYear: 3
--------3 days in first week---------
30.12.2016 0:00:00 weekOfYear: 53
31.12.2016 0:00:00 weekOfYear: 53
1.1.2017 0:00:00 weekOfYear: 53
2.1.2017 0:00:00 weekOfYear: 1
3.1.2017 0:00:00 weekOfYear: 1
4.1.2017 0:00:00 weekOfYear: 1
5.1.2017 0:00:00 weekOfYear: 1
6.1.2017 0:00:00 weekOfYear: 1
7.1.2017 0:00:00 weekOfYear: 1
8.1.2017 0:00:00 weekOfYear: 1
9.1.2017 0:00:00 weekOfYear: 2
10.1.2017 0:00:00 weekOfYear: 2
11.1.2017 0:00:00 weekOfYear: 2
12.1.2017 0:00:00 weekOfYear: 2
13.1.2017 0:00:00 weekOfYear: 2
14.1.2017 0:00:00 weekOfYear: 2
30.12.2017 0:00:00 weekOfYear: 52
31.12.2017 0:00:00 weekOfYear: 52
1.1.2018 0:00:00 weekOfYear: 1
2.1.2018 0:00:00 weekOfYear: 1
3.1.2018 0:00:00 weekOfYear: 1
4.1.2018 0:00:00 weekOfYear: 1
5.1.2018 0:00:00 weekOfYear: 1
6.1.2018 0:00:00 weekOfYear: 1
7.1.2018 0:00:00 weekOfYear: 1
8.1.2018 0:00:00 weekOfYear: 2
9.1.2018 0:00:00 weekOfYear: 2
10.1.2018 0:00:00 weekOfYear: 2
11.1.2018 0:00:00 weekOfYear: 2
12.1.2018 0:00:00 weekOfYear: 2
13.1.2018 0:00:00 weekOfYear: 2
14.1.2018 0:00:00 weekOfYear: 2
30.12.2018 0:00:00 weekOfYear: 52
31.12.2018 0:00:00 weekOfYear: 1
1.1.2019 0:00:00 weekOfYear: 1
2.1.2019 0:00:00 weekOfYear: 1
3.1.2019 0:00:00 weekOfYear: 1
4.1.2019 0:00:00 weekOfYear: 1
5.1.2019 0:00:00 weekOfYear: 1
6.1.2019 0:00:00 weekOfYear: 1
7.1.2019 0:00:00 weekOfYear: 2
8.1.2019 0:00:00 weekOfYear: 2
9.1.2019 0:00:00 weekOfYear: 2
10.1.2019 0:00:00 weekOfYear: 2
11.1.2019 0:00:00 weekOfYear: 2
12.1.2019 0:00:00 weekOfYear: 2
13.1.2019 0:00:00 weekOfYear: 2
14.1.2019 0:00:00 weekOfYear: 3
30.12.2019 0:00:00 weekOfYear: 1
31.12.2019 0:00:00 weekOfYear: 1
1.1.2020 0:00:00 weekOfYear: 1
2.1.2020 0:00:00 weekOfYear: 1
3.1.2020 0:00:00 weekOfYear: 1
4.1.2020 0:00:00 weekOfYear: 1
5.1.2020 0:00:00 weekOfYear: 1
6.1.2020 0:00:00 weekOfYear: 2
7.1.2020 0:00:00 weekOfYear: 2
8.1.2020 0:00:00 weekOfYear: 2
9.1.2020 0:00:00 weekOfYear: 2
10.1.2020 0:00:00 weekOfYear: 2
11.1.2020 0:00:00 weekOfYear: 2
12.1.2020 0:00:00 weekOfYear: 2
13.1.2020 0:00:00 weekOfYear: 3
14.1.2020 0:00:00 weekOfYear: 3
--------4 days in first week---------
30.12.2016 0:00:00 weekOfYear: 52
31.12.2016 0:00:00 weekOfYear: 52
1.1.2017 0:00:00 weekOfYear: 52
2.1.2017 0:00:00 weekOfYear: 1
3.1.2017 0:00:00 weekOfYear: 1
4.1.2017 0:00:00 weekOfYear: 1
5.1.2017 0:00:00 weekOfYear: 1
6.1.2017 0:00:00 weekOfYear: 1
7.1.2017 0:00:00 weekOfYear: 1
8.1.2017 0:00:00 weekOfYear: 1
9.1.2017 0:00:00 weekOfYear: 2
10.1.2017 0:00:00 weekOfYear: 2
11.1.2017 0:00:00 weekOfYear: 2
12.1.2017 0:00:00 weekOfYear: 2
13.1.2017 0:00:00 weekOfYear: 2
14.1.2017 0:00:00 weekOfYear: 2
30.12.2017 0:00:00 weekOfYear: 52
31.12.2017 0:00:00 weekOfYear: 52
1.1.2018 0:00:00 weekOfYear: 1
2.1.2018 0:00:00 weekOfYear: 1
3.1.2018 0:00:00 weekOfYear: 1
4.1.2018 0:00:00 weekOfYear: 1
5.1.2018 0:00:00 weekOfYear: 1
6.1.2018 0:00:00 weekOfYear: 1
7.1.2018 0:00:00 weekOfYear: 1
8.1.2018 0:00:00 weekOfYear: 2
9.1.2018 0:00:00 weekOfYear: 2
10.1.2018 0:00:00 weekOfYear: 2
11.1.2018 0:00:00 weekOfYear: 2
12.1.2018 0:00:00 weekOfYear: 2
13.1.2018 0:00:00 weekOfYear: 2
14.1.2018 0:00:00 weekOfYear: 2
30.12.2018 0:00:00 weekOfYear: 52
31.12.2018 0:00:00 weekOfYear: 1
1.1.2019 0:00:00 weekOfYear: 1
2.1.2019 0:00:00 weekOfYear: 1
3.1.2019 0:00:00 weekOfYear: 1
4.1.2019 0:00:00 weekOfYear: 1
5.1.2019 0:00:00 weekOfYear: 1
6.1.2019 0:00:00 weekOfYear: 1
7.1.2019 0:00:00 weekOfYear: 2
8.1.2019 0:00:00 weekOfYear: 2
9.1.2019 0:00:00 weekOfYear: 2
10.1.2019 0:00:00 weekOfYear: 2
11.1.2019 0:00:00 weekOfYear: 2
12.1.2019 0:00:00 weekOfYear: 2
13.1.2019 0:00:00 weekOfYear: 2
14.1.2019 0:00:00 weekOfYear: 3
30.12.2019 0:00:00 weekOfYear: 1
31.12.2019 0:00:00 weekOfYear: 1
1.1.2020 0:00:00 weekOfYear: 1
2.1.2020 0:00:00 weekOfYear: 1
3.1.2020 0:00:00 weekOfYear: 1
4.1.2020 0:00:00 weekOfYear: 1
5.1.2020 0:00:00 weekOfYear: 1
6.1.2020 0:00:00 weekOfYear: 2
7.1.2020 0:00:00 weekOfYear: 2
8.1.2020 0:00:00 weekOfYear: 2
9.1.2020 0:00:00 weekOfYear: 2
10.1.2020 0:00:00 weekOfYear: 2
11.1.2020 0:00:00 weekOfYear: 2
12.1.2020 0:00:00 weekOfYear: 2
13.1.2020 0:00:00 weekOfYear: 3
14.1.2020 0:00:00 weekOfYear: 3
--------5 days in first week---------
30.12.2016 0:00:00 weekOfYear: 52
31.12.2016 0:00:00 weekOfYear: 52
1.1.2017 0:00:00 weekOfYear: 52
2.1.2017 0:00:00 weekOfYear: 1
3.1.2017 0:00:00 weekOfYear: 1
4.1.2017 0:00:00 weekOfYear: 1
5.1.2017 0:00:00 weekOfYear: 1
6.1.2017 0:00:00 weekOfYear: 1
7.1.2017 0:00:00 weekOfYear: 1
8.1.2017 0:00:00 weekOfYear: 1
9.1.2017 0:00:00 weekOfYear: 2
10.1.2017 0:00:00 weekOfYear: 2
11.1.2017 0:00:00 weekOfYear: 2
12.1.2017 0:00:00 weekOfYear: 2
13.1.2017 0:00:00 weekOfYear: 2
14.1.2017 0:00:00 weekOfYear: 2
30.12.2017 0:00:00 weekOfYear: 52
31.12.2017 0:00:00 weekOfYear: 52
1.1.2018 0:00:00 weekOfYear: 1
2.1.2018 0:00:00 weekOfYear: 1
3.1.2018 0:00:00 weekOfYear: 1
4.1.2018 0:00:00 weekOfYear: 1
5.1.2018 0:00:00 weekOfYear: 1
6.1.2018 0:00:00 weekOfYear: 1
7.1.2018 0:00:00 weekOfYear: 1
8.1.2018 0:00:00 weekOfYear: 2
9.1.2018 0:00:00 weekOfYear: 2
10.1.2018 0:00:00 weekOfYear: 2
11.1.2018 0:00:00 weekOfYear: 2
12.1.2018 0:00:00 weekOfYear: 2
13.1.2018 0:00:00 weekOfYear: 2
14.1.2018 0:00:00 weekOfYear: 2
30.12.2018 0:00:00 weekOfYear: 52
31.12.2018 0:00:00 weekOfYear: 1
1.1.2019 0:00:00 weekOfYear: 1
2.1.2019 0:00:00 weekOfYear: 1
3.1.2019 0:00:00 weekOfYear: 1
4.1.2019 0:00:00 weekOfYear: 1
5.1.2019 0:00:00 weekOfYear: 1
6.1.2019 0:00:00 weekOfYear: 1
7.1.2019 0:00:00 weekOfYear: 2
8.1.2019 0:00:00 weekOfYear: 2
9.1.2019 0:00:00 weekOfYear: 2
10.1.2019 0:00:00 weekOfYear: 2
11.1.2019 0:00:00 weekOfYear: 2
12.1.2019 0:00:00 weekOfYear: 2
13.1.2019 0:00:00 weekOfYear: 2
14.1.2019 0:00:00 weekOfYear: 3
30.12.2019 0:00:00 weekOfYear: 1
31.12.2019 0:00:00 weekOfYear: 1
1.1.2020 0:00:00 weekOfYear: 1
2.1.2020 0:00:00 weekOfYear: 1
3.1.2020 0:00:00 weekOfYear: 1
4.1.2020 0:00:00 weekOfYear: 1
5.1.2020 0:00:00 weekOfYear: 1
6.1.2020 0:00:00 weekOfYear: 2
7.1.2020 0:00:00 weekOfYear: 2
8.1.2020 0:00:00 weekOfYear: 2
9.1.2020 0:00:00 weekOfYear: 2
10.1.2020 0:00:00 weekOfYear: 2
11.1.2020 0:00:00 weekOfYear: 2
12.1.2020 0:00:00 weekOfYear: 2
13.1.2020 0:00:00 weekOfYear: 3
14.1.2020 0:00:00 weekOfYear: 3
--------6 days in first week---------
30.12.2016 0:00:00 weekOfYear: 52
31.12.2016 0:00:00 weekOfYear: 52
1.1.2017 0:00:00 weekOfYear: 52
2.1.2017 0:00:00 weekOfYear: 1
3.1.2017 0:00:00 weekOfYear: 1
4.1.2017 0:00:00 weekOfYear: 1
5.1.2017 0:00:00 weekOfYear: 1
6.1.2017 0:00:00 weekOfYear: 1
7.1.2017 0:00:00 weekOfYear: 1
8.1.2017 0:00:00 weekOfYear: 1
9.1.2017 0:00:00 weekOfYear: 2
10.1.2017 0:00:00 weekOfYear: 2
11.1.2017 0:00:00 weekOfYear: 2
12.1.2017 0:00:00 weekOfYear: 2
13.1.2017 0:00:00 weekOfYear: 2
14.1.2017 0:00:00 weekOfYear: 2
30.12.2017 0:00:00 weekOfYear: 52
31.12.2017 0:00:00 weekOfYear: 52
1.1.2018 0:00:00 weekOfYear: 1
2.1.2018 0:00:00 weekOfYear: 1
3.1.2018 0:00:00 weekOfYear: 1
4.1.2018 0:00:00 weekOfYear: 1
5.1.2018 0:00:00 weekOfYear: 1
6.1.2018 0:00:00 weekOfYear: 1
7.1.2018 0:00:00 weekOfYear: 1
8.1.2018 0:00:00 weekOfYear: 2
9.1.2018 0:00:00 weekOfYear: 2
10.1.2018 0:00:00 weekOfYear: 2
11.1.2018 0:00:00 weekOfYear: 2
12.1.2018 0:00:00 weekOfYear: 2
13.1.2018 0:00:00 weekOfYear: 2
14.1.2018 0:00:00 weekOfYear: 2
30.12.2018 0:00:00 weekOfYear: 52
31.12.2018 0:00:00 weekOfYear: 1
1.1.2019 0:00:00 weekOfYear: 1
2.1.2019 0:00:00 weekOfYear: 1
3.1.2019 0:00:00 weekOfYear: 1
4.1.2019 0:00:00 weekOfYear: 1
5.1.2019 0:00:00 weekOfYear: 1
6.1.2019 0:00:00 weekOfYear: 1
7.1.2019 0:00:00 weekOfYear: 2
8.1.2019 0:00:00 weekOfYear: 2
9.1.2019 0:00:00 weekOfYear: 2
10.1.2019 0:00:00 weekOfYear: 2
11.1.2019 0:00:00 weekOfYear: 2
12.1.2019 0:00:00 weekOfYear: 2
13.1.2019 0:00:00 weekOfYear: 2
14.1.2019 0:00:00 weekOfYear: 3
30.12.2019 0:00:00 weekOfYear: 53
31.12.2019 0:00:00 weekOfYear: 53
1.1.2020 0:00:00 weekOfYear: 53
2.1.2020 0:00:00 weekOfYear: 53
3.1.2020 0:00:00 weekOfYear: 53
4.1.2020 0:00:00 weekOfYear: 53
5.1.2020 0:00:00 weekOfYear: 53
6.1.2020 0:00:00 weekOfYear: 1
7.1.2020 0:00:00 weekOfYear: 1
8.1.2020 0:00:00 weekOfYear: 1
9.1.2020 0:00:00 weekOfYear: 1
10.1.2020 0:00:00 weekOfYear: 1
11.1.2020 0:00:00 weekOfYear: 1
12.1.2020 0:00:00 weekOfYear: 1
13.1.2020 0:00:00 weekOfYear: 2
14.1.2020 0:00:00 weekOfYear: 2
--------7 days in first week---------
30.12.2016 0:00:00 weekOfYear: 52
31.12.2016 0:00:00 weekOfYear: 52
1.1.2017 0:00:00 weekOfYear: 52
2.1.2017 0:00:00 weekOfYear: 1
3.1.2017 0:00:00 weekOfYear: 1
4.1.2017 0:00:00 weekOfYear: 1
5.1.2017 0:00:00 weekOfYear: 1
6.1.2017 0:00:00 weekOfYear: 1
7.1.2017 0:00:00 weekOfYear: 1
8.1.2017 0:00:00 weekOfYear: 1
9.1.2017 0:00:00 weekOfYear: 2
10.1.2017 0:00:00 weekOfYear: 2
11.1.2017 0:00:00 weekOfYear: 2
12.1.2017 0:00:00 weekOfYear: 2
13.1.2017 0:00:00 weekOfYear: 2
14.1.2017 0:00:00 weekOfYear: 2
30.12.2017 0:00:00 weekOfYear: 52
31.12.2017 0:00:00 weekOfYear: 52
1.1.2018 0:00:00 weekOfYear: 1
2.1.2018 0:00:00 weekOfYear: 1
3.1.2018 0:00:00 weekOfYear: 1
4.1.2018 0:00:00 weekOfYear: 1
5.1.2018 0:00:00 weekOfYear: 1
6.1.2018 0:00:00 weekOfYear: 1
7.1.2018 0:00:00 weekOfYear: 1
8.1.2018 0:00:00 weekOfYear: 2
9.1.2018 0:00:00 weekOfYear: 2
10.1.2018 0:00:00 weekOfYear: 2
11.1.2018 0:00:00 weekOfYear: 2
12.1.2018 0:00:00 weekOfYear: 2
13.1.2018 0:00:00 weekOfYear: 2
14.1.2018 0:00:00 weekOfYear: 2
30.12.2018 0:00:00 weekOfYear: 52
31.12.2018 0:00:00 weekOfYear: 53
1.1.2019 0:00:00 weekOfYear: 53
2.1.2019 0:00:00 weekOfYear: 53
3.1.2019 0:00:00 weekOfYear: 53
4.1.2019 0:00:00 weekOfYear: 53
5.1.2019 0:00:00 weekOfYear: 53
6.1.2019 0:00:00 weekOfYear: 53
7.1.2019 0:00:00 weekOfYear: 1
8.1.2019 0:00:00 weekOfYear: 1
9.1.2019 0:00:00 weekOfYear: 1
10.1.2019 0:00:00 weekOfYear: 1
11.1.2019 0:00:00 weekOfYear: 1
12.1.2019 0:00:00 weekOfYear: 1
13.1.2019 0:00:00 weekOfYear: 1
14.1.2019 0:00:00 weekOfYear: 2
30.12.2019 0:00:00 weekOfYear: 52
31.12.2019 0:00:00 weekOfYear: 52
1.1.2020 0:00:00 weekOfYear: 52
2.1.2020 0:00:00 weekOfYear: 52
3.1.2020 0:00:00 weekOfYear: 52
4.1.2020 0:00:00 weekOfYear: 52
5.1.2020 0:00:00 weekOfYear: 52
6.1.2020 0:00:00 weekOfYear: 1
7.1.2020 0:00:00 weekOfYear: 1
8.1.2020 0:00:00 weekOfYear: 1
9.1.2020 0:00:00 weekOfYear: 1
10.1.2020 0:00:00 weekOfYear: 1
11.1.2020 0:00:00 weekOfYear: 1
12.1.2020 0:00:00 weekOfYear: 1
13.1.2020 0:00:00 weekOfYear: 2
14.1.2020 0:00:00 weekOfYear: 2
