--------1 days in first week---------
30.12.2016 0:00:00 weekOfMonth: 5
31.12.2016 0:00:00 weekOfMonth: 5
1.1.2017 0:00:00 weekOfMonth: 1
2.1.2017 0:00:00 weekOfMonth: 2
3.1.2017 0:00:00 weekOfMonth: 2
4.1.2017 0:00:00 weekOfMonth: 2
5.1.2017 0:00:00 weekOfMonth: 2
6.1.2017 0:00:00 weekOfMonth: 2
7.1.2017 0:00:00 weekOfMonth: 2
8.1.2017 0:00:00 weekOfMonth: 2
9.1.2017 0:00:00 weekOfMonth: 3
10.1.2017 0:00:00 weekOfMonth: 3
11.1.2017 0:00:00 weekOfMonth: 3
12.1.2017 0:00:00 weekOfMonth: 3
13.1.2017 0:00:00 weekOfMonth: 3
14.1.2017 0:00:00 weekOfMonth: 3
30.12.2017 0:00:00 weekOfMonth: 5
31.12.2017 0:00:00 weekOfMonth: 5
1.1.2018 0:00:00 weekOfMonth: 1
2.1.2018 0:00:00 weekOfMonth: 1
3.1.2018 0:00:00 weekOfMonth: 1
4.1.2018 0:00:00 weekOfMonth: 1
5.1.2018 0:00:00 weekOfMonth: 1
6.1.2018 0:00:00 weekOfMonth: 1
7.1.2018 0:00:00 weekOfMonth: 1
8.1.2018 0:00:00 weekOfMonth: 2
9.1.2018 0:00:00 weekOfMonth: 2
10.1.2018 0:00:00 weekOfMonth: 2
11.1.2018 0:00:00 weekOfMonth: 2
12.1.2018 0:00:00 weekOfMonth: 2
13.1.2018 0:00:00 weekOfMonth: 2
14.1.2018 0:00:00 weekOfMonth: 2
30.12.2018 0:00:00 weekOfMonth: 5
31.12.2018 0:00:00 weekOfMonth: 6
1.1.2019 0:00:00 weekOfMonth: 1
2.1.2019 0:00:00 weekOfMonth: 1
3.1.2019 0:00:00 weekOfMonth: 1
4.1.2019 0:00:00 weekOfMonth: 1
5.1.2019 0:00:00 weekOfMonth: 1
6.1.2019 0:00:00 weekOfMonth: 1
7.1.2019 0:00:00 weekOfMonth: 2
8.1.2019 0:00:00 weekOfMonth: 2
9.1.2019 0:00:00 weekOfMonth: 2
10.1.2019 0:00:00 weekOfMonth: 2
11.1.2019 0:00:00 weekOfMonth: 2
12.1.2019 0:00:00 weekOfMonth: 2
13.1.2019 0:00:00 weekOfMonth: 2
14.1.2019 0:00:00 weekOfMonth: 3
30.12.2019 0:00:00 weekOfMonth: 6
31.12.2019 0:00:00 weekOfMonth: 6
1.1.2020 0:00:00 weekOfMonth: 1
2.1.2020 0:00:00 weekOfMonth: 1
3.1.2020 0:00:00 weekOfMonth: 1
4.1.2020 0:00:00 weekOfMonth: 1
5.1.2020 0:00:00 weekOfMonth: 1
6.1.2020 0:00:00 weekOfMonth: 2
7.1.2020 0:00:00 weekOfMonth: 2
8.1.2020 0:00:00 weekOfMonth: 2
9.1.2020 0:00:00 weekOfMonth: 2
10.1.2020 0:00:00 weekOfMonth: 2
11.1.2020 0:00:00 weekOfMonth: 2
12.1.2020 0:00:00 weekOfMonth: 2
13.1.2020 0:00:00 weekOfMonth: 3
14.1.2020 0:00:00 weekOfMonth: 3
--------4 days in first week---------
30.12.2016 0:00:00 weekOfMonth: 5
31.12.2016 0:00:00 weekOfMonth: 5
1.1.2017 0:00:00 weekOfMonth: 1
2.1.2017 0:00:00 weekOfMonth: 2
3.1.2017 0:00:00 weekOfMonth: 2
4.1.2017 0:00:00 weekOfMonth: 2
5.1.2017 0:00:00 weekOfMonth: 2
6.1.2017 0:00:00 weekOfMonth: 2
7.1.2017 0:00:00 weekOfMonth: 2
8.1.2017 0:00:00 weekOfMonth: 2
9.1.2017 0:00:00 weekOfMonth: 3
10.1.2017 0:00:00 weekOfMonth: 3
11.1.2017 0:00:00 weekOfMonth: 3
12.1.2017 0:00:00 weekOfMonth: 3
13.1.2017 0:00:00 weekOfMonth: 3
14.1.2017 0:00:00 weekOfMonth: 3
30.12.2017 0:00:00 weekOfMonth: 5
31.12.2017 0:00:00 weekOfMonth: 5
1.1.2018 0:00:00 weekOfMonth: 1
2.1.2018 0:00:00 weekOfMonth: 1
3.1.2018 0:00:00 weekOfMonth: 1
4.1.2018 0:00:00 weekOfMonth: 1
5.1.2018 0:00:00 weekOfMonth: 1
6.1.2018 0:00:00 weekOfMonth: 1
7.1.2018 0:00:00 weekOfMonth: 1
8.1.2018 0:00:00 weekOfMonth: 2
9.1.2018 0:00:00 weekOfMonth: 2
10.1.2018 0:00:00 weekOfMonth: 2
11.1.2018 0:00:00 weekOfMonth: 2
12.1.2018 0:00:00 weekOfMonth: 2
13.1.2018 0:00:00 weekOfMonth: 2
14.1.2018 0:00:00 weekOfMonth: 2
30.12.2018 0:00:00 weekOfMonth: 5
31.12.2018 0:00:00 weekOfMonth: 6
1.1.2019 0:00:00 weekOfMonth: 1
2.1.2019 0:00:00 weekOfMonth: 1
3.1.2019 0:00:00 weekOfMonth: 1
4.1.2019 0:00:00 weekOfMonth: 1
5.1.2019 0:00:00 weekOfMonth: 1
6.1.2019 0:00:00 weekOfMonth: 1
7.1.2019 0:00:00 weekOfMonth: 2
8.1.2019 0:00:00 weekOfMonth: 2
9.1.2019 0:00:00 weekOfMonth: 2
10.1.2019 0:00:00 weekOfMonth: 2
11.1.2019 0:00:00 weekOfMonth: 2
12.1.2019 0:00:00 weekOfMonth: 2
13.1.2019 0:00:00 weekOfMonth: 2
14.1.2019 0:00:00 weekOfMonth: 3
30.12.2019 0:00:00 weekOfMonth: 6
31.12.2019 0:00:00 weekOfMonth: 6
1.1.2020 0:00:00 weekOfMonth: 1
2.1.2020 0:00:00 weekOfMonth: 1
3.1.2020 0:00:00 weekOfMonth: 1
4.1.2020 0:00:00 weekOfMonth: 1
5.1.2020 0:00:00 weekOfMonth: 1
6.1.2020 0:00:00 weekOfMonth: 2
7.1.2020 0:00:00 weekOfMonth: 2
8.1.2020 0:00:00 weekOfMonth: 2
9.1.2020 0:00:00 weekOfMonth: 2
10.1.2020 0:00:00 weekOfMonth: 2
11.1.2020 0:00:00 weekOfMonth: 2
12.1.2020 0:00:00 weekOfMonth: 2
13.1.2020 0:00:00 weekOfMonth: 3
14.1.2020 0:00:00 weekOfMonth: 3
--------7 days in first week---------
30.12.2016 0:00:00 weekOfMonth: 5
31.12.2016 0:00:00 weekOfMonth: 5
1.1.2017 0:00:00 weekOfMonth: 1
2.1.2017 0:00:00 weekOfMonth: 2
3.1.2017 0:00:00 weekOfMonth: 2
4.1.2017 0:00:00 weekOfMonth: 2
5.1.2017 0:00:00 weekOfMonth: 2
6.1.2017 0:00:00 weekOfMonth: 2
7.1.2017 0:00:00 weekOfMonth: 2
8.1.2017 0:00:00 weekOfMonth: 2
9.1.2017 0:00:00 weekOfMonth: 3
10.1.2017 0:00:00 weekOfMonth: 3
11.1.2017 0:00:00 weekOfMonth: 3
12.1.2017 0:00:00 weekOfMonth: 3
13.1.2017 0:00:00 weekOfMonth: 3
14.1.2017 0:00:00 weekOfMonth: 3
30.12.2017 0:00:00 weekOfMonth: 5
31.12.2017 0:00:00 weekOfMonth: 5
1.1.2018 0:00:00 weekOfMonth: 1
2.1.2018 0:00:00 weekOfMonth: 1
3.1.2018 0:00:00 weekOfMonth: 1
4.1.2018 0:00:00 weekOfMonth: 1
5.1.2018 0:00:00 weekOfMonth: 1
6.1.2018 0:00:00 weekOfMonth: 1
7.1.2018 0:00:00 weekOfMonth: 1
8.1.2018 0:00:00 weekOfMonth: 2
9.1.2018 0:00:00 weekOfMonth: 2
10.1.2018 0:00:00 weekOfMonth: 2
11.1.2018 0:00:00 weekOfMonth: 2
12.1.2018 0:00:00 weekOfMonth: 2
13.1.2018 0:00:00 weekOfMonth: 2
14.1.2018 0:00:00 weekOfMonth: 2
30.12.2018 0:00:00 weekOfMonth: 5
31.12.2018 0:00:00 weekOfMonth: 6
1.1.2019 0:00:00 weekOfMonth: 1
2.1.2019 0:00:00 weekOfMonth: 1
3.1.2019 0:00:00 weekOfMonth: 1
4.1.2019 0:00:00 weekOfMonth: 1
5.1.2019 0:00:00 weekOfMonth: 1
6.1.2019 0:00:00 weekOfMonth: 1
7.1.2019 0:00:00 weekOfMonth: 2
8.1.2019 0:00:00 weekOfMonth: 2
9.1.2019 0:00:00 weekOfMonth: 2
10.1.2019 0:00:00 weekOfMonth: 2
11.1.2019 0:00:00 weekOfMonth: 2
12.1.2019 0:00:00 weekOfMonth: 2
13.1.2019 0:00:00 weekOfMonth: 2
14.1.2019 0:00:00 weekOfMonth: 3
30.12.2019 0:00:00 weekOfMonth: 6
31.12.2019 0:00:00 weekOfMonth: 6
1.1.2020 0:00:00 weekOfMonth: 1
2.1.2020 0:00:00 weekOfMonth: 1
3.1.2020 0:00:00 weekOfMonth: 1
4.1.2020 0:00:00 weekOfMonth: 1
5.1.2020 0:00:00 weekOfMonth: 1
6.1.2020 0:00:00 weekOfMonth: 2
7.1.2020 0:00:00 weekOfMonth: 2
8.1.2020 0:00:00 weekOfMonth: 2
9.1.2020 0:00:00 weekOfMonth: 2
10.1.2020 0:00:00 weekOfMonth: 2
11.1.2020 0:00:00 weekOfMonth: 2
12.1.2020 0:00:00 weekOfMonth: 2
13.1.2020 0:00:00 weekOfMonth: 3
14.1.2020 0:00:00 weekOfMonth: 3
