4.10.1582 = 577724
5.10.1582 = 577725
15.10.1582 = 577735
1.1.1582 = 577448
1.1.1 = 0
