4.10.1582 = 577736
5.10.1582 = 577737
15.10.1582 = 577747
1.1.1582 = 577460
1.1.1 = 0
