1: +365 = 365
2: +365 = 730
3: +365 = 1095
4: +366 = 1461
5: +365 = 1826
6: +365 = 2191
7: +365 = 2556
8: +366 = 2922
9: +365 = 3287
10: +365 = 3652
11: +365 = 4017
12: +366 = 4383
13: +365 = 4748
14: +365 = 5113
15: +365 = 5478
16: +366 = 5844
17: +365 = 6209
18: +365 = 6574
19: +365 = 6939
20: +366 = 7305
21: +365 = 7670
22: +365 = 8035
23: +365 = 8400
24: +366 = 8766
25: +365 = 9131
26: +365 = 9496
27: +365 = 9861
28: +366 = 10227
29: +365 = 10592
30: +365 = 10957
31: +365 = 11322
32: +366 = 11688
33: +365 = 12053
34: +365 = 12418
35: +365 = 12783
36: +366 = 13149
37: +365 = 13514
38: +365 = 13879
39: +365 = 14244
40: +366 = 14610
41: +365 = 14975
42: +365 = 15340
43: +365 = 15705
44: +366 = 16071
45: +365 = 16436
46: +365 = 16801
47: +365 = 17166
48: +366 = 17532
49: +365 = 17897
50: +365 = 18262
51: +365 = 18627
52: +366 = 18993
53: +365 = 19358
54: +365 = 19723
55: +365 = 20088
56: +366 = 20454
57: +365 = 20819
58: +365 = 21184
59: +365 = 21549
60: +366 = 21915
61: +365 = 22280
62: +365 = 22645
63: +365 = 23010
64: +366 = 23376
65: +365 = 23741
66: +365 = 24106
67: +365 = 24471
68: +366 = 24837
69: +365 = 25202
70: +365 = 25567
71: +365 = 25932
72: +366 = 26298
73: +365 = 26663
74: +365 = 27028
75: +365 = 27393
76: +366 = 27759
77: +365 = 28124
78: +365 = 28489
79: +365 = 28854
80: +366 = 29220
81: +365 = 29585
82: +365 = 29950
83: +365 = 30315
84: +366 = 30681
85: +365 = 31046
86: +365 = 31411
87: +365 = 31776
88: +366 = 32142
89: +365 = 32507
90: +365 = 32872
91: +365 = 33237
92: +366 = 33603
93: +365 = 33968
94: +365 = 34333
95: +365 = 34698
96: +366 = 35064
97: +365 = 35429
98: +365 = 35794
99: +365 = 36159
100: +365 = 36524
101: +365 = 36889
102: +365 = 37254
103: +365 = 37619
104: +366 = 37985
105: +365 = 38350
106: +365 = 38715
107: +365 = 39080
108: +366 = 39446
109: +365 = 39811
110: +365 = 40176
111: +365 = 40541
112: +366 = 40907
113: +365 = 41272
114: +365 = 41637
115: +365 = 42002
116: +366 = 42368
117: +365 = 42733
118: +365 = 43098
119: +365 = 43463
120: +366 = 43829
121: +365 = 44194
122: +365 = 44559
123: +365 = 44924
124: +366 = 45290
125: +365 = 45655
126: +365 = 46020
127: +365 = 46385
128: +366 = 46751
129: +365 = 47116
130: +365 = 47481
131: +365 = 47846
132: +366 = 48212
133: +365 = 48577
134: +365 = 48942
135: +365 = 49307
136: +366 = 49673
137: +365 = 50038
138: +365 = 50403
139: +365 = 50768
140: +366 = 51134
141: +365 = 51499
142: +365 = 51864
143: +365 = 52229
144: +366 = 52595
145: +365 = 52960
146: +365 = 53325
147: +365 = 53690
148: +366 = 54056
149: +365 = 54421
150: +365 = 54786
151: +365 = 55151
152: +366 = 55517
153: +365 = 55882
154: +365 = 56247
155: +365 = 56612
156: +366 = 56978
157: +365 = 57343
158: +365 = 57708
159: +365 = 58073
160: +366 = 58439
161: +365 = 58804
162: +365 = 59169
163: +365 = 59534
164: +366 = 59900
165: +365 = 60265
166: +365 = 60630
167: +365 = 60995
168: +366 = 61361
169: +365 = 61726
170: +365 = 62091
171: +365 = 62456
172: +366 = 62822
173: +365 = 63187
174: +365 = 63552
175: +365 = 63917
176: +366 = 64283
177: +365 = 64648
178: +365 = 65013
179: +365 = 65378
180: +366 = 65744
181: +365 = 66109
182: +365 = 66474
183: +365 = 66839
184: +366 = 67205
185: +365 = 67570
186: +365 = 67935
187: +365 = 68300
188: +366 = 68666
189: +365 = 69031
190: +365 = 69396
191: +365 = 69761
192: +366 = 70127
193: +365 = 70492
194: +365 = 70857
195: +365 = 71222
196: +366 = 71588
197: +365 = 71953
198: +365 = 72318
199: +365 = 72683
200: +365 = 73048
201: +365 = 73413
202: +365 = 73778
203: +365 = 74143
204: +366 = 74509
205: +365 = 74874
206: +365 = 75239
207: +365 = 75604
208: +366 = 75970
209: +365 = 76335
210: +365 = 76700
211: +365 = 77065
212: +366 = 77431
213: +365 = 77796
214: +365 = 78161
215: +365 = 78526
216: +366 = 78892
217: +365 = 79257
218: +365 = 79622
219: +365 = 79987
220: +366 = 80353
221: +365 = 80718
222: +365 = 81083
223: +365 = 81448
224: +366 = 81814
225: +365 = 82179
226: +365 = 82544
227: +365 = 82909
228: +366 = 83275
229: +365 = 83640
230: +365 = 84005
231: +365 = 84370
232: +366 = 84736
233: +365 = 85101
234: +365 = 85466
235: +365 = 85831
236: +366 = 86197
237: +365 = 86562
238: +365 = 86927
239: +365 = 87292
240: +366 = 87658
241: +365 = 88023
242: +365 = 88388
243: +365 = 88753
244: +366 = 89119
245: +365 = 89484
246: +365 = 89849
247: +365 = 90214
248: +366 = 90580
249: +365 = 90945
250: +365 = 91310
251: +365 = 91675
252: +366 = 92041
253: +365 = 92406
254: +365 = 92771
255: +365 = 93136
256: +366 = 93502
257: +365 = 93867
258: +365 = 94232
259: +365 = 94597
260: +366 = 94963
261: +365 = 95328
262: +365 = 95693
263: +365 = 96058
264: +366 = 96424
265: +365 = 96789
266: +365 = 97154
267: +365 = 97519
268: +366 = 97885
269: +365 = 98250
270: +365 = 98615
271: +365 = 98980
272: +366 = 99346
273: +365 = 99711
274: +365 = 100076
275: +365 = 100441
276: +366 = 100807
277: +365 = 101172
278: +365 = 101537
279: +365 = 101902
280: +366 = 102268
281: +365 = 102633
282: +365 = 102998
283: +365 = 103363
284: +366 = 103729
285: +365 = 104094
286: +365 = 104459
287: +365 = 104824
288: +366 = 105190
289: +365 = 105555
290: +365 = 105920
291: +365 = 106285
292: +366 = 106651
293: +365 = 107016
294: +365 = 107381
295: +365 = 107746
296: +366 = 108112
297: +365 = 108477
298: +365 = 108842
299: +365 = 109207
300: +365 = 109572
301: +365 = 109937
302: +365 = 110302
303: +365 = 110667
304: +366 = 111033
305: +365 = 111398
306: +365 = 111763
307: +365 = 112128
308: +366 = 112494
309: +365 = 112859
310: +365 = 113224
311: +365 = 113589
312: +366 = 113955
313: +365 = 114320
314: +365 = 114685
315: +365 = 115050
316: +366 = 115416
317: +365 = 115781
318: +365 = 116146
319: +365 = 116511
320: +366 = 116877
321: +365 = 117242
322: +365 = 117607
323: +365 = 117972
324: +366 = 118338
325: +365 = 118703
326: +365 = 119068
327: +365 = 119433
328: +366 = 119799
329: +365 = 120164
330: +365 = 120529
331: +365 = 120894
332: +366 = 121260
333: +365 = 121625
334: +365 = 121990
335: +365 = 122355
336: +366 = 122721
337: +365 = 123086
338: +365 = 123451
339: +365 = 123816
340: +366 = 124182
341: +365 = 124547
342: +365 = 124912
343: +365 = 125277
344: +366 = 125643
345: +365 = 126008
346: +365 = 126373
347: +365 = 126738
348: +366 = 127104
349: +365 = 127469
350: +365 = 127834
351: +365 = 128199
352: +366 = 128565
353: +365 = 128930
354: +365 = 129295
355: +365 = 129660
356: +366 = 130026
357: +365 = 130391
358: +365 = 130756
359: +365 = 131121
360: +366 = 131487
361: +365 = 131852
362: +365 = 132217
363: +365 = 132582
364: +366 = 132948
365: +365 = 133313
366: +365 = 133678
367: +365 = 134043
368: +366 = 134409
369: +365 = 134774
370: +365 = 135139
371: +365 = 135504
372: +366 = 135870
373: +365 = 136235
374: +365 = 136600
375: +365 = 136965
376: +366 = 137331
377: +365 = 137696
378: +365 = 138061
379: +365 = 138426
380: +366 = 138792
381: +365 = 139157
382: +365 = 139522
383: +365 = 139887
384: +366 = 140253
385: +365 = 140618
386: +365 = 140983
387: +365 = 141348
388: +366 = 141714
389: +365 = 142079
390: +365 = 142444
391: +365 = 142809
392: +366 = 143175
393: +365 = 143540
394: +365 = 143905
395: +365 = 144270
396: +366 = 144636
397: +365 = 145001
398: +365 = 145366
399: +365 = 145731
400: +366 = 146097
401: +365 = 146462
402: +365 = 146827
403: +365 = 147192
404: +366 = 147558
405: +365 = 147923
406: +365 = 148288
407: +365 = 148653
408: +366 = 149019
409: +365 = 149384
410: +365 = 149749
411: +365 = 150114
412: +366 = 150480
413: +365 = 150845
414: +365 = 151210
415: +365 = 151575
416: +366 = 151941
417: +365 = 152306
418: +365 = 152671
419: +365 = 153036
420: +366 = 153402
421: +365 = 153767
422: +365 = 154132
423: +365 = 154497
424: +366 = 154863
425: +365 = 155228
426: +365 = 155593
427: +365 = 155958
428: +366 = 156324
429: +365 = 156689
430: +365 = 157054
431: +365 = 157419
432: +366 = 157785
433: +365 = 158150
434: +365 = 158515
435: +365 = 158880
436: +366 = 159246
437: +365 = 159611
438: +365 = 159976
439: +365 = 160341
440: +366 = 160707
441: +365 = 161072
442: +365 = 161437
443: +365 = 161802
444: +366 = 162168
445: +365 = 162533
446: +365 = 162898
447: +365 = 163263
448: +366 = 163629
449: +365 = 163994
450: +365 = 164359
451: +365 = 164724
452: +366 = 165090
453: +365 = 165455
454: +365 = 165820
455: +365 = 166185
456: +366 = 166551
457: +365 = 166916
458: +365 = 167281
459: +365 = 167646
460: +366 = 168012
461: +365 = 168377
462: +365 = 168742
463: +365 = 169107
464: +366 = 169473
465: +365 = 169838
466: +365 = 170203
467: +365 = 170568
468: +366 = 170934
469: +365 = 171299
470: +365 = 171664
471: +365 = 172029
472: +366 = 172395
473: +365 = 172760
474: +365 = 173125
475: +365 = 173490
476: +366 = 173856
477: +365 = 174221
478: +365 = 174586
479: +365 = 174951
480: +366 = 175317
481: +365 = 175682
482: +365 = 176047
483: +365 = 176412
484: +366 = 176778
485: +365 = 177143
486: +365 = 177508
487: +365 = 177873
488: +366 = 178239
489: +365 = 178604
490: +365 = 178969
491: +365 = 179334
492: +366 = 179700
493: +365 = 180065
494: +365 = 180430
495: +365 = 180795
496: +366 = 181161
497: +365 = 181526
498: +365 = 181891
499: +365 = 182256
500: +365 = 182621
501: +365 = 182986
502: +365 = 183351
503: +365 = 183716
504: +366 = 184082
505: +365 = 184447
506: +365 = 184812
507: +365 = 185177
508: +366 = 185543
509: +365 = 185908
510: +365 = 186273
511: +365 = 186638
512: +366 = 187004
513: +365 = 187369
514: +365 = 187734
515: +365 = 188099
516: +366 = 188465
517: +365 = 188830
518: +365 = 189195
519: +365 = 189560
520: +366 = 189926
521: +365 = 190291
522: +365 = 190656
523: +365 = 191021
524: +366 = 191387
525: +365 = 191752
526: +365 = 192117
527: +365 = 192482
528: +366 = 192848
529: +365 = 193213
530: +365 = 193578
531: +365 = 193943
532: +366 = 194309
533: +365 = 194674
534: +365 = 195039
535: +365 = 195404
536: +366 = 195770
537: +365 = 196135
538: +365 = 196500
539: +365 = 196865
540: +366 = 197231
541: +365 = 197596
542: +365 = 197961
543: +365 = 198326
544: +366 = 198692
545: +365 = 199057
546: +365 = 199422
547: +365 = 199787
548: +366 = 200153
549: +365 = 200518
550: +365 = 200883
551: +365 = 201248
552: +366 = 201614
553: +365 = 201979
554: +365 = 202344
555: +365 = 202709
556: +366 = 203075
557: +365 = 203440
558: +365 = 203805
559: +365 = 204170
560: +366 = 204536
561: +365 = 204901
562: +365 = 205266
563: +365 = 205631
564: +366 = 205997
565: +365 = 206362
566: +365 = 206727
567: +365 = 207092
568: +366 = 207458
569: +365 = 207823
570: +365 = 208188
571: +365 = 208553
572: +366 = 208919
573: +365 = 209284
574: +365 = 209649
575: +365 = 210014
576: +366 = 210380
577: +365 = 210745
578: +365 = 211110
579: +365 = 211475
580: +366 = 211841
581: +365 = 212206
582: +365 = 212571
583: +365 = 212936
584: +366 = 213302
585: +365 = 213667
586: +365 = 214032
587: +365 = 214397
588: +366 = 214763
589: +365 = 215128
590: +365 = 215493
591: +365 = 215858
592: +366 = 216224
593: +365 = 216589
594: +365 = 216954
595: +365 = 217319
596: +366 = 217685
597: +365 = 218050
598: +365 = 218415
599: +365 = 218780
600: +365 = 219145
601: +365 = 219510
602: +365 = 219875
603: +365 = 220240
604: +366 = 220606
605: +365 = 220971
606: +365 = 221336
607: +365 = 221701
608: +366 = 222067
609: +365 = 222432
610: +365 = 222797
611: +365 = 223162
612: +366 = 223528
613: +365 = 223893
614: +365 = 224258
615: +365 = 224623
616: +366 = 224989
617: +365 = 225354
618: +365 = 225719
619: +365 = 226084
620: +366 = 226450
621: +365 = 226815
622: +365 = 227180
623: +365 = 227545
624: +366 = 227911
625: +365 = 228276
626: +365 = 228641
627: +365 = 229006
628: +366 = 229372
629: +365 = 229737
630: +365 = 230102
631: +365 = 230467
632: +366 = 230833
633: +365 = 231198
634: +365 = 231563
635: +365 = 231928
636: +366 = 232294
637: +365 = 232659
638: +365 = 233024
639: +365 = 233389
640: +366 = 233755
641: +365 = 234120
642: +365 = 234485
643: +365 = 234850
644: +366 = 235216
645: +365 = 235581
646: +365 = 235946
647: +365 = 236311
648: +366 = 236677
649: +365 = 237042
650: +365 = 237407
651: +365 = 237772
652: +366 = 238138
653: +365 = 238503
654: +365 = 238868
655: +365 = 239233
656: +366 = 239599
657: +365 = 239964
658: +365 = 240329
659: +365 = 240694
660: +366 = 241060
661: +365 = 241425
662: +365 = 241790
663: +365 = 242155
664: +366 = 242521
665: +365 = 242886
666: +365 = 243251
667: +365 = 243616
668: +366 = 243982
669: +365 = 244347
670: +365 = 244712
671: +365 = 245077
672: +366 = 245443
673: +365 = 245808
674: +365 = 246173
675: +365 = 246538
676: +366 = 246904
677: +365 = 247269
678: +365 = 247634
679: +365 = 247999
680: +366 = 248365
681: +365 = 248730
682: +365 = 249095
683: +365 = 249460
684: +366 = 249826
685: +365 = 250191
686: +365 = 250556
687: +365 = 250921
688: +366 = 251287
689: +365 = 251652
690: +365 = 252017
691: +365 = 252382
692: +366 = 252748
693: +365 = 253113
694: +365 = 253478
695: +365 = 253843
696: +366 = 254209
697: +365 = 254574
698: +365 = 254939
699: +365 = 255304
700: +365 = 255669
701: +365 = 256034
702: +365 = 256399
703: +365 = 256764
704: +366 = 257130
705: +365 = 257495
706: +365 = 257860
707: +365 = 258225
708: +366 = 258591
709: +365 = 258956
710: +365 = 259321
711: +365 = 259686
712: +366 = 260052
713: +365 = 260417
714: +365 = 260782
715: +365 = 261147
716: +366 = 261513
717: +365 = 261878
718: +365 = 262243
719: +365 = 262608
720: +366 = 262974
721: +365 = 263339
722: +365 = 263704
723: +365 = 264069
724: +366 = 264435
725: +365 = 264800
726: +365 = 265165
727: +365 = 265530
728: +366 = 265896
729: +365 = 266261
730: +365 = 266626
731: +365 = 266991
732: +366 = 267357
733: +365 = 267722
734: +365 = 268087
735: +365 = 268452
736: +366 = 268818
737: +365 = 269183
738: +365 = 269548
739: +365 = 269913
740: +366 = 270279
741: +365 = 270644
742: +365 = 271009
743: +365 = 271374
744: +366 = 271740
745: +365 = 272105
746: +365 = 272470
747: +365 = 272835
748: +366 = 273201
749: +365 = 273566
750: +365 = 273931
751: +365 = 274296
752: +366 = 274662
753: +365 = 275027
754: +365 = 275392
755: +365 = 275757
756: +366 = 276123
757: +365 = 276488
758: +365 = 276853
759: +365 = 277218
760: +366 = 277584
761: +365 = 277949
762: +365 = 278314
763: +365 = 278679
764: +366 = 279045
765: +365 = 279410
766: +365 = 279775
767: +365 = 280140
768: +366 = 280506
769: +365 = 280871
770: +365 = 281236
771: +365 = 281601
772: +366 = 281967
773: +365 = 282332
774: +365 = 282697
775: +365 = 283062
776: +366 = 283428
777: +365 = 283793
778: +365 = 284158
779: +365 = 284523
780: +366 = 284889
781: +365 = 285254
782: +365 = 285619
783: +365 = 285984
784: +366 = 286350
785: +365 = 286715
786: +365 = 287080
787: +365 = 287445
788: +366 = 287811
789: +365 = 288176
790: +365 = 288541
791: +365 = 288906
792: +366 = 289272
793: +365 = 289637
794: +365 = 290002
795: +365 = 290367
796: +366 = 290733
797: +365 = 291098
798: +365 = 291463
799: +365 = 291828
800: +366 = 292194
801: +365 = 292559
802: +365 = 292924
803: +365 = 293289
804: +366 = 293655
805: +365 = 294020
806: +365 = 294385
807: +365 = 294750
808: +366 = 295116
809: +365 = 295481
810: +365 = 295846
811: +365 = 296211
812: +366 = 296577
813: +365 = 296942
814: +365 = 297307
815: +365 = 297672
816: +366 = 298038
817: +365 = 298403
818: +365 = 298768
819: +365 = 299133
820: +366 = 299499
821: +365 = 299864
822: +365 = 300229
823: +365 = 300594
824: +366 = 300960
825: +365 = 301325
826: +365 = 301690
827: +365 = 302055
828: +366 = 302421
829: +365 = 302786
830: +365 = 303151
831: +365 = 303516
832: +366 = 303882
833: +365 = 304247
834: +365 = 304612
835: +365 = 304977
836: +366 = 305343
837: +365 = 305708
838: +365 = 306073
839: +365 = 306438
840: +366 = 306804
841: +365 = 307169
842: +365 = 307534
843: +365 = 307899
844: +366 = 308265
845: +365 = 308630
846: +365 = 308995
847: +365 = 309360
848: +366 = 309726
849: +365 = 310091
850: +365 = 310456
851: +365 = 310821
852: +366 = 311187
853: +365 = 311552
854: +365 = 311917
855: +365 = 312282
856: +366 = 312648
857: +365 = 313013
858: +365 = 313378
859: +365 = 313743
860: +366 = 314109
861: +365 = 314474
862: +365 = 314839
863: +365 = 315204
864: +366 = 315570
865: +365 = 315935
866: +365 = 316300
867: +365 = 316665
868: +366 = 317031
869: +365 = 317396
870: +365 = 317761
871: +365 = 318126
872: +366 = 318492
873: +365 = 318857
874: +365 = 319222
875: +365 = 319587
876: +366 = 319953
877: +365 = 320318
878: +365 = 320683
879: +365 = 321048
880: +366 = 321414
881: +365 = 321779
882: +365 = 322144
883: +365 = 322509
884: +366 = 322875
885: +365 = 323240
886: +365 = 323605
887: +365 = 323970
888: +366 = 324336
889: +365 = 324701
890: +365 = 325066
891: +365 = 325431
892: +366 = 325797
893: +365 = 326162
894: +365 = 326527
895: +365 = 326892
896: +366 = 327258
897: +365 = 327623
898: +365 = 327988
899: +365 = 328353
900: +365 = 328718
901: +365 = 329083
902: +365 = 329448
903: +365 = 329813
904: +366 = 330179
905: +365 = 330544
906: +365 = 330909
907: +365 = 331274
908: +366 = 331640
909: +365 = 332005
910: +365 = 332370
911: +365 = 332735
912: +366 = 333101
913: +365 = 333466
914: +365 = 333831
915: +365 = 334196
916: +366 = 334562
917: +365 = 334927
918: +365 = 335292
919: +365 = 335657
920: +366 = 336023
921: +365 = 336388
922: +365 = 336753
923: +365 = 337118
924: +366 = 337484
925: +365 = 337849
926: +365 = 338214
927: +365 = 338579
928: +366 = 338945
929: +365 = 339310
930: +365 = 339675
931: +365 = 340040
932: +366 = 340406
933: +365 = 340771
934: +365 = 341136
935: +365 = 341501
936: +366 = 341867
937: +365 = 342232
938: +365 = 342597
939: +365 = 342962
940: +366 = 343328
941: +365 = 343693
942: +365 = 344058
943: +365 = 344423
944: +366 = 344789
945: +365 = 345154
946: +365 = 345519
947: +365 = 345884
948: +366 = 346250
949: +365 = 346615
950: +365 = 346980
951: +365 = 347345
952: +366 = 347711
953: +365 = 348076
954: +365 = 348441
955: +365 = 348806
956: +366 = 349172
957: +365 = 349537
958: +365 = 349902
959: +365 = 350267
960: +366 = 350633
961: +365 = 350998
962: +365 = 351363
963: +365 = 351728
964: +366 = 352094
965: +365 = 352459
966: +365 = 352824
967: +365 = 353189
968: +366 = 353555
969: +365 = 353920
970: +365 = 354285
971: +365 = 354650
972: +366 = 355016
973: +365 = 355381
974: +365 = 355746
975: +365 = 356111
976: +366 = 356477
977: +365 = 356842
978: +365 = 357207
979: +365 = 357572
980: +366 = 357938
981: +365 = 358303
982: +365 = 358668
983: +365 = 359033
984: +366 = 359399
985: +365 = 359764
986: +365 = 360129
987: +365 = 360494
988: +366 = 360860
989: +365 = 361225
990: +365 = 361590
991: +365 = 361955
992: +366 = 362321
993: +365 = 362686
994: +365 = 363051
995: +365 = 363416
996: +366 = 363782
997: +365 = 364147
998: +365 = 364512
999: +365 = 364877
1000: +365 = 365242
1001: +365 = 365607
1002: +365 = 365972
1003: +365 = 366337
1004: +366 = 366703
1005: +365 = 367068
1006: +365 = 367433
1007: +365 = 367798
1008: +366 = 368164
1009: +365 = 368529
1010: +365 = 368894
1011: +365 = 369259
1012: +366 = 369625
1013: +365 = 369990
1014: +365 = 370355
1015: +365 = 370720
1016: +366 = 371086
1017: +365 = 371451
1018: +365 = 371816
1019: +365 = 372181
1020: +366 = 372547
1021: +365 = 372912
1022: +365 = 373277
1023: +365 = 373642
1024: +366 = 374008
1025: +365 = 374373
1026: +365 = 374738
1027: +365 = 375103
1028: +366 = 375469
1029: +365 = 375834
1030: +365 = 376199
1031: +365 = 376564
1032: +366 = 376930
1033: +365 = 377295
1034: +365 = 377660
1035: +365 = 378025
1036: +366 = 378391
1037: +365 = 378756
1038: +365 = 379121
1039: +365 = 379486
1040: +366 = 379852
1041: +365 = 380217
1042: +365 = 380582
1043: +365 = 380947
1044: +366 = 381313
1045: +365 = 381678
1046: +365 = 382043
1047: +365 = 382408
1048: +366 = 382774
1049: +365 = 383139
1050: +365 = 383504
1051: +365 = 383869
1052: +366 = 384235
1053: +365 = 384600
1054: +365 = 384965
1055: +365 = 385330
1056: +366 = 385696
1057: +365 = 386061
1058: +365 = 386426
1059: +365 = 386791
1060: +366 = 387157
1061: +365 = 387522
1062: +365 = 387887
1063: +365 = 388252
1064: +366 = 388618
1065: +365 = 388983
1066: +365 = 389348
1067: +365 = 389713
1068: +366 = 390079
1069: +365 = 390444
1070: +365 = 390809
1071: +365 = 391174
1072: +366 = 391540
1073: +365 = 391905
1074: +365 = 392270
1075: +365 = 392635
1076: +366 = 393001
1077: +365 = 393366
1078: +365 = 393731
1079: +365 = 394096
1080: +366 = 394462
1081: +365 = 394827
1082: +365 = 395192
1083: +365 = 395557
1084: +366 = 395923
1085: +365 = 396288
1086: +365 = 396653
1087: +365 = 397018
1088: +366 = 397384
1089: +365 = 397749
1090: +365 = 398114
1091: +365 = 398479
1092: +366 = 398845
1093: +365 = 399210
1094: +365 = 399575
1095: +365 = 399940
1096: +366 = 400306
1097: +365 = 400671
1098: +365 = 401036
1099: +365 = 401401
1100: +365 = 401766
1101: +365 = 402131
1102: +365 = 402496
1103: +365 = 402861
1104: +366 = 403227
1105: +365 = 403592
1106: +365 = 403957
1107: +365 = 404322
1108: +366 = 404688
1109: +365 = 405053
1110: +365 = 405418
1111: +365 = 405783
1112: +366 = 406149
1113: +365 = 406514
1114: +365 = 406879
1115: +365 = 407244
1116: +366 = 407610
1117: +365 = 407975
1118: +365 = 408340
1119: +365 = 408705
1120: +366 = 409071
1121: +365 = 409436
1122: +365 = 409801
1123: +365 = 410166
1124: +366 = 410532
1125: +365 = 410897
1126: +365 = 411262
1127: +365 = 411627
1128: +366 = 411993
1129: +365 = 412358
1130: +365 = 412723
1131: +365 = 413088
1132: +366 = 413454
1133: +365 = 413819
1134: +365 = 414184
1135: +365 = 414549
1136: +366 = 414915
1137: +365 = 415280
1138: +365 = 415645
1139: +365 = 416010
1140: +366 = 416376
1141: +365 = 416741
1142: +365 = 417106
1143: +365 = 417471
1144: +366 = 417837
1145: +365 = 418202
1146: +365 = 418567
1147: +365 = 418932
1148: +366 = 419298
1149: +365 = 419663
1150: +365 = 420028
1151: +365 = 420393
1152: +366 = 420759
1153: +365 = 421124
1154: +365 = 421489
1155: +365 = 421854
1156: +366 = 422220
1157: +365 = 422585
1158: +365 = 422950
1159: +365 = 423315
1160: +366 = 423681
1161: +365 = 424046
1162: +365 = 424411
1163: +365 = 424776
1164: +366 = 425142
1165: +365 = 425507
1166: +365 = 425872
1167: +365 = 426237
1168: +366 = 426603
1169: +365 = 426968
1170: +365 = 427333
1171: +365 = 427698
1172: +366 = 428064
1173: +365 = 428429
1174: +365 = 428794
1175: +365 = 429159
1176: +366 = 429525
1177: +365 = 429890
1178: +365 = 430255
1179: +365 = 430620
1180: +366 = 430986
1181: +365 = 431351
1182: +365 = 431716
1183: +365 = 432081
1184: +366 = 432447
1185: +365 = 432812
1186: +365 = 433177
1187: +365 = 433542
1188: +366 = 433908
1189: +365 = 434273
1190: +365 = 434638
1191: +365 = 435003
1192: +366 = 435369
1193: +365 = 435734
1194: +365 = 436099
1195: +365 = 436464
1196: +366 = 436830
1197: +365 = 437195
1198: +365 = 437560
1199: +365 = 437925
1200: +366 = 438291
1201: +365 = 438656
1202: +365 = 439021
1203: +365 = 439386
1204: +366 = 439752
1205: +365 = 440117
1206: +365 = 440482
1207: +365 = 440847
1208: +366 = 441213
1209: +365 = 441578
1210: +365 = 441943
1211: +365 = 442308
1212: +366 = 442674
1213: +365 = 443039
1214: +365 = 443404
1215: +365 = 443769
1216: +366 = 444135
1217: +365 = 444500
1218: +365 = 444865
1219: +365 = 445230
1220: +366 = 445596
1221: +365 = 445961
1222: +365 = 446326
1223: +365 = 446691
1224: +366 = 447057
1225: +365 = 447422
1226: +365 = 447787
1227: +365 = 448152
1228: +366 = 448518
1229: +365 = 448883
1230: +365 = 449248
1231: +365 = 449613
1232: +366 = 449979
1233: +365 = 450344
1234: +365 = 450709
1235: +365 = 451074
1236: +366 = 451440
1237: +365 = 451805
1238: +365 = 452170
1239: +365 = 452535
1240: +366 = 452901
1241: +365 = 453266
1242: +365 = 453631
1243: +365 = 453996
1244: +366 = 454362
1245: +365 = 454727
1246: +365 = 455092
1247: +365 = 455457
1248: +366 = 455823
1249: +365 = 456188
1250: +365 = 456553
1251: +365 = 456918
1252: +366 = 457284
1253: +365 = 457649
1254: +365 = 458014
1255: +365 = 458379
1256: +366 = 458745
1257: +365 = 459110
1258: +365 = 459475
1259: +365 = 459840
1260: +366 = 460206
1261: +365 = 460571
1262: +365 = 460936
1263: +365 = 461301
1264: +366 = 461667
1265: +365 = 462032
1266: +365 = 462397
1267: +365 = 462762
1268: +366 = 463128
1269: +365 = 463493
1270: +365 = 463858
1271: +365 = 464223
1272: +366 = 464589
1273: +365 = 464954
1274: +365 = 465319
1275: +365 = 465684
1276: +366 = 466050
1277: +365 = 466415
1278: +365 = 466780
1279: +365 = 467145
1280: +366 = 467511
1281: +365 = 467876
1282: +365 = 468241
1283: +365 = 468606
1284: +366 = 468972
1285: +365 = 469337
1286: +365 = 469702
1287: +365 = 470067
1288: +366 = 470433
1289: +365 = 470798
1290: +365 = 471163
1291: +365 = 471528
1292: +366 = 471894
1293: +365 = 472259
1294: +365 = 472624
1295: +365 = 472989
1296: +366 = 473355
1297: +365 = 473720
1298: +365 = 474085
1299: +365 = 474450
1300: +365 = 474815
1301: +365 = 475180
1302: +365 = 475545
1303: +365 = 475910
1304: +366 = 476276
1305: +365 = 476641
1306: +365 = 477006
1307: +365 = 477371
1308: +366 = 477737
1309: +365 = 478102
1310: +365 = 478467
1311: +365 = 478832
1312: +366 = 479198
1313: +365 = 479563
1314: +365 = 479928
1315: +365 = 480293
1316: +366 = 480659
1317: +365 = 481024
1318: +365 = 481389
1319: +365 = 481754
1320: +366 = 482120
1321: +365 = 482485
1322: +365 = 482850
1323: +365 = 483215
1324: +366 = 483581
1325: +365 = 483946
1326: +365 = 484311
1327: +365 = 484676
1328: +366 = 485042
1329: +365 = 485407
1330: +365 = 485772
1331: +365 = 486137
1332: +366 = 486503
1333: +365 = 486868
1334: +365 = 487233
1335: +365 = 487598
1336: +366 = 487964
1337: +365 = 488329
1338: +365 = 488694
1339: +365 = 489059
1340: +366 = 489425
1341: +365 = 489790
1342: +365 = 490155
1343: +365 = 490520
1344: +366 = 490886
1345: +365 = 491251
1346: +365 = 491616
1347: +365 = 491981
1348: +366 = 492347
1349: +365 = 492712
1350: +365 = 493077
1351: +365 = 493442
1352: +366 = 493808
1353: +365 = 494173
1354: +365 = 494538
1355: +365 = 494903
1356: +366 = 495269
1357: +365 = 495634
1358: +365 = 495999
1359: +365 = 496364
1360: +366 = 496730
1361: +365 = 497095
1362: +365 = 497460
1363: +365 = 497825
1364: +366 = 498191
1365: +365 = 498556
1366: +365 = 498921
1367: +365 = 499286
1368: +366 = 499652
1369: +365 = 500017
1370: +365 = 500382
1371: +365 = 500747
1372: +366 = 501113
1373: +365 = 501478
1374: +365 = 501843
1375: +365 = 502208
1376: +366 = 502574
1377: +365 = 502939
1378: +365 = 503304
1379: +365 = 503669
1380: +366 = 504035
1381: +365 = 504400
1382: +365 = 504765
1383: +365 = 505130
1384: +366 = 505496
1385: +365 = 505861
1386: +365 = 506226
1387: +365 = 506591
1388: +366 = 506957
1389: +365 = 507322
1390: +365 = 507687
1391: +365 = 508052
1392: +366 = 508418
1393: +365 = 508783
1394: +365 = 509148
1395: +365 = 509513
1396: +366 = 509879
1397: +365 = 510244
1398: +365 = 510609
1399: +365 = 510974
1400: +365 = 511339
1401: +365 = 511704
1402: +365 = 512069
1403: +365 = 512434
1404: +366 = 512800
1405: +365 = 513165
1406: +365 = 513530
1407: +365 = 513895
1408: +366 = 514261
1409: +365 = 514626
1410: +365 = 514991
1411: +365 = 515356
1412: +366 = 515722
1413: +365 = 516087
1414: +365 = 516452
1415: +365 = 516817
1416: +366 = 517183
1417: +365 = 517548
1418: +365 = 517913
1419: +365 = 518278
1420: +366 = 518644
1421: +365 = 519009
1422: +365 = 519374
1423: +365 = 519739
1424: +366 = 520105
1425: +365 = 520470
1426: +365 = 520835
1427: +365 = 521200
1428: +366 = 521566
1429: +365 = 521931
1430: +365 = 522296
1431: +365 = 522661
1432: +366 = 523027
1433: +365 = 523392
1434: +365 = 523757
1435: +365 = 524122
1436: +366 = 524488
1437: +365 = 524853
1438: +365 = 525218
1439: +365 = 525583
1440: +366 = 525949
1441: +365 = 526314
1442: +365 = 526679
1443: +365 = 527044
1444: +366 = 527410
1445: +365 = 527775
1446: +365 = 528140
1447: +365 = 528505
1448: +366 = 528871
1449: +365 = 529236
1450: +365 = 529601
1451: +365 = 529966
1452: +366 = 530332
1453: +365 = 530697
1454: +365 = 531062
1455: +365 = 531427
1456: +366 = 531793
1457: +365 = 532158
1458: +365 = 532523
1459: +365 = 532888
1460: +366 = 533254
1461: +365 = 533619
1462: +365 = 533984
1463: +365 = 534349
1464: +366 = 534715
1465: +365 = 535080
1466: +365 = 535445
1467: +365 = 535810
1468: +366 = 536176
1469: +365 = 536541
1470: +365 = 536906
1471: +365 = 537271
1472: +366 = 537637
1473: +365 = 538002
1474: +365 = 538367
1475: +365 = 538732
1476: +366 = 539098
1477: +365 = 539463
1478: +365 = 539828
1479: +365 = 540193
1480: +366 = 540559
1481: +365 = 540924
1482: +365 = 541289
1483: +365 = 541654
1484: +366 = 542020
1485: +365 = 542385
1486: +365 = 542750
1487: +365 = 543115
1488: +366 = 543481
1489: +365 = 543846
1490: +365 = 544211
1491: +365 = 544576
1492: +366 = 544942
1493: +365 = 545307
1494: +365 = 545672
1495: +365 = 546037
1496: +366 = 546403
1497: +365 = 546768
1498: +365 = 547133
1499: +365 = 547498
1500: +365 = 547863
1501: +365 = 548228
1502: +365 = 548593
1503: +365 = 548958
1504: +366 = 549324
1505: +365 = 549689
1506: +365 = 550054
1507: +365 = 550419
1508: +366 = 550785
1509: +365 = 551150
1510: +365 = 551515
1511: +365 = 551880
1512: +366 = 552246
1513: +365 = 552611
1514: +365 = 552976
1515: +365 = 553341
1516: +366 = 553707
1517: +365 = 554072
1518: +365 = 554437
1519: +365 = 554802
1520: +366 = 555168
1521: +365 = 555533
1522: +365 = 555898
1523: +365 = 556263
1524: +366 = 556629
1525: +365 = 556994
1526: +365 = 557359
1527: +365 = 557724
1528: +366 = 558090
1529: +365 = 558455
1530: +365 = 558820
1531: +365 = 559185
1532: +366 = 559551
1533: +365 = 559916
1534: +365 = 560281
1535: +365 = 560646
1536: +366 = 561012
1537: +365 = 561377
1538: +365 = 561742
1539: +365 = 562107
1540: +366 = 562473
1541: +365 = 562838
1542: +365 = 563203
1543: +365 = 563568
1544: +366 = 563934
1545: +365 = 564299
1546: +365 = 564664
1547: +365 = 565029
1548: +366 = 565395
1549: +365 = 565760
1550: +365 = 566125
1551: +365 = 566490
1552: +366 = 566856
1553: +365 = 567221
1554: +365 = 567586
1555: +365 = 567951
1556: +366 = 568317
1557: +365 = 568682
1558: +365 = 569047
1559: +365 = 569412
1560: +366 = 569778
1561: +365 = 570143
1562: +365 = 570508
1563: +365 = 570873
1564: +366 = 571239
1565: +365 = 571604
1566: +365 = 571969
1567: +365 = 572334
1568: +366 = 572700
1569: +365 = 573065
1570: +365 = 573430
1571: +365 = 573795
1572: +366 = 574161
1573: +365 = 574526
1574: +365 = 574891
1575: +365 = 575256
1576: +366 = 575622
1577: +365 = 575987
1578: +365 = 576352
1579: +365 = 576717
1580: +366 = 577083
1581: +365 = 577448
1582: +365 = 577813
1583: +365 = 578178
1584: +366 = 578544
1585: +365 = 578909
1586: +365 = 579274
1587: +365 = 579639
1588: +366 = 580005
1589: +365 = 580370
1590: +365 = 580735
1591: +365 = 581100
1592: +366 = 581466
1593: +365 = 581831
1594: +365 = 582196
1595: +365 = 582561
1596: +366 = 582927
1597: +365 = 583292
1598: +365 = 583657
1599: +365 = 584022
1600: +366 = 584388
1601: +365 = 584753
1602: +365 = 585118
1603: +365 = 585483
1604: +366 = 585849
1605: +365 = 586214
1606: +365 = 586579
1607: +365 = 586944
1608: +366 = 587310
1609: +365 = 587675
1610: +365 = 588040
1611: +365 = 588405
1612: +366 = 588771
1613: +365 = 589136
1614: +365 = 589501
1615: +365 = 589866
1616: +366 = 590232
1617: +365 = 590597
1618: +365 = 590962
1619: +365 = 591327
1620: +366 = 591693
1621: +365 = 592058
1622: +365 = 592423
1623: +365 = 592788
1624: +366 = 593154
1625: +365 = 593519
1626: +365 = 593884
1627: +365 = 594249
1628: +366 = 594615
1629: +365 = 594980
1630: +365 = 595345
1631: +365 = 595710
1632: +366 = 596076
1633: +365 = 596441
1634: +365 = 596806
1635: +365 = 597171
1636: +366 = 597537
1637: +365 = 597902
1638: +365 = 598267
1639: +365 = 598632
1640: +366 = 598998
1641: +365 = 599363
1642: +365 = 599728
1643: +365 = 600093
1644: +366 = 600459
1645: +365 = 600824
1646: +365 = 601189
1647: +365 = 601554
1648: +366 = 601920
1649: +365 = 602285
1650: +365 = 602650
1651: +365 = 603015
1652: +366 = 603381
1653: +365 = 603746
1654: +365 = 604111
1655: +365 = 604476
1656: +366 = 604842
1657: +365 = 605207
1658: +365 = 605572
1659: +365 = 605937
1660: +366 = 606303
1661: +365 = 606668
1662: +365 = 607033
1663: +365 = 607398
1664: +366 = 607764
1665: +365 = 608129
1666: +365 = 608494
1667: +365 = 608859
1668: +366 = 609225
1669: +365 = 609590
1670: +365 = 609955
1671: +365 = 610320
1672: +366 = 610686
1673: +365 = 611051
1674: +365 = 611416
1675: +365 = 611781
1676: +366 = 612147
1677: +365 = 612512
1678: +365 = 612877
1679: +365 = 613242
1680: +366 = 613608
1681: +365 = 613973
1682: +365 = 614338
1683: +365 = 614703
1684: +366 = 615069
1685: +365 = 615434
1686: +365 = 615799
1687: +365 = 616164
1688: +366 = 616530
1689: +365 = 616895
1690: +365 = 617260
1691: +365 = 617625
1692: +366 = 617991
1693: +365 = 618356
1694: +365 = 618721
1695: +365 = 619086
1696: +366 = 619452
1697: +365 = 619817
1698: +365 = 620182
1699: +365 = 620547
1700: +365 = 620912
1701: +365 = 621277
1702: +365 = 621642
1703: +365 = 622007
1704: +366 = 622373
1705: +365 = 622738
1706: +365 = 623103
1707: +365 = 623468
1708: +366 = 623834
1709: +365 = 624199
1710: +365 = 624564
1711: +365 = 624929
1712: +366 = 625295
1713: +365 = 625660
1714: +365 = 626025
1715: +365 = 626390
1716: +366 = 626756
1717: +365 = 627121
1718: +365 = 627486
1719: +365 = 627851
1720: +366 = 628217
1721: +365 = 628582
1722: +365 = 628947
1723: +365 = 629312
1724: +366 = 629678
1725: +365 = 630043
1726: +365 = 630408
1727: +365 = 630773
1728: +366 = 631139
1729: +365 = 631504
1730: +365 = 631869
1731: +365 = 632234
1732: +366 = 632600
1733: +365 = 632965
1734: +365 = 633330
1735: +365 = 633695
1736: +366 = 634061
1737: +365 = 634426
1738: +365 = 634791
1739: +365 = 635156
1740: +366 = 635522
1741: +365 = 635887
1742: +365 = 636252
1743: +365 = 636617
1744: +366 = 636983
1745: +365 = 637348
1746: +365 = 637713
1747: +365 = 638078
1748: +366 = 638444
1749: +365 = 638809
1750: +365 = 639174
1751: +365 = 639539
1752: +366 = 639905
1753: +365 = 640270
1754: +365 = 640635
1755: +365 = 641000
1756: +366 = 641366
1757: +365 = 641731
1758: +365 = 642096
1759: +365 = 642461
1760: +366 = 642827
1761: +365 = 643192
1762: +365 = 643557
1763: +365 = 643922
1764: +366 = 644288
1765: +365 = 644653
1766: +365 = 645018
1767: +365 = 645383
1768: +366 = 645749
1769: +365 = 646114
1770: +365 = 646479
1771: +365 = 646844
1772: +366 = 647210
1773: +365 = 647575
1774: +365 = 647940
1775: +365 = 648305
1776: +366 = 648671
1777: +365 = 649036
1778: +365 = 649401
1779: +365 = 649766
1780: +366 = 650132
1781: +365 = 650497
1782: +365 = 650862
1783: +365 = 651227
1784: +366 = 651593
1785: +365 = 651958
1786: +365 = 652323
1787: +365 = 652688
1788: +366 = 653054
1789: +365 = 653419
1790: +365 = 653784
1791: +365 = 654149
1792: +366 = 654515
1793: +365 = 654880
1794: +365 = 655245
1795: +365 = 655610
1796: +366 = 655976
1797: +365 = 656341
1798: +365 = 656706
1799: +365 = 657071
1800: +365 = 657436
1801: +365 = 657801
1802: +365 = 658166
1803: +365 = 658531
1804: +366 = 658897
1805: +365 = 659262
1806: +365 = 659627
1807: +365 = 659992
1808: +366 = 660358
1809: +365 = 660723
1810: +365 = 661088
1811: +365 = 661453
1812: +366 = 661819
1813: +365 = 662184
1814: +365 = 662549
1815: +365 = 662914
1816: +366 = 663280
1817: +365 = 663645
1818: +365 = 664010
1819: +365 = 664375
1820: +366 = 664741
1821: +365 = 665106
1822: +365 = 665471
1823: +365 = 665836
1824: +366 = 666202
1825: +365 = 666567
1826: +365 = 666932
1827: +365 = 667297
1828: +366 = 667663
1829: +365 = 668028
1830: +365 = 668393
1831: +365 = 668758
1832: +366 = 669124
1833: +365 = 669489
1834: +365 = 669854
1835: +365 = 670219
1836: +366 = 670585
1837: +365 = 670950
1838: +365 = 671315
1839: +365 = 671680
1840: +366 = 672046
1841: +365 = 672411
1842: +365 = 672776
1843: +365 = 673141
1844: +366 = 673507
1845: +365 = 673872
1846: +365 = 674237
1847: +365 = 674602
1848: +366 = 674968
1849: +365 = 675333
1850: +365 = 675698
1851: +365 = 676063
1852: +366 = 676429
1853: +365 = 676794
1854: +365 = 677159
1855: +365 = 677524
1856: +366 = 677890
1857: +365 = 678255
1858: +365 = 678620
1859: +365 = 678985
1860: +366 = 679351
1861: +365 = 679716
1862: +365 = 680081
1863: +365 = 680446
1864: +366 = 680812
1865: +365 = 681177
1866: +365 = 681542
1867: +365 = 681907
1868: +366 = 682273
1869: +365 = 682638
1870: +365 = 683003
1871: +365 = 683368
1872: +366 = 683734
1873: +365 = 684099
1874: +365 = 684464
1875: +365 = 684829
1876: +366 = 685195
1877: +365 = 685560
1878: +365 = 685925
1879: +365 = 686290
1880: +366 = 686656
1881: +365 = 687021
1882: +365 = 687386
1883: +365 = 687751
1884: +366 = 688117
1885: +365 = 688482
1886: +365 = 688847
1887: +365 = 689212
1888: +366 = 689578
1889: +365 = 689943
1890: +365 = 690308
1891: +365 = 690673
1892: +366 = 691039
1893: +365 = 691404
1894: +365 = 691769
1895: +365 = 692134
1896: +366 = 692500
1897: +365 = 692865
1898: +365 = 693230
1899: +365 = 693595
1900: +365 = 693960
1901: +365 = 694325
1902: +365 = 694690
1903: +365 = 695055
1904: +366 = 695421
1905: +365 = 695786
1906: +365 = 696151
1907: +365 = 696516
1908: +366 = 696882
1909: +365 = 697247
1910: +365 = 697612
1911: +365 = 697977
1912: +366 = 698343
1913: +365 = 698708
1914: +365 = 699073
1915: +365 = 699438
1916: +366 = 699804
1917: +365 = 700169
1918: +365 = 700534
1919: +365 = 700899
1920: +366 = 701265
1921: +365 = 701630
1922: +365 = 701995
1923: +365 = 702360
1924: +366 = 702726
1925: +365 = 703091
1926: +365 = 703456
1927: +365 = 703821
1928: +366 = 704187
1929: +365 = 704552
1930: +365 = 704917
1931: +365 = 705282
1932: +366 = 705648
1933: +365 = 706013
1934: +365 = 706378
1935: +365 = 706743
1936: +366 = 707109
1937: +365 = 707474
1938: +365 = 707839
1939: +365 = 708204
1940: +366 = 708570
1941: +365 = 708935
1942: +365 = 709300
1943: +365 = 709665
1944: +366 = 710031
1945: +365 = 710396
1946: +365 = 710761
1947: +365 = 711126
1948: +366 = 711492
1949: +365 = 711857
1950: +365 = 712222
1951: +365 = 712587
1952: +366 = 712953
1953: +365 = 713318
1954: +365 = 713683
1955: +365 = 714048
1956: +366 = 714414
1957: +365 = 714779
1958: +365 = 715144
1959: +365 = 715509
1960: +366 = 715875
1961: +365 = 716240
1962: +365 = 716605
1963: +365 = 716970
1964: +366 = 717336
1965: +365 = 717701
1966: +365 = 718066
1967: +365 = 718431
1968: +366 = 718797
1969: +365 = 719162
1970: +365 = 719527
1971: +365 = 719892
1972: +366 = 720258
1973: +365 = 720623
1974: +365 = 720988
1975: +365 = 721353
1976: +366 = 721719
1977: +365 = 722084
1978: +365 = 722449
1979: +365 = 722814
1980: +366 = 723180
1981: +365 = 723545
1982: +365 = 723910
1983: +365 = 724275
1984: +366 = 724641
1985: +365 = 725006
1986: +365 = 725371
1987: +365 = 725736
1988: +366 = 726102
1989: +365 = 726467
1990: +365 = 726832
1991: +365 = 727197
1992: +366 = 727563
1993: +365 = 727928
1994: +365 = 728293
1995: +365 = 728658
1996: +366 = 729024
1997: +365 = 729389
1998: +365 = 729754
1999: +365 = 730119
2000: +366 = 730485
2001: +365 = 730850
