-978264000.0 = 1.1.1970 12:00:00
-31579200.0 = 1.1.2000 12:00:00
604713600.0 = 1.3.2020 0:00:00
604713599.0 = 29.2.2020 23:59:59
604627200.0 = 29.2.2020 0:00:00
604627199.0 = 28.2.2020 23:59:59
575694000.0 = 31.3.2019 3:00:00
575693999.0 = 31.3.2019 2:59:59
575690400.0 = 31.3.2019 2:00:00
575690399.0 = 31.3.2019 1:59:59
