1.1.1970 12:00:00 (-978264000.0) + 0.0.0 0:00:00 = 1.1.1970 12:00:00 (-978264000.0)
1.1.2000 12:00:00 (-31579200.0) + 0.0.0 0:00:00 = 1.1.2000 12:00:00 (-31579200.0)
28.2.2020 23:59:59 (604627199.0) + 0.0.0 0:00:00 = 28.2.2020 23:59:59 (604627199.0)
29.2.2020 0:00:00 (604627200.0) + 0.0.0 0:00:00 = 29.2.2020 0:00:00 (604627200.0)
29.2.2020 23:59:59 (604713599.0) + 0.0.0 0:00:00 = 29.2.2020 23:59:59 (604713599.0)
30.2.2020 0:00:00 (604713600.0) + 0.0.0 0:00:00 = 1.3.2020 0:00:00 (604713600.0)
1.3.2020 0:00:00 (604713600.0) + 0.0.0 0:00:00 = 1.3.2020 0:00:00 (604713600.0)
31.3.2019 1:59:59 (575690399.0) + 0.0.0 0:00:00 = 31.3.2019 1:59:59 (575690399.0)
31.3.2019 2:00:00 (575690400.0) + 0.0.0 0:00:00 = 31.3.2019 2:00:00 (575690400.0)
31.3.2019 2:59:59 (575693999.0) + 0.0.0 0:00:00 = 31.3.2019 2:59:59 (575693999.0)
31.3.2019 3:00:00 (575694000.0) + 0.0.0 0:00:00 = 31.3.2019 3:00:00 (575694000.0)
1.1.1970 12:00:00 (-978264000.0) + 0.0.0 0:00:01 = 1.1.1970 12:00:01 (-978263999.0)
1.1.2000 12:00:00 (-31579200.0) + 0.0.0 0:00:01 = 1.1.2000 12:00:01 (-31579199.0)
28.2.2020 23:59:59 (604627199.0) + 0.0.0 0:00:01 = 29.2.2020 0:00:00 (604627200.0)
29.2.2020 0:00:00 (604627200.0) + 0.0.0 0:00:01 = 29.2.2020 0:00:01 (604627201.0)
29.2.2020 23:59:59 (604713599.0) + 0.0.0 0:00:01 = 1.3.2020 0:00:00 (604713600.0)
30.2.2020 0:00:00 (604713600.0) + 0.0.0 0:00:01 = 1.3.2020 0:00:01 (604713601.0)
1.3.2020 0:00:00 (604713600.0) + 0.0.0 0:00:01 = 1.3.2020 0:00:01 (604713601.0)
31.3.2019 1:59:59 (575690399.0) + 0.0.0 0:00:01 = 31.3.2019 2:00:00 (575690400.0)
31.3.2019 2:00:00 (575690400.0) + 0.0.0 0:00:01 = 31.3.2019 2:00:01 (575690401.0)
31.3.2019 2:59:59 (575693999.0) + 0.0.0 0:00:01 = 31.3.2019 3:00:00 (575694000.0)
31.3.2019 3:00:00 (575694000.0) + 0.0.0 0:00:01 = 31.3.2019 3:00:01 (575694001.0)
1.1.1970 12:00:00 (-978264000.0) + 0.0.0 0:01:00 = 1.1.1970 12:01:00 (-978263940.0)
1.1.2000 12:00:00 (-31579200.0) + 0.0.0 0:01:00 = 1.1.2000 12:01:00 (-31579140.0)
28.2.2020 23:59:59 (604627199.0) + 0.0.0 0:01:00 = 29.2.2020 0:00:59 (604627259.0)
29.2.2020 0:00:00 (604627200.0) + 0.0.0 0:01:00 = 29.2.2020 0:01:00 (604627260.0)
29.2.2020 23:59:59 (604713599.0) + 0.0.0 0:01:00 = 1.3.2020 0:00:59 (604713659.0)
30.2.2020 0:00:00 (604713600.0) + 0.0.0 0:01:00 = 1.3.2020 0:01:00 (604713660.0)
1.3.2020 0:00:00 (604713600.0) + 0.0.0 0:01:00 = 1.3.2020 0:01:00 (604713660.0)
31.3.2019 1:59:59 (575690399.0) + 0.0.0 0:01:00 = 31.3.2019 2:00:59 (575690459.0)
31.3.2019 2:00:00 (575690400.0) + 0.0.0 0:01:00 = 31.3.2019 2:01:00 (575690460.0)
31.3.2019 2:59:59 (575693999.0) + 0.0.0 0:01:00 = 31.3.2019 3:00:59 (575694059.0)
31.3.2019 3:00:00 (575694000.0) + 0.0.0 0:01:00 = 31.3.2019 3:01:00 (575694060.0)
1.1.1970 12:00:00 (-978264000.0) + 0.0.0 1:00:00 = 1.1.1970 13:00:00 (-978260400.0)
1.1.2000 12:00:00 (-31579200.0) + 0.0.0 1:00:00 = 1.1.2000 13:00:00 (-31575600.0)
28.2.2020 23:59:59 (604627199.0) + 0.0.0 1:00:00 = 29.2.2020 0:59:59 (604630799.0)
29.2.2020 0:00:00 (604627200.0) + 0.0.0 1:00:00 = 29.2.2020 1:00:00 (604630800.0)
29.2.2020 23:59:59 (604713599.0) + 0.0.0 1:00:00 = 1.3.2020 0:59:59 (604717199.0)
30.2.2020 0:00:00 (604713600.0) + 0.0.0 1:00:00 = 1.3.2020 1:00:00 (604717200.0)
1.3.2020 0:00:00 (604713600.0) + 0.0.0 1:00:00 = 1.3.2020 1:00:00 (604717200.0)
31.3.2019 1:59:59 (575690399.0) + 0.0.0 1:00:00 = 31.3.2019 2:59:59 (575693999.0)
31.3.2019 2:00:00 (575690400.0) + 0.0.0 1:00:00 = 31.3.2019 3:00:00 (575694000.0)
31.3.2019 2:59:59 (575693999.0) + 0.0.0 1:00:00 = 31.3.2019 3:59:59 (575697599.0)
31.3.2019 3:00:00 (575694000.0) + 0.0.0 1:00:00 = 31.3.2019 4:00:00 (575697600.0)
1.1.1970 12:00:00 (-978264000.0) + 0.0.1 0:00:00 = 1.1.1971 12:00:00 (-946728000.0)
1.1.2000 12:00:00 (-31579200.0) + 0.0.1 0:00:00 = 1.1.2001 12:00:00 (43200.0)
28.2.2020 23:59:59 (604627199.0) + 0.0.1 0:00:00 = 28.2.2021 23:59:59 (636249599.0)
29.2.2020 0:00:00 (604627200.0) + 0.0.1 0:00:00 = 28.2.2021 0:00:00 (636163200.0)
29.2.2020 23:59:59 (604713599.0) + 0.0.1 0:00:00 = 28.2.2021 23:59:59 (636249599.0)
30.2.2020 0:00:00 (604713600.0) + 0.0.1 0:00:00 = 1.3.2021 0:00:00 (636249600.0)
1.3.2020 0:00:00 (604713600.0) + 0.0.1 0:00:00 = 1.3.2021 0:00:00 (636249600.0)
31.3.2019 1:59:59 (575690399.0) + 0.0.1 0:00:00 = 31.3.2020 1:59:59 (607312799.0)
31.3.2019 2:00:00 (575690400.0) + 0.0.1 0:00:00 = 31.3.2020 2:00:00 (607312800.0)
31.3.2019 2:59:59 (575693999.0) + 0.0.1 0:00:00 = 31.3.2020 2:59:59 (607316399.0)
31.3.2019 3:00:00 (575694000.0) + 0.0.1 0:00:00 = 31.3.2020 3:00:00 (607316400.0)
1.1.1970 12:00:00 (-978264000.0) + 0.1.0 0:00:00 = 1.2.1970 12:00:00 (-975585600.0)
1.1.2000 12:00:00 (-31579200.0) + 0.1.0 0:00:00 = 1.2.2000 12:00:00 (-28900800.0)
28.2.2020 23:59:59 (604627199.0) + 0.1.0 0:00:00 = 28.3.2020 23:59:59 (607132799.0)
29.2.2020 0:00:00 (604627200.0) + 0.1.0 0:00:00 = 29.3.2020 0:00:00 (607132800.0)
29.2.2020 23:59:59 (604713599.0) + 0.1.0 0:00:00 = 29.3.2020 23:59:59 (607219199.0)
30.2.2020 0:00:00 (604713600.0) + 0.1.0 0:00:00 = 1.4.2020 0:00:00 (607392000.0)
1.3.2020 0:00:00 (604713600.0) + 0.1.0 0:00:00 = 1.4.2020 0:00:00 (607392000.0)
31.3.2019 1:59:59 (575690399.0) + 0.1.0 0:00:00 = 30.4.2019 1:59:59 (578282399.0)
31.3.2019 2:00:00 (575690400.0) + 0.1.0 0:00:00 = 30.4.2019 2:00:00 (578282400.0)
31.3.2019 2:59:59 (575693999.0) + 0.1.0 0:00:00 = 30.4.2019 2:59:59 (578285999.0)
31.3.2019 3:00:00 (575694000.0) + 0.1.0 0:00:00 = 30.4.2019 3:00:00 (578286000.0)
1.1.1970 12:00:00 (-978264000.0) + 1.0.0 0:00:00 = 2.1.1970 12:00:00 (-978177600.0)
1.1.2000 12:00:00 (-31579200.0) + 1.0.0 0:00:00 = 2.1.2000 12:00:00 (-31492800.0)
28.2.2020 23:59:59 (604627199.0) + 1.0.0 0:00:00 = 29.2.2020 23:59:59 (604713599.0)
29.2.2020 0:00:00 (604627200.0) + 1.0.0 0:00:00 = 1.3.2020 0:00:00 (604713600.0)
29.2.2020 23:59:59 (604713599.0) + 1.0.0 0:00:00 = 1.3.2020 23:59:59 (604799999.0)
30.2.2020 0:00:00 (604713600.0) + 1.0.0 0:00:00 = 2.3.2020 0:00:00 (604800000.0)
1.3.2020 0:00:00 (604713600.0) + 1.0.0 0:00:00 = 2.3.2020 0:00:00 (604800000.0)
31.3.2019 1:59:59 (575690399.0) + 1.0.0 0:00:00 = 1.4.2019 1:59:59 (575776799.0)
31.3.2019 2:00:00 (575690400.0) + 1.0.0 0:00:00 = 1.4.2019 2:00:00 (575776800.0)
31.3.2019 2:59:59 (575693999.0) + 1.0.0 0:00:00 = 1.4.2019 2:59:59 (575780399.0)
31.3.2019 3:00:00 (575694000.0) + 1.0.0 0:00:00 = 1.4.2019 3:00:00 (575780400.0)
1.1.1970 12:00:00 (-978264000.0) + 0.0.0 0:00:-1 = 1.1.1970 11:59:59 (-978264001.0)
1.1.2000 12:00:00 (-31579200.0) + 0.0.0 0:00:-1 = 1.1.2000 11:59:59 (-31579201.0)
28.2.2020 23:59:59 (604627199.0) + 0.0.0 0:00:-1 = 28.2.2020 23:59:58 (604627198.0)
29.2.2020 0:00:00 (604627200.0) + 0.0.0 0:00:-1 = 28.2.2020 23:59:59 (604627199.0)
29.2.2020 23:59:59 (604713599.0) + 0.0.0 0:00:-1 = 29.2.2020 23:59:58 (604713598.0)
30.2.2020 0:00:00 (604713600.0) + 0.0.0 0:00:-1 = 29.2.2020 23:59:59 (604713599.0)
1.3.2020 0:00:00 (604713600.0) + 0.0.0 0:00:-1 = 29.2.2020 23:59:59 (604713599.0)
31.3.2019 1:59:59 (575690399.0) + 0.0.0 0:00:-1 = 31.3.2019 1:59:58 (575690398.0)
31.3.2019 2:00:00 (575690400.0) + 0.0.0 0:00:-1 = 31.3.2019 1:59:59 (575690399.0)
31.3.2019 2:59:59 (575693999.0) + 0.0.0 0:00:-1 = 31.3.2019 2:59:58 (575693998.0)
31.3.2019 3:00:00 (575694000.0) + 0.0.0 0:00:-1 = 31.3.2019 2:59:59 (575693999.0)
1.1.1970 12:00:00 (-978264000.0) + 0.0.0 0:-1:00 = 1.1.1970 11:59:00 (-978264060.0)
1.1.2000 12:00:00 (-31579200.0) + 0.0.0 0:-1:00 = 1.1.2000 11:59:00 (-31579260.0)
28.2.2020 23:59:59 (604627199.0) + 0.0.0 0:-1:00 = 28.2.2020 23:58:59 (604627139.0)
29.2.2020 0:00:00 (604627200.0) + 0.0.0 0:-1:00 = 28.2.2020 23:59:00 (604627140.0)
29.2.2020 23:59:59 (604713599.0) + 0.0.0 0:-1:00 = 29.2.2020 23:58:59 (604713539.0)
30.2.2020 0:00:00 (604713600.0) + 0.0.0 0:-1:00 = 29.2.2020 23:59:00 (604713540.0)
1.3.2020 0:00:00 (604713600.0) + 0.0.0 0:-1:00 = 29.2.2020 23:59:00 (604713540.0)
31.3.2019 1:59:59 (575690399.0) + 0.0.0 0:-1:00 = 31.3.2019 1:58:59 (575690339.0)
31.3.2019 2:00:00 (575690400.0) + 0.0.0 0:-1:00 = 31.3.2019 1:59:00 (575690340.0)
31.3.2019 2:59:59 (575693999.0) + 0.0.0 0:-1:00 = 31.3.2019 2:58:59 (575693939.0)
31.3.2019 3:00:00 (575694000.0) + 0.0.0 0:-1:00 = 31.3.2019 2:59:00 (575693940.0)
1.1.1970 12:00:00 (-978264000.0) + 0.0.0 -1:00:00 = 1.1.1970 11:00:00 (-978267600.0)
1.1.2000 12:00:00 (-31579200.0) + 0.0.0 -1:00:00 = 1.1.2000 11:00:00 (-31582800.0)
28.2.2020 23:59:59 (604627199.0) + 0.0.0 -1:00:00 = 28.2.2020 22:59:59 (604623599.0)
29.2.2020 0:00:00 (604627200.0) + 0.0.0 -1:00:00 = 28.2.2020 23:00:00 (604623600.0)
29.2.2020 23:59:59 (604713599.0) + 0.0.0 -1:00:00 = 29.2.2020 22:59:59 (604709999.0)
30.2.2020 0:00:00 (604713600.0) + 0.0.0 -1:00:00 = 29.2.2020 23:00:00 (604710000.0)
1.3.2020 0:00:00 (604713600.0) + 0.0.0 -1:00:00 = 29.2.2020 23:00:00 (604710000.0)
31.3.2019 1:59:59 (575690399.0) + 0.0.0 -1:00:00 = 31.3.2019 0:59:59 (575686799.0)
31.3.2019 2:00:00 (575690400.0) + 0.0.0 -1:00:00 = 31.3.2019 1:00:00 (575686800.0)
31.3.2019 2:59:59 (575693999.0) + 0.0.0 -1:00:00 = 31.3.2019 1:59:59 (575690399.0)
31.3.2019 3:00:00 (575694000.0) + 0.0.0 -1:00:00 = 31.3.2019 2:00:00 (575690400.0)
1.1.1970 12:00:00 (-978264000.0) + 0.0.-1 0:00:00 = 1.1.1969 12:00:00 (-1009800000.0)
1.1.2000 12:00:00 (-31579200.0) + 0.0.-1 0:00:00 = 1.1.1999 12:00:00 (-63115200.0)
28.2.2020 23:59:59 (604627199.0) + 0.0.-1 0:00:00 = 28.2.2019 23:59:59 (573091199.0)
29.2.2020 0:00:00 (604627200.0) + 0.0.-1 0:00:00 = 28.2.2019 0:00:00 (573004800.0)
29.2.2020 23:59:59 (604713599.0) + 0.0.-1 0:00:00 = 28.2.2019 23:59:59 (573091199.0)
30.2.2020 0:00:00 (604713600.0) + 0.0.-1 0:00:00 = 1.3.2019 0:00:00 (573091200.0)
1.3.2020 0:00:00 (604713600.0) + 0.0.-1 0:00:00 = 1.3.2019 0:00:00 (573091200.0)
31.3.2019 1:59:59 (575690399.0) + 0.0.-1 0:00:00 = 31.3.2018 1:59:59 (544154399.0)
31.3.2019 2:00:00 (575690400.0) + 0.0.-1 0:00:00 = 31.3.2018 2:00:00 (544154400.0)
31.3.2019 2:59:59 (575693999.0) + 0.0.-1 0:00:00 = 31.3.2018 2:59:59 (544157999.0)
31.3.2019 3:00:00 (575694000.0) + 0.0.-1 0:00:00 = 31.3.2018 3:00:00 (544158000.0)
1.1.1970 12:00:00 (-978264000.0) + 0.-1.0 0:00:00 = 1.12.1969 12:00:00 (-980942400.0)
1.1.2000 12:00:00 (-31579200.0) + 0.-1.0 0:00:00 = 1.12.1999 12:00:00 (-34257600.0)
28.2.2020 23:59:59 (604627199.0) + 0.-1.0 0:00:00 = 28.1.2020 23:59:59 (601948799.0)
29.2.2020 0:00:00 (604627200.0) + 0.-1.0 0:00:00 = 29.1.2020 0:00:00 (601948800.0)
29.2.2020 23:59:59 (604713599.0) + 0.-1.0 0:00:00 = 29.1.2020 23:59:59 (602035199.0)
30.2.2020 0:00:00 (604713600.0) + 0.-1.0 0:00:00 = 1.2.2020 0:00:00 (602208000.0)
1.3.2020 0:00:00 (604713600.0) + 0.-1.0 0:00:00 = 1.2.2020 0:00:00 (602208000.0)
31.3.2019 1:59:59 (575690399.0) + 0.-1.0 0:00:00 = 28.2.2019 1:59:59 (573011999.0)
31.3.2019 2:00:00 (575690400.0) + 0.-1.0 0:00:00 = 28.2.2019 2:00:00 (573012000.0)
31.3.2019 2:59:59 (575693999.0) + 0.-1.0 0:00:00 = 28.2.2019 2:59:59 (573015599.0)
31.3.2019 3:00:00 (575694000.0) + 0.-1.0 0:00:00 = 28.2.2019 3:00:00 (573015600.0)
1.1.1970 12:00:00 (-978264000.0) + -1.0.0 0:00:00 = 31.12.1969 12:00:00 (-978350400.0)
1.1.2000 12:00:00 (-31579200.0) + -1.0.0 0:00:00 = 31.12.1999 12:00:00 (-31665600.0)
28.2.2020 23:59:59 (604627199.0) + -1.0.0 0:00:00 = 27.2.2020 23:59:59 (604540799.0)
29.2.2020 0:00:00 (604627200.0) + -1.0.0 0:00:00 = 28.2.2020 0:00:00 (604540800.0)
29.2.2020 23:59:59 (604713599.0) + -1.0.0 0:00:00 = 28.2.2020 23:59:59 (604627199.0)
30.2.2020 0:00:00 (604713600.0) + -1.0.0 0:00:00 = 29.2.2020 0:00:00 (604627200.0)
1.3.2020 0:00:00 (604713600.0) + -1.0.0 0:00:00 = 29.2.2020 0:00:00 (604627200.0)
31.3.2019 1:59:59 (575690399.0) + -1.0.0 0:00:00 = 30.3.2019 1:59:59 (575603999.0)
31.3.2019 2:00:00 (575690400.0) + -1.0.0 0:00:00 = 30.3.2019 2:00:00 (575604000.0)
31.3.2019 2:59:59 (575693999.0) + -1.0.0 0:00:00 = 30.3.2019 2:59:59 (575607599.0)
31.3.2019 3:00:00 (575694000.0) + -1.0.0 0:00:00 = 30.3.2019 3:00:00 (575607600.0)
