1.1.1970 12:00:00 (-978264000.0) + 0.0.0 0:00:1000 = 1.1.1970 12:16:40 (-978263000.0)
1.1.2000 12:00:00 (-31579200.0) + 0.0.0 0:00:1000 = 1.1.2000 12:16:40 (-31578200.0)
28.2.2020 23:59:59 (604627199.0) + 0.0.0 0:00:1000 = 29.2.2020 0:16:39 (604628199.0)
29.2.2020 0:00:00 (604627200.0) + 0.0.0 0:00:1000 = 29.2.2020 0:16:40 (604628200.0)
29.2.2020 23:59:59 (604713599.0) + 0.0.0 0:00:1000 = 1.3.2020 0:16:39 (604714599.0)
30.2.2020 0:00:00 (604713600.0) + 0.0.0 0:00:1000 = 1.3.2020 0:16:40 (604714600.0)
1.3.2020 0:00:00 (604713600.0) + 0.0.0 0:00:1000 = 1.3.2020 0:16:40 (604714600.0)
31.3.2019 1:59:59 (575690399.0) + 0.0.0 0:00:1000 = 31.3.2019 2:16:39 (575691399.0)
31.3.2019 2:00:00 (575690400.0) + 0.0.0 0:00:1000 = 31.3.2019 2:16:40 (575691400.0)
31.3.2019 2:59:59 (575693999.0) + 0.0.0 0:00:1000 = 31.3.2019 3:16:39 (575694999.0)
31.3.2019 3:00:00 (575694000.0) + 0.0.0 0:00:1000 = 31.3.2019 3:16:40 (575695000.0)
1.1.1970 12:00:00 (-978264000.0) + 0.0.0 0:1000:00 = 2.1.1970 4:40:00 (-978204000.0)
1.1.2000 12:00:00 (-31579200.0) + 0.0.0 0:1000:00 = 2.1.2000 4:40:00 (-31519200.0)
28.2.2020 23:59:59 (604627199.0) + 0.0.0 0:1000:00 = 29.2.2020 16:39:59 (604687199.0)
29.2.2020 0:00:00 (604627200.0) + 0.0.0 0:1000:00 = 29.2.2020 16:40:00 (604687200.0)
29.2.2020 23:59:59 (604713599.0) + 0.0.0 0:1000:00 = 1.3.2020 16:39:59 (604773599.0)
30.2.2020 0:00:00 (604713600.0) + 0.0.0 0:1000:00 = 1.3.2020 16:40:00 (604773600.0)
1.3.2020 0:00:00 (604713600.0) + 0.0.0 0:1000:00 = 1.3.2020 16:40:00 (604773600.0)
31.3.2019 1:59:59 (575690399.0) + 0.0.0 0:1000:00 = 31.3.2019 18:39:59 (575750399.0)
31.3.2019 2:00:00 (575690400.0) + 0.0.0 0:1000:00 = 31.3.2019 18:40:00 (575750400.0)
31.3.2019 2:59:59 (575693999.0) + 0.0.0 0:1000:00 = 31.3.2019 19:39:59 (575753999.0)
31.3.2019 3:00:00 (575694000.0) + 0.0.0 0:1000:00 = 31.3.2019 19:40:00 (575754000.0)
1.1.1970 12:00:00 (-978264000.0) + 0.0.0 1000:00:00 = 12.2.1970 4:00:00 (-974664000.0)
1.1.2000 12:00:00 (-31579200.0) + 0.0.0 1000:00:00 = 12.2.2000 4:00:00 (-27979200.0)
28.2.2020 23:59:59 (604627199.0) + 0.0.0 1000:00:00 = 10.4.2020 15:59:59 (608227199.0)
29.2.2020 0:00:00 (604627200.0) + 0.0.0 1000:00:00 = 10.4.2020 16:00:00 (608227200.0)
29.2.2020 23:59:59 (604713599.0) + 0.0.0 1000:00:00 = 11.4.2020 15:59:59 (608313599.0)
30.2.2020 0:00:00 (604713600.0) + 0.0.0 1000:00:00 = 11.4.2020 16:00:00 (608313600.0)
1.3.2020 0:00:00 (604713600.0) + 0.0.0 1000:00:00 = 11.4.2020 16:00:00 (608313600.0)
31.3.2019 1:59:59 (575690399.0) + 0.0.0 1000:00:00 = 11.5.2019 17:59:59 (579290399.0)
31.3.2019 2:00:00 (575690400.0) + 0.0.0 1000:00:00 = 11.5.2019 18:00:00 (579290400.0)
31.3.2019 2:59:59 (575693999.0) + 0.0.0 1000:00:00 = 11.5.2019 18:59:59 (579293999.0)
31.3.2019 3:00:00 (575694000.0) + 0.0.0 1000:00:00 = 11.5.2019 19:00:00 (579294000.0)
1.1.1970 12:00:00 (-978264000.0) + 0.0.1000 0:00:00 = 1.1.2970 12:00:00 (30578731200.0)
1.1.2000 12:00:00 (-31579200.0) + 0.0.1000 0:00:00 = 1.1.3000 12:00:00 (31525416000.0)
28.2.2020 23:59:59 (604627199.0) + 0.0.1000 0:00:00 = 28.2.3020 23:59:59 (32161535999.0)
29.2.2020 0:00:00 (604627200.0) + 0.0.1000 0:00:00 = 29.2.3020 0:00:00 (32161536000.0)
29.2.2020 23:59:59 (604713599.0) + 0.0.1000 0:00:00 = 29.2.3020 23:59:59 (32161622399.0)
30.2.2020 0:00:00 (604713600.0) + 0.0.1000 0:00:00 = 1.3.3020 0:00:00 (32161622400.0)
1.3.2020 0:00:00 (604713600.0) + 0.0.1000 0:00:00 = 1.3.3020 0:00:00 (32161622400.0)
31.3.2019 1:59:59 (575690399.0) + 0.0.1000 0:00:00 = 31.3.3019 1:59:59 (32132599199.0)
31.3.2019 2:00:00 (575690400.0) + 0.0.1000 0:00:00 = 31.3.3019 2:00:00 (32132599200.0)
31.3.2019 2:59:59 (575693999.0) + 0.0.1000 0:00:00 = 31.3.3019 2:59:59 (32132602799.0)
31.3.2019 3:00:00 (575694000.0) + 0.0.1000 0:00:00 = 31.3.3019 3:00:00 (32132602800.0)
1.1.1970 12:00:00 (-978264000.0) + 0.1000.0 0:00:00 = 1.5.2053 12:00:00 (1651406400.0)
1.1.2000 12:00:00 (-31579200.0) + 0.1000.0 0:00:00 = 1.5.2083 12:00:00 (2598091200.0)
28.2.2020 23:59:59 (604627199.0) + 0.1000.0 0:00:00 = 28.6.2103 23:59:59 (3234211199.0)
29.2.2020 0:00:00 (604627200.0) + 0.1000.0 0:00:00 = 29.6.2103 0:00:00 (3234211200.0)
29.2.2020 23:59:59 (604713599.0) + 0.1000.0 0:00:00 = 29.6.2103 23:59:59 (3234297599.0)
30.2.2020 0:00:00 (604713600.0) + 0.1000.0 0:00:00 = 1.7.2103 0:00:00 (3234384000.0)
1.3.2020 0:00:00 (604713600.0) + 0.1000.0 0:00:00 = 1.7.2103 0:00:00 (3234384000.0)
31.3.2019 1:59:59 (575690399.0) + 0.1000.0 0:00:00 = 31.7.2102 1:59:59 (3205447199.0)
31.3.2019 2:00:00 (575690400.0) + 0.1000.0 0:00:00 = 31.7.2102 2:00:00 (3205447200.0)
31.3.2019 2:59:59 (575693999.0) + 0.1000.0 0:00:00 = 31.7.2102 2:59:59 (3205450799.0)
31.3.2019 3:00:00 (575694000.0) + 0.1000.0 0:00:00 = 31.7.2102 3:00:00 (3205450800.0)
1.1.1970 12:00:00 (-978264000.0) + 1000.0.0 0:00:00 = 27.9.1972 12:00:00 (-891864000.0)
1.1.2000 12:00:00 (-31579200.0) + 1000.0.0 0:00:00 = 27.9.2002 12:00:00 (54820800.0)
28.2.2020 23:59:59 (604627199.0) + 1000.0.0 0:00:00 = 24.11.2022 23:59:59 (691027199.0)
29.2.2020 0:00:00 (604627200.0) + 1000.0.0 0:00:00 = 25.11.2022 0:00:00 (691027200.0)
29.2.2020 23:59:59 (604713599.0) + 1000.0.0 0:00:00 = 25.11.2022 23:59:59 (691113599.0)
30.2.2020 0:00:00 (604713600.0) + 1000.0.0 0:00:00 = 26.11.2022 0:00:00 (691113600.0)
1.3.2020 0:00:00 (604713600.0) + 1000.0.0 0:00:00 = 26.11.2022 0:00:00 (691113600.0)
31.3.2019 1:59:59 (575690399.0) + 1000.0.0 0:00:00 = 25.12.2021 1:59:59 (662090399.0)
31.3.2019 2:00:00 (575690400.0) + 1000.0.0 0:00:00 = 25.12.2021 2:00:00 (662090400.0)
31.3.2019 2:59:59 (575693999.0) + 1000.0.0 0:00:00 = 25.12.2021 2:59:59 (662093999.0)
31.3.2019 3:00:00 (575694000.0) + 1000.0.0 0:00:00 = 25.12.2021 3:00:00 (662094000.0)
1.1.1970 12:00:00 (-978264000.0) + 0.0.0 0:00:-1000 = 1.1.1970 11:43:20 (-978265000.0)
1.1.2000 12:00:00 (-31579200.0) + 0.0.0 0:00:-1000 = 1.1.2000 11:43:20 (-31580200.0)
28.2.2020 23:59:59 (604627199.0) + 0.0.0 0:00:-1000 = 28.2.2020 23:43:19 (604626199.0)
29.2.2020 0:00:00 (604627200.0) + 0.0.0 0:00:-1000 = 28.2.2020 23:43:20 (604626200.0)
29.2.2020 23:59:59 (604713599.0) + 0.0.0 0:00:-1000 = 29.2.2020 23:43:19 (604712599.0)
30.2.2020 0:00:00 (604713600.0) + 0.0.0 0:00:-1000 = 29.2.2020 23:43:20 (604712600.0)
1.3.2020 0:00:00 (604713600.0) + 0.0.0 0:00:-1000 = 29.2.2020 23:43:20 (604712600.0)
31.3.2019 1:59:59 (575690399.0) + 0.0.0 0:00:-1000 = 31.3.2019 1:43:19 (575689399.0)
31.3.2019 2:00:00 (575690400.0) + 0.0.0 0:00:-1000 = 31.3.2019 1:43:20 (575689400.0)
31.3.2019 2:59:59 (575693999.0) + 0.0.0 0:00:-1000 = 31.3.2019 2:43:19 (575692999.0)
31.3.2019 3:00:00 (575694000.0) + 0.0.0 0:00:-1000 = 31.3.2019 2:43:20 (575693000.0)
1.1.1970 12:00:00 (-978264000.0) + 0.0.0 0:-1000:00 = 31.12.1969 19:20:00 (-978324000.0)
1.1.2000 12:00:00 (-31579200.0) + 0.0.0 0:-1000:00 = 31.12.1999 19:20:00 (-31639200.0)
28.2.2020 23:59:59 (604627199.0) + 0.0.0 0:-1000:00 = 28.2.2020 7:19:59 (604567199.0)
29.2.2020 0:00:00 (604627200.0) + 0.0.0 0:-1000:00 = 28.2.2020 7:20:00 (604567200.0)
29.2.2020 23:59:59 (604713599.0) + 0.0.0 0:-1000:00 = 29.2.2020 7:19:59 (604653599.0)
30.2.2020 0:00:00 (604713600.0) + 0.0.0 0:-1000:00 = 29.2.2020 7:20:00 (604653600.0)
1.3.2020 0:00:00 (604713600.0) + 0.0.0 0:-1000:00 = 29.2.2020 7:20:00 (604653600.0)
31.3.2019 1:59:59 (575690399.0) + 0.0.0 0:-1000:00 = 30.3.2019 9:19:59 (575630399.0)
31.3.2019 2:00:00 (575690400.0) + 0.0.0 0:-1000:00 = 30.3.2019 9:20:00 (575630400.0)
31.3.2019 2:59:59 (575693999.0) + 0.0.0 0:-1000:00 = 30.3.2019 10:19:59 (575633999.0)
31.3.2019 3:00:00 (575694000.0) + 0.0.0 0:-1000:00 = 30.3.2019 10:20:00 (575634000.0)
1.1.1970 12:00:00 (-978264000.0) + 0.0.0 -1000:00:00 = 20.11.1969 20:00:00 (-981864000.0)
1.1.2000 12:00:00 (-31579200.0) + 0.0.0 -1000:00:00 = 20.11.1999 20:00:00 (-35179200.0)
28.2.2020 23:59:59 (604627199.0) + 0.0.0 -1000:00:00 = 18.1.2020 7:59:59 (601027199.0)
29.2.2020 0:00:00 (604627200.0) + 0.0.0 -1000:00:00 = 18.1.2020 8:00:00 (601027200.0)
29.2.2020 23:59:59 (604713599.0) + 0.0.0 -1000:00:00 = 19.1.2020 7:59:59 (601113599.0)
30.2.2020 0:00:00 (604713600.0) + 0.0.0 -1000:00:00 = 19.1.2020 8:00:00 (601113600.0)
1.3.2020 0:00:00 (604713600.0) + 0.0.0 -1000:00:00 = 19.1.2020 8:00:00 (601113600.0)
31.3.2019 1:59:59 (575690399.0) + 0.0.0 -1000:00:00 = 17.2.2019 9:59:59 (572090399.0)
31.3.2019 2:00:00 (575690400.0) + 0.0.0 -1000:00:00 = 17.2.2019 10:00:00 (572090400.0)
31.3.2019 2:59:59 (575693999.0) + 0.0.0 -1000:00:00 = 17.2.2019 10:59:59 (572093999.0)
31.3.2019 3:00:00 (575694000.0) + 0.0.0 -1000:00:00 = 17.2.2019 11:00:00 (572094000.0)
1.1.1970 12:00:00 (-978264000.0) + 0.0.-1000 0:00:00 = 1.1.970 12:00:00 (-32535172800.0)
1.1.2000 12:00:00 (-31579200.0) + 0.0.-1000 0:00:00 = 1.1.1000 12:00:00 (-31588488000.0)
28.2.2020 23:59:59 (604627199.0) + 0.0.-1000 0:00:00 = 28.2.1020 23:59:59 (-30952368001.0)
29.2.2020 0:00:00 (604627200.0) + 0.0.-1000 0:00:00 = 29.2.1020 0:00:00 (-30952368000.0)
29.2.2020 23:59:59 (604713599.0) + 0.0.-1000 0:00:00 = 29.2.1020 23:59:59 (-30952281601.0)
30.2.2020 0:00:00 (604713600.0) + 0.0.-1000 0:00:00 = 1.3.1020 0:00:00 (-30952281600.0)
1.3.2020 0:00:00 (604713600.0) + 0.0.-1000 0:00:00 = 1.3.1020 0:00:00 (-30952281600.0)
31.3.2019 1:59:59 (575690399.0) + 0.0.-1000 0:00:00 = 31.3.1019 1:59:59 (-30981304801.0)
31.3.2019 2:00:00 (575690400.0) + 0.0.-1000 0:00:00 = 31.3.1019 2:00:00 (-30981304800.0)
31.3.2019 2:59:59 (575693999.0) + 0.0.-1000 0:00:00 = 31.3.1019 2:59:59 (-30981301201.0)
31.3.2019 3:00:00 (575694000.0) + 0.0.-1000 0:00:00 = 31.3.1019 3:00:00 (-30981301200.0)
1.1.1970 12:00:00 (-978264000.0) + 0.-1000.0 0:00:00 = 1.9.1886 12:00:00 (-3608020800.0)
1.1.2000 12:00:00 (-31579200.0) + 0.-1000.0 0:00:00 = 1.9.1916 12:00:00 (-2661336000.0)
28.2.2020 23:59:59 (604627199.0) + 0.-1000.0 0:00:00 = 28.10.1936 23:59:59 (-2025216001.0)
29.2.2020 0:00:00 (604627200.0) + 0.-1000.0 0:00:00 = 29.10.1936 0:00:00 (-2025216000.0)
29.2.2020 23:59:59 (604713599.0) + 0.-1000.0 0:00:00 = 29.10.1936 23:59:59 (-2025129601.0)
30.2.2020 0:00:00 (604713600.0) + 0.-1000.0 0:00:00 = 1.11.1936 0:00:00 (-2024956800.0)
1.3.2020 0:00:00 (604713600.0) + 0.-1000.0 0:00:00 = 1.11.1936 0:00:00 (-2024956800.0)
31.3.2019 1:59:59 (575690399.0) + 0.-1000.0 0:00:00 = 30.11.1935 1:59:59 (-2054066401.0)
31.3.2019 2:00:00 (575690400.0) + 0.-1000.0 0:00:00 = 30.11.1935 2:00:00 (-2054066400.0)
31.3.2019 2:59:59 (575693999.0) + 0.-1000.0 0:00:00 = 30.11.1935 2:59:59 (-2054062801.0)
31.3.2019 3:00:00 (575694000.0) + 0.-1000.0 0:00:00 = 30.11.1935 3:00:00 (-2054062800.0)
1.1.1970 12:00:00 (-978264000.0) + -1000.0.0 0:00:00 = 7.4.1967 12:00:00 (-1064664000.0)
1.1.2000 12:00:00 (-31579200.0) + -1000.0.0 0:00:00 = 6.4.1997 12:00:00 (-117979200.0)
28.2.2020 23:59:59 (604627199.0) + -1000.0.0 0:00:00 = 3.6.2017 23:59:59 (518227199.0)
29.2.2020 0:00:00 (604627200.0) + -1000.0.0 0:00:00 = 4.6.2017 0:00:00 (518227200.0)
29.2.2020 23:59:59 (604713599.0) + -1000.0.0 0:00:00 = 4.6.2017 23:59:59 (518313599.0)
30.2.2020 0:00:00 (604713600.0) + -1000.0.0 0:00:00 = 5.6.2017 0:00:00 (518313600.0)
1.3.2020 0:00:00 (604713600.0) + -1000.0.0 0:00:00 = 5.6.2017 0:00:00 (518313600.0)
31.3.2019 1:59:59 (575690399.0) + -1000.0.0 0:00:00 = 4.7.2016 1:59:59 (489290399.0)
31.3.2019 2:00:00 (575690400.0) + -1000.0.0 0:00:00 = 4.7.2016 2:00:00 (489290400.0)
31.3.2019 2:59:59 (575693999.0) + -1000.0.0 0:00:00 = 4.7.2016 2:59:59 (489293999.0)
31.3.2019 3:00:00 (575694000.0) + -1000.0.0 0:00:00 = 4.7.2016 3:00:00 (489294000.0)
