1.1.1970 12:00:00 (-978264000.0) + 0.0.0 0:00:00 = -978264000.0
1.1.2000 12:00:00 (-31579200.0) + 0.0.0 0:00:00 = -31579200.0
28.2.2020 23:59:59 (604627199.0) + 0.0.0 0:00:00 = 604627199.0
29.2.2020 0:00:00 (604627200.0) + 0.0.0 0:00:00 = 604627200.0
29.2.2020 23:59:59 (604713599.0) + 0.0.0 0:00:00 = 604713599.0
30.2.2020 0:00:00 (604713600.0) + 0.0.0 0:00:00 = 604713600.0
1.3.2020 0:00:00 (604713600.0) + 0.0.0 0:00:00 = 604713600.0
31.3.2019 1:59:59 (575690399.0) + 0.0.0 0:00:00 = 575690399.0
31.3.2019 2:00:00 (575690400.0) + 0.0.0 0:00:00 = 575690400.0
31.3.2019 2:59:59 (575693999.0) + 0.0.0 0:00:00 = 575693999.0
31.3.2019 3:00:00 (575694000.0) + 0.0.0 0:00:00 = 575694000.0
1.1.1970 12:00:00 (-978264000.0) + 0.0.0 0:00:01 = -978263999.0
1.1.2000 12:00:00 (-31579200.0) + 0.0.0 0:00:01 = -31579199.0
28.2.2020 23:59:59 (604627199.0) + 0.0.0 0:00:01 = 604627200.0
29.2.2020 0:00:00 (604627200.0) + 0.0.0 0:00:01 = 604627201.0
29.2.2020 23:59:59 (604713599.0) + 0.0.0 0:00:01 = 604713600.0
30.2.2020 0:00:00 (604713600.0) + 0.0.0 0:00:01 = 604713601.0
1.3.2020 0:00:00 (604713600.0) + 0.0.0 0:00:01 = 604713601.0
31.3.2019 1:59:59 (575690399.0) + 0.0.0 0:00:01 = 575690400.0
31.3.2019 2:00:00 (575690400.0) + 0.0.0 0:00:01 = 575690401.0
31.3.2019 2:59:59 (575693999.0) + 0.0.0 0:00:01 = 575694000.0
31.3.2019 3:00:00 (575694000.0) + 0.0.0 0:00:01 = 575694001.0
1.1.1970 12:00:00 (-978264000.0) + 0.0.0 0:01:00 = -978263940.0
1.1.2000 12:00:00 (-31579200.0) + 0.0.0 0:01:00 = -31579140.0
28.2.2020 23:59:59 (604627199.0) + 0.0.0 0:01:00 = 604627259.0
29.2.2020 0:00:00 (604627200.0) + 0.0.0 0:01:00 = 604627260.0
29.2.2020 23:59:59 (604713599.0) + 0.0.0 0:01:00 = 604713659.0
30.2.2020 0:00:00 (604713600.0) + 0.0.0 0:01:00 = 604713660.0
1.3.2020 0:00:00 (604713600.0) + 0.0.0 0:01:00 = 604713660.0
31.3.2019 1:59:59 (575690399.0) + 0.0.0 0:01:00 = 575690459.0
31.3.2019 2:00:00 (575690400.0) + 0.0.0 0:01:00 = 575690460.0
31.3.2019 2:59:59 (575693999.0) + 0.0.0 0:01:00 = 575694059.0
31.3.2019 3:00:00 (575694000.0) + 0.0.0 0:01:00 = 575694060.0
1.1.1970 12:00:00 (-978264000.0) + 0.0.0 1:00:00 = -978260400.0
1.1.2000 12:00:00 (-31579200.0) + 0.0.0 1:00:00 = -31575600.0
28.2.2020 23:59:59 (604627199.0) + 0.0.0 1:00:00 = 604630799.0
29.2.2020 0:00:00 (604627200.0) + 0.0.0 1:00:00 = 604630800.0
29.2.2020 23:59:59 (604713599.0) + 0.0.0 1:00:00 = 604717199.0
30.2.2020 0:00:00 (604713600.0) + 0.0.0 1:00:00 = 604717200.0
1.3.2020 0:00:00 (604713600.0) + 0.0.0 1:00:00 = 604717200.0
31.3.2019 1:59:59 (575690399.0) + 0.0.0 1:00:00 = 575693999.0
31.3.2019 2:00:00 (575690400.0) + 0.0.0 1:00:00 = 575694000.0
31.3.2019 2:59:59 (575693999.0) + 0.0.0 1:00:00 = 575697599.0
31.3.2019 3:00:00 (575694000.0) + 0.0.0 1:00:00 = 575697600.0
1.1.1970 12:00:00 (-978264000.0) + 0.0.1 0:00:00 = -946728000.0
1.1.2000 12:00:00 (-31579200.0) + 0.0.1 0:00:00 = 43200.0
28.2.2020 23:59:59 (604627199.0) + 0.0.1 0:00:00 = 636249599.0
29.2.2020 0:00:00 (604627200.0) + 0.0.1 0:00:00 = 636163200.0
29.2.2020 23:59:59 (604713599.0) + 0.0.1 0:00:00 = 636249599.0
30.2.2020 0:00:00 (604713600.0) + 0.0.1 0:00:00 = 636249600.0
1.3.2020 0:00:00 (604713600.0) + 0.0.1 0:00:00 = 636249600.0
31.3.2019 1:59:59 (575690399.0) + 0.0.1 0:00:00 = 607312799.0
31.3.2019 2:00:00 (575690400.0) + 0.0.1 0:00:00 = 607312800.0
31.3.2019 2:59:59 (575693999.0) + 0.0.1 0:00:00 = 607316399.0
31.3.2019 3:00:00 (575694000.0) + 0.0.1 0:00:00 = 607316400.0
1.1.1970 12:00:00 (-978264000.0) + 0.1.0 0:00:00 = -975585600.0
1.1.2000 12:00:00 (-31579200.0) + 0.1.0 0:00:00 = -28900800.0
28.2.2020 23:59:59 (604627199.0) + 0.1.0 0:00:00 = 607132799.0
29.2.2020 0:00:00 (604627200.0) + 0.1.0 0:00:00 = 607132800.0
29.2.2020 23:59:59 (604713599.0) + 0.1.0 0:00:00 = 607219199.0
30.2.2020 0:00:00 (604713600.0) + 0.1.0 0:00:00 = 607392000.0
1.3.2020 0:00:00 (604713600.0) + 0.1.0 0:00:00 = 607392000.0
31.3.2019 1:59:59 (575690399.0) + 0.1.0 0:00:00 = 578282399.0
31.3.2019 2:00:00 (575690400.0) + 0.1.0 0:00:00 = 578282400.0
31.3.2019 2:59:59 (575693999.0) + 0.1.0 0:00:00 = 578285999.0
31.3.2019 3:00:00 (575694000.0) + 0.1.0 0:00:00 = 578286000.0
1.1.1970 12:00:00 (-978264000.0) + 1.0.0 0:00:00 = -978177600.0
1.1.2000 12:00:00 (-31579200.0) + 1.0.0 0:00:00 = -31492800.0
28.2.2020 23:59:59 (604627199.0) + 1.0.0 0:00:00 = 604713599.0
29.2.2020 0:00:00 (604627200.0) + 1.0.0 0:00:00 = 604713600.0
29.2.2020 23:59:59 (604713599.0) + 1.0.0 0:00:00 = 604799999.0
30.2.2020 0:00:00 (604713600.0) + 1.0.0 0:00:00 = 604800000.0
1.3.2020 0:00:00 (604713600.0) + 1.0.0 0:00:00 = 604800000.0
31.3.2019 1:59:59 (575690399.0) + 1.0.0 0:00:00 = 575776799.0
31.3.2019 2:00:00 (575690400.0) + 1.0.0 0:00:00 = 575776800.0
31.3.2019 2:59:59 (575693999.0) + 1.0.0 0:00:00 = 575780399.0
31.3.2019 3:00:00 (575694000.0) + 1.0.0 0:00:00 = 575780400.0
1.1.1970 12:00:00 (-978264000.0) + 0.0.0 0:00:-1 = -978264001.0
1.1.2000 12:00:00 (-31579200.0) + 0.0.0 0:00:-1 = -31579201.0
28.2.2020 23:59:59 (604627199.0) + 0.0.0 0:00:-1 = 604627198.0
29.2.2020 0:00:00 (604627200.0) + 0.0.0 0:00:-1 = 604627199.0
29.2.2020 23:59:59 (604713599.0) + 0.0.0 0:00:-1 = 604713598.0
30.2.2020 0:00:00 (604713600.0) + 0.0.0 0:00:-1 = 604713599.0
1.3.2020 0:00:00 (604713600.0) + 0.0.0 0:00:-1 = 604713599.0
31.3.2019 1:59:59 (575690399.0) + 0.0.0 0:00:-1 = 575690398.0
31.3.2019 2:00:00 (575690400.0) + 0.0.0 0:00:-1 = 575690399.0
31.3.2019 2:59:59 (575693999.0) + 0.0.0 0:00:-1 = 575693998.0
31.3.2019 3:00:00 (575694000.0) + 0.0.0 0:00:-1 = 575693999.0
1.1.1970 12:00:00 (-978264000.0) + 0.0.0 0:-1:00 = -978264060.0
1.1.2000 12:00:00 (-31579200.0) + 0.0.0 0:-1:00 = -31579260.0
28.2.2020 23:59:59 (604627199.0) + 0.0.0 0:-1:00 = 604627139.0
29.2.2020 0:00:00 (604627200.0) + 0.0.0 0:-1:00 = 604627140.0
29.2.2020 23:59:59 (604713599.0) + 0.0.0 0:-1:00 = 604713539.0
30.2.2020 0:00:00 (604713600.0) + 0.0.0 0:-1:00 = 604713540.0
1.3.2020 0:00:00 (604713600.0) + 0.0.0 0:-1:00 = 604713540.0
31.3.2019 1:59:59 (575690399.0) + 0.0.0 0:-1:00 = 575690339.0
31.3.2019 2:00:00 (575690400.0) + 0.0.0 0:-1:00 = 575690340.0
31.3.2019 2:59:59 (575693999.0) + 0.0.0 0:-1:00 = 575693939.0
31.3.2019 3:00:00 (575694000.0) + 0.0.0 0:-1:00 = 575693940.0
1.1.1970 12:00:00 (-978264000.0) + 0.0.0 -1:00:00 = -978267600.0
1.1.2000 12:00:00 (-31579200.0) + 0.0.0 -1:00:00 = -31582800.0
28.2.2020 23:59:59 (604627199.0) + 0.0.0 -1:00:00 = 604623599.0
29.2.2020 0:00:00 (604627200.0) + 0.0.0 -1:00:00 = 604623600.0
29.2.2020 23:59:59 (604713599.0) + 0.0.0 -1:00:00 = 604709999.0
30.2.2020 0:00:00 (604713600.0) + 0.0.0 -1:00:00 = 604710000.0
1.3.2020 0:00:00 (604713600.0) + 0.0.0 -1:00:00 = 604710000.0
31.3.2019 1:59:59 (575690399.0) + 0.0.0 -1:00:00 = 575686799.0
31.3.2019 2:00:00 (575690400.0) + 0.0.0 -1:00:00 = 575686800.0
31.3.2019 2:59:59 (575693999.0) + 0.0.0 -1:00:00 = 575690399.0
31.3.2019 3:00:00 (575694000.0) + 0.0.0 -1:00:00 = 575690400.0
1.1.1970 12:00:00 (-978264000.0) + 0.0.-1 0:00:00 = -1009800000.0
1.1.2000 12:00:00 (-31579200.0) + 0.0.-1 0:00:00 = -63115200.0
28.2.2020 23:59:59 (604627199.0) + 0.0.-1 0:00:00 = 573091199.0
29.2.2020 0:00:00 (604627200.0) + 0.0.-1 0:00:00 = 573004800.0
29.2.2020 23:59:59 (604713599.0) + 0.0.-1 0:00:00 = 573091199.0
30.2.2020 0:00:00 (604713600.0) + 0.0.-1 0:00:00 = 573091200.0
1.3.2020 0:00:00 (604713600.0) + 0.0.-1 0:00:00 = 573091200.0
31.3.2019 1:59:59 (575690399.0) + 0.0.-1 0:00:00 = 544154399.0
31.3.2019 2:00:00 (575690400.0) + 0.0.-1 0:00:00 = 544154400.0
31.3.2019 2:59:59 (575693999.0) + 0.0.-1 0:00:00 = 544157999.0
31.3.2019 3:00:00 (575694000.0) + 0.0.-1 0:00:00 = 544158000.0
1.1.1970 12:00:00 (-978264000.0) + 0.-1.0 0:00:00 = -980942400.0
1.1.2000 12:00:00 (-31579200.0) + 0.-1.0 0:00:00 = -34257600.0
28.2.2020 23:59:59 (604627199.0) + 0.-1.0 0:00:00 = 601948799.0
29.2.2020 0:00:00 (604627200.0) + 0.-1.0 0:00:00 = 601948800.0
29.2.2020 23:59:59 (604713599.0) + 0.-1.0 0:00:00 = 602035199.0
30.2.2020 0:00:00 (604713600.0) + 0.-1.0 0:00:00 = 602208000.0
1.3.2020 0:00:00 (604713600.0) + 0.-1.0 0:00:00 = 602208000.0
31.3.2019 1:59:59 (575690399.0) + 0.-1.0 0:00:00 = 573011999.0
31.3.2019 2:00:00 (575690400.0) + 0.-1.0 0:00:00 = 573012000.0
31.3.2019 2:59:59 (575693999.0) + 0.-1.0 0:00:00 = 573015599.0
31.3.2019 3:00:00 (575694000.0) + 0.-1.0 0:00:00 = 573015600.0
1.1.1970 12:00:00 (-978264000.0) + -1.0.0 0:00:00 = -978350400.0
1.1.2000 12:00:00 (-31579200.0) + -1.0.0 0:00:00 = -31665600.0
28.2.2020 23:59:59 (604627199.0) + -1.0.0 0:00:00 = 604540799.0
29.2.2020 0:00:00 (604627200.0) + -1.0.0 0:00:00 = 604540800.0
29.2.2020 23:59:59 (604713599.0) + -1.0.0 0:00:00 = 604627199.0
30.2.2020 0:00:00 (604713600.0) + -1.0.0 0:00:00 = 604627200.0
1.3.2020 0:00:00 (604713600.0) + -1.0.0 0:00:00 = 604627200.0
31.3.2019 1:59:59 (575690399.0) + -1.0.0 0:00:00 = 575603999.0
31.3.2019 2:00:00 (575690400.0) + -1.0.0 0:00:00 = 575604000.0
31.3.2019 2:59:59 (575693999.0) + -1.0.0 0:00:00 = 575607599.0
31.3.2019 3:00:00 (575694000.0) + -1.0.0 0:00:00 = 575607600.0
1.1.1970 12:00:00 (-978264000.0) + -100.9.3 0:00:00 = -868622400.0
1.1.2000 12:00:00 (-31579200.0) + -100.9.3 0:00:00 = 78062400.0
28.2.2020 23:59:59 (604627199.0) + -100.9.3 0:00:00 = 714268799.0
29.2.2020 0:00:00 (604627200.0) + -100.9.3 0:00:00 = 714182400.0
29.2.2020 23:59:59 (604713599.0) + -100.9.3 0:00:00 = 714268799.0
30.2.2020 0:00:00 (604713600.0) + -100.9.3 0:00:00 = 714441600.0
1.3.2020 0:00:00 (604713600.0) + -100.9.3 0:00:00 = 714441600.0
31.3.2019 1:59:59 (575690399.0) + -100.9.3 0:00:00 = 685504799.0
31.3.2019 2:00:00 (575690400.0) + -100.9.3 0:00:00 = 685504800.0
31.3.2019 2:59:59 (575693999.0) + -100.9.3 0:00:00 = 685508399.0
31.3.2019 3:00:00 (575694000.0) + -100.9.3 0:00:00 = 685508400.0
1.1.1970 12:00:00 (-978264000.0) + 100.-99.0 0:00:00 = -1230033600.0
1.1.2000 12:00:00 (-31579200.0) + 100.-99.0 0:00:00 = -283348800.0
28.2.2020 23:59:59 (604627199.0) + 100.-99.0 0:00:00 = 352857599.0
29.2.2020 0:00:00 (604627200.0) + 100.-99.0 0:00:00 = 352857600.0
29.2.2020 23:59:59 (604713599.0) + 100.-99.0 0:00:00 = 352943999.0
30.2.2020 0:00:00 (604713600.0) + 100.-99.0 0:00:00 = 353030400.0
1.3.2020 0:00:00 (604713600.0) + 100.-99.0 0:00:00 = 353030400.0
31.3.2019 1:59:59 (575690399.0) + 100.-99.0 0:00:00 = 324093599.0
31.3.2019 2:00:00 (575690400.0) + 100.-99.0 0:00:00 = 324093600.0
31.3.2019 2:59:59 (575693999.0) + 100.-99.0 0:00:00 = 324097199.0
31.3.2019 3:00:00 (575694000.0) + 100.-99.0 0:00:00 = 324097200.0
1.1.1970 12:00:00 (-978264000.0) + 0.0.0 0:11020:00 = -977602800.0
1.1.2000 12:00:00 (-31579200.0) + 0.0.0 0:11020:00 = -30918000.0
28.2.2020 23:59:59 (604627199.0) + 0.0.0 0:11020:00 = 605288399.0
29.2.2020 0:00:00 (604627200.0) + 0.0.0 0:11020:00 = 605288400.0
29.2.2020 23:59:59 (604713599.0) + 0.0.0 0:11020:00 = 605374799.0
30.2.2020 0:00:00 (604713600.0) + 0.0.0 0:11020:00 = 605374800.0
1.3.2020 0:00:00 (604713600.0) + 0.0.0 0:11020:00 = 605374800.0
31.3.2019 1:59:59 (575690399.0) + 0.0.0 0:11020:00 = 576351599.0
31.3.2019 2:00:00 (575690400.0) + 0.0.0 0:11020:00 = 576351600.0
31.3.2019 2:59:59 (575693999.0) + 0.0.0 0:11020:00 = 576355199.0
31.3.2019 3:00:00 (575694000.0) + 0.0.0 0:11020:00 = 576355200.0
1.1.1970 12:00:00 (-978264000.0) + 0.0.0 19202:00:00 = -909136800.0
1.1.2000 12:00:00 (-31579200.0) + 0.0.0 19202:00:00 = 37548000.0
28.2.2020 23:59:59 (604627199.0) + 0.0.0 19202:00:00 = 673754399.0
29.2.2020 0:00:00 (604627200.0) + 0.0.0 19202:00:00 = 673754400.0
29.2.2020 23:59:59 (604713599.0) + 0.0.0 19202:00:00 = 673840799.0
30.2.2020 0:00:00 (604713600.0) + 0.0.0 19202:00:00 = 673840800.0
1.3.2020 0:00:00 (604713600.0) + 0.0.0 19202:00:00 = 673840800.0
31.3.2019 1:59:59 (575690399.0) + 0.0.0 19202:00:00 = 644817599.0
31.3.2019 2:00:00 (575690400.0) + 0.0.0 19202:00:00 = 644817600.0
31.3.2019 2:59:59 (575693999.0) + 0.0.0 19202:00:00 = 644821199.0
31.3.2019 3:00:00 (575694000.0) + 0.0.0 19202:00:00 = 644821200.0
